Archive member included to satisfy reference by file (symbol)

c:/progra~1/raspbe~1/picosd~1.1/gcc-ar~1/bin/../lib/gcc/arm-none-eabi/10.3.1/thumb/v6-m/nofp\libgcc.a(_dvmd_tls.o)
                              CMakeFiles/myimu.dir/C_/Program_Files/Raspberry_Pi/Pico_SDK_v1.5.1/pico-sdk/src/rp2_common/pico_divider/divider.S.obj (__aeabi_idiv0)
c:/progra~1/raspbe~1/picosd~1.1/gcc-ar~1/bin/../lib/gcc/arm-none-eabi/10.3.1/../../../../arm-none-eabi/lib/thumb/v6-m/nofp\libg.a(lib_a-calloc.o)
                              CMakeFiles/myimu.dir/C_/Program_Files/Raspberry_Pi/Pico_SDK_v1.5.1/pico-sdk/src/rp2_common/pico_malloc/pico_malloc.c.obj (calloc)
c:/progra~1/raspbe~1/picosd~1.1/gcc-ar~1/bin/../lib/gcc/arm-none-eabi/10.3.1/../../../../arm-none-eabi/lib/thumb/v6-m/nofp\libg.a(lib_a-callocr.o)
                              c:/progra~1/raspbe~1/picosd~1.1/gcc-ar~1/bin/../lib/gcc/arm-none-eabi/10.3.1/../../../../arm-none-eabi/lib/thumb/v6-m/nofp\libg.a(lib_a-calloc.o) (_calloc_r)
c:/progra~1/raspbe~1/picosd~1.1/gcc-ar~1/bin/../lib/gcc/arm-none-eabi/10.3.1/../../../../arm-none-eabi/lib/thumb/v6-m/nofp\libg.a(lib_a-errno.o)
                              c:/progra~1/raspbe~1/picosd~1.1/gcc-ar~1/bin/../lib/gcc/arm-none-eabi/10.3.1/../../../../arm-none-eabi/lib/thumb/v6-m/nofp\libg.a(lib_a-callocr.o) (__errno)
c:/progra~1/raspbe~1/picosd~1.1/gcc-ar~1/bin/../lib/gcc/arm-none-eabi/10.3.1/../../../../arm-none-eabi/lib/thumb/v6-m/nofp\libg.a(lib_a-impure.o)
                              c:/progra~1/raspbe~1/picosd~1.1/gcc-ar~1/bin/../lib/gcc/arm-none-eabi/10.3.1/../../../../arm-none-eabi/lib/thumb/v6-m/nofp\libg.a(lib_a-calloc.o) (_impure_ptr)
c:/progra~1/raspbe~1/picosd~1.1/gcc-ar~1/bin/../lib/gcc/arm-none-eabi/10.3.1/../../../../arm-none-eabi/lib/thumb/v6-m/nofp\libg.a(lib_a-init.o)
                              c:/progra~1/raspbe~1/picosd~1.1/gcc-ar~1/bin/../lib/gcc/arm-none-eabi/10.3.1/../../../../arm-none-eabi/lib/thumb/v6-m/nofp/crt0.o (__libc_init_array)
c:/progra~1/raspbe~1/picosd~1.1/gcc-ar~1/bin/../lib/gcc/arm-none-eabi/10.3.1/../../../../arm-none-eabi/lib/thumb/v6-m/nofp\libg.a(lib_a-malloc.o)
                              CMakeFiles/myimu.dir/C_/Program_Files/Raspberry_Pi/Pico_SDK_v1.5.1/pico-sdk/src/rp2_common/pico_malloc/pico_malloc.c.obj (malloc)
c:/progra~1/raspbe~1/picosd~1.1/gcc-ar~1/bin/../lib/gcc/arm-none-eabi/10.3.1/../../../../arm-none-eabi/lib/thumb/v6-m/nofp\libg.a(lib_a-mallocr.o)
                              c:/progra~1/raspbe~1/picosd~1.1/gcc-ar~1/bin/../lib/gcc/arm-none-eabi/10.3.1/../../../../arm-none-eabi/lib/thumb/v6-m/nofp\libg.a(lib_a-callocr.o) (_malloc_r)
c:/progra~1/raspbe~1/picosd~1.1/gcc-ar~1/bin/../lib/gcc/arm-none-eabi/10.3.1/../../../../arm-none-eabi/lib/thumb/v6-m/nofp\libg.a(lib_a-mlock.o)
                              c:/progra~1/raspbe~1/picosd~1.1/gcc-ar~1/bin/../lib/gcc/arm-none-eabi/10.3.1/../../../../arm-none-eabi/lib/thumb/v6-m/nofp\libg.a(lib_a-mallocr.o) (__malloc_lock)
c:/progra~1/raspbe~1/picosd~1.1/gcc-ar~1/bin/../lib/gcc/arm-none-eabi/10.3.1/../../../../arm-none-eabi/lib/thumb/v6-m/nofp\libg.a(lib_a-realloc.o)
                              CMakeFiles/myimu.dir/C_/Program_Files/Raspberry_Pi/Pico_SDK_v1.5.1/pico-sdk/src/rp2_common/pico_malloc/pico_malloc.c.obj (realloc)
c:/progra~1/raspbe~1/picosd~1.1/gcc-ar~1/bin/../lib/gcc/arm-none-eabi/10.3.1/../../../../arm-none-eabi/lib/thumb/v6-m/nofp\libg.a(lib_a-reallocr.o)
                              c:/progra~1/raspbe~1/picosd~1.1/gcc-ar~1/bin/../lib/gcc/arm-none-eabi/10.3.1/../../../../arm-none-eabi/lib/thumb/v6-m/nofp\libg.a(lib_a-realloc.o) (_realloc_r)
c:/progra~1/raspbe~1/picosd~1.1/gcc-ar~1/bin/../lib/gcc/arm-none-eabi/10.3.1/../../../../arm-none-eabi/lib/thumb/v6-m/nofp\libg.a(lib_a-sbrkr.o)
                              c:/progra~1/raspbe~1/picosd~1.1/gcc-ar~1/bin/../lib/gcc/arm-none-eabi/10.3.1/../../../../arm-none-eabi/lib/thumb/v6-m/nofp\libg.a(lib_a-mallocr.o) (_sbrk_r)
c:/progra~1/raspbe~1/picosd~1.1/gcc-ar~1/bin/../lib/gcc/arm-none-eabi/10.3.1/../../../../arm-none-eabi/lib/thumb/v6-m/nofp\libg.a(lib_a-strlen-stub.o)
                              CMakeFiles/myimu.dir/C_/Program_Files/Raspberry_Pi/Pico_SDK_v1.5.1/pico-sdk/src/rp2_common/pico_stdio/stdio.c.obj (strlen)
c:/progra~1/raspbe~1/picosd~1.1/gcc-ar~1/bin/../lib/gcc/arm-none-eabi/10.3.1/../../../../arm-none-eabi/lib/thumb/v6-m/nofp\libg.a(lib_a-freer.o)
                              c:/progra~1/raspbe~1/picosd~1.1/gcc-ar~1/bin/../lib/gcc/arm-none-eabi/10.3.1/../../../../arm-none-eabi/lib/thumb/v6-m/nofp\libg.a(lib_a-malloc.o) (_free_r)
c:/progra~1/raspbe~1/picosd~1.1/gcc-ar~1/bin/../lib/gcc/arm-none-eabi/10.3.1/../../../../arm-none-eabi/lib/thumb/v6-m/nofp\libg.a(lib_a-lock.o)
                              c:/progra~1/raspbe~1/picosd~1.1/gcc-ar~1/bin/../lib/gcc/arm-none-eabi/10.3.1/../../../../arm-none-eabi/lib/thumb/v6-m/nofp\libg.a(lib_a-mlock.o) (__retarget_lock_acquire_recursive)
[...]
Memory Configuration

Name             Origin             Length             Attributes
FLASH            0x10000000         0x00200000         xr
RAM              0x20000000         0x00040000         xrw
SCRATCH_X        0x20040000         0x00001000         xrw
SCRATCH_Y        0x20041000         0x00001000         xrw
*default*        0x00000000         0xffffffff

Linker script and memory map

LOAD c:/progra~1/raspbe~1/picosd~1.1/gcc-ar~1/bin/../lib/gcc/arm-none-eabi/10.3.1/thumb/v6-m/nofp/crti.o
LOAD c:/progra~1/raspbe~1/picosd~1.1/gcc-ar~1/bin/../lib/gcc/arm-none-eabi/10.3.1/thumb/v6-m/nofp/crtbegin.o
LOAD c:/progra~1/raspbe~1/picosd~1.1/gcc-ar~1/bin/../lib/gcc/arm-none-eabi/10.3.1/../../../../arm-none-eabi/lib/thumb/v6-m/nofp/crt0.o

.flash_begin    0x10000000        0x0
                0x10000000                __flash_binary_start = .

.boot2          0x10000000      0x100
                0x10000000                __boot2_start__ = .
 *(.boot2)
 .boot2         0x10000000      0x100 C:\Users\Acer\AppData\Local\Temp\cc1SDE9j.o
                0x10000100                __boot2_end__ = .
                0x00000001                ASSERT (((__boot2_end__ - __boot2_start__) == 0x100), ERROR: Pico second stage bootloader must be 256 bytes in size)

.text           0x10000100     0x7670
                0x10000100                __logical_binary_start = .
 *(.vectors)
 .vectors       0x10000100       0xd4 CMakeFiles/myimu.dir/C_/Program_Files/Raspberry_Pi/Pico_SDK_v1.5.1/pico-sdk/src/rp2_common/pico_standard_link/crt0.S.obj
                0x10000100                __VECTOR_TABLE
                0x10000100                __vectors
                0x100001c0                isr_invalid
                0x100001c0                __default_isrs_start
                0x100001c2                isr_nmi
                0x100001c4                isr_hardfault
                0x100001c6                isr_svcall
                0x100001c8                isr_pendsv
                0x100001ca                isr_systick
                0x100001cc                isr_irq23
                0x100001cc                isr_irq18
                0x100001cc                isr_irq11
                0x100001cc                isr_irq28
                0x100001cc                isr_irq19
                0x100001cc                isr_irq0
                0x100001cc                isr_irq6
                0x100001cc                isr_irq5
                0x100001cc                isr_irq12
                0x100001cc                isr_irq22
                0x100001cc                isr_irq31
                0x100001cc                isr_irq17
                0x100001cc                isr_irq27
                0x100001cc                isr_irq30
                0x100001cc                isr_irq2
                0x100001cc                isr_irq10
                0x100001cc                isr_irq8
                0x100001cc                isr_irq24
                0x100001cc                isr_irq1
                0x100001cc                isr_irq7
                0x100001cc                isr_irq21
                0x100001cc                isr_irq20
                0x100001cc                isr_irq15
                0x100001cc                isr_irq25
                0x100001cc                isr_irq13
                0x100001cc                __unhandled_user_irq
                0x100001cc                isr_irq4
                0x100001cc                isr_irq16
                0x100001cc                isr_irq29
                0x100001cc                isr_irq26
                0x100001cc                __default_isrs_end
                0x100001cc                isr_irq3
                0x100001cc                isr_irq14
                0x100001cc                isr_irq9
                0x100001d2                unhandled_user_irq_num_in_r0
 *(.binary_info_header)
 .binary_info_header
                0x100001d4       0x14 CMakeFiles/myimu.dir/C_/Program_Files/Raspberry_Pi/Pico_SDK_v1.5.1/pico-sdk/src/rp2_common/pico_standard_link/crt0.S.obj
                0x100001e8                __binary_info_header_end = .
 *(.reset)
 .reset         0x100001e8       0xa0 CMakeFiles/myimu.dir/C_/Program_Files/Raspberry_Pi/Pico_SDK_v1.5.1/pico-sdk/src/rp2_common/pico_standard_link/crt0.S.obj
                0x100001e8                _entry_point
 .reset         0x10000288       0x30 CMakeFiles/myimu.dir/C_/Program_Files/Raspberry_Pi/Pico_SDK_v1.5.1/pico-sdk/src/rp2_common/pico_standard_link/binary_info.c.obj
 *(.init)
 .init          0x100002b8        0x4 c:/progra~1/raspbe~1/picosd~1.1/gcc-ar~1/bin/../lib/gcc/arm-none-eabi/10.3.1/thumb/v6-m/nofp/crti.o
                0x100002b8                _init
 *(EXCLUDE_FILE(*libm.a: *libc.a:*lib_a-mem*.o *libgcc.a:) .text*)
 .text          0x100002bc       0x48 c:/progra~1/raspbe~1/picosd~1.1/gcc-ar~1/bin/../lib/gcc/arm-none-eabi/10.3.1/thumb/v6-m/nofp/crtbegin.o
 .text.main     0x10000304       0xd8 CMakeFiles/myimu.dir/myimu.c.obj
                0x10000304                main
 .text.init_i2c_imu
                0x100003dc       0x28 CMakeFiles/myimu.dir/imu.c.obj
                0x100003dc                init_i2c_imu
 .text.setOffset
                0x10000404       0x24 CMakeFiles/myimu.dir/imu.c.obj
                0x10000404                setOffset
 .text.mpu6050_reset
                0x10000428       0x60 CMakeFiles/myimu.dir/imu.c.obj
                0x10000428                mpu6050_reset
 .text.mpu6050_read_raw
                0x10000488       0xc4 CMakeFiles/myimu.dir/imu.c.obj
                0x10000488                mpu6050_read_raw
 .text.gpio_set_function
                0x1000054c       0x30 CMakeFiles/myimu.dir/C_/Program_Files/Raspberry_Pi/Pico_SDK_v1.5.1/pico-sdk/src/rp2_common/hardware_gpio/gpio.c.obj
                0x1000054c                gpio_set_function
 .text.gpio_set_pulls
                0x1000057c       0x34 CMakeFiles/myimu.dir/C_/Program_Files/Raspberry_Pi/Pico_SDK_v1.5.1/pico-sdk/src/rp2_common/hardware_gpio/gpio.c.obj
                0x1000057c                gpio_set_pulls
 .text.running_on_fpga
                0x100005b0       0x14 CMakeFiles/myimu.dir/C_/Program_Files/Raspberry_Pi/Pico_SDK_v1.5.1/pico-sdk/src/rp2_common/pico_platform/platform.c.obj
                0x100005b0                running_on_fpga
 .text.hw_claim_lock
                0x100005c4       0x18 CMakeFiles/myimu.dir/C_/Program_Files/Raspberry_Pi/Pico_SDK_v1.5.1/pico-sdk/src/rp2_common/hardware_claim/claim.c.obj
                0x100005c4                hw_claim_lock
 .text.hw_claim_unlock
                0x100005dc       0x14 CMakeFiles/myimu.dir/C_/Program_Files/Raspberry_Pi/Pico_SDK_v1.5.1/pico-sdk/src/rp2_common/hardware_claim/claim.c.obj
                0x100005dc                hw_claim_unlock
 .text.hw_claim_or_assert
                0x100005f0       0x32 CMakeFiles/myimu.dir/C_/Program_Files/Raspberry_Pi/Pico_SDK_v1.5.1/pico-sdk/src/rp2_common/hardware_claim/claim.c.obj
                0x100005f0                hw_claim_or_assert
 .text.hw_claim_unused_from_range
                0x10000622       0x50 CMakeFiles/myimu.dir/C_/Program_Files/Raspberry_Pi/Pico_SDK_v1.5.1/pico-sdk/src/rp2_common/hardware_claim/claim.c.obj
                0x10000622                hw_claim_unused_from_range
 *fill*         0x10000672        0x2 
 .text.spin_locks_reset
                0x10000674       0x20 CMakeFiles/myimu.dir/C_/Program_Files/Raspberry_Pi/Pico_SDK_v1.5.1/pico-sdk/src/rp2_common/hardware_sync/sync.c.obj
                0x10000674                spin_locks_reset
 .text.next_striped_spin_lock_num
                0x10000694       0x1c CMakeFiles/myimu.dir/C_/Program_Files/Raspberry_Pi/Pico_SDK_v1.5.1/pico-sdk/src/rp2_common/hardware_sync/sync.c.obj
                0x10000694                next_striped_spin_lock_num
 .text.spin_lock_claim_unused
                0x100006b0       0x20 CMakeFiles/myimu.dir/C_/Program_Files/Raspberry_Pi/Pico_SDK_v1.5.1/pico-sdk/src/rp2_common/hardware_sync/sync.c.obj
                0x100006b0                spin_lock_claim_unused
 .text.set_raw_irq_handler_and_unlock
                0x100006d0       0x28 CMakeFiles/myimu.dir/C_/Program_Files/Raspberry_Pi/Pico_SDK_v1.5.1/pico-sdk/src/rp2_common/hardware_irq/irq.c.obj
 .text.make_branch
                0x100006f8       0x48 CMakeFiles/myimu.dir/C_/Program_Files/Raspberry_Pi/Pico_SDK_v1.5.1/pico-sdk/src/rp2_common/hardware_irq/irq.c.obj
 .text.insert_branch_and_link
                0x10000740       0x40 CMakeFiles/myimu.dir/C_/Program_Files/Raspberry_Pi/Pico_SDK_v1.5.1/pico-sdk/src/rp2_common/hardware_irq/irq.c.obj
 .text.irq_is_enabled
                0x10000780       0x18 CMakeFiles/myimu.dir/C_/Program_Files/Raspberry_Pi/Pico_SDK_v1.5.1/pico-sdk/src/rp2_common/hardware_irq/irq.c.obj
                0x10000780                irq_is_enabled
 .text.irq_set_mask_enabled
                0x10000798       0x20 CMakeFiles/myimu.dir/C_/Program_Files/Raspberry_Pi/Pico_SDK_v1.5.1/pico-sdk/src/rp2_common/hardware_irq/irq.c.obj
                0x10000798                irq_set_mask_enabled
 .text.irq_set_enabled
                0x100007b8        0xe CMakeFiles/myimu.dir/C_/Program_Files/Raspberry_Pi/Pico_SDK_v1.5.1/pico-sdk/src/rp2_common/hardware_irq/irq.c.obj
                0x100007b8                irq_set_enabled
 *fill*         0x100007c6        0x2 
 .text.irq_set_pending
                0x100007c8       0x10 CMakeFiles/myimu.dir/C_/Program_Files/Raspberry_Pi/Pico_SDK_v1.5.1/pico-sdk/src/rp2_common/hardware_irq/irq.c.obj
                0x100007c8                irq_set_pending
 .text.irq_get_vtable_handler
                0x100007d8       0x10 CMakeFiles/myimu.dir/C_/Program_Files/Raspberry_Pi/Pico_SDK_v1.5.1/pico-sdk/src/rp2_common/hardware_irq/irq.c.obj
                0x100007d8                irq_get_vtable_handler
 .text.irq_has_shared_handler
                0x100007e8       0x24 CMakeFiles/myimu.dir/C_/Program_Files/Raspberry_Pi/Pico_SDK_v1.5.1/pico-sdk/src/rp2_common/hardware_irq/irq.c.obj
                0x100007e8                irq_has_shared_handler
 .text.irq_set_exclusive_handler
                0x1000080c       0x54 CMakeFiles/myimu.dir/C_/Program_Files/Raspberry_Pi/Pico_SDK_v1.5.1/pico-sdk/src/rp2_common/hardware_irq/irq.c.obj
                0x1000080c                irq_set_exclusive_handler
 .text.irq_add_shared_handler
                0x10000860      0x234 CMakeFiles/myimu.dir/C_/Program_Files/Raspberry_Pi/Pico_SDK_v1.5.1/pico-sdk/src/rp2_common/hardware_irq/irq.c.obj
                0x10000860                irq_add_shared_handler
 .text.irq_remove_handler
                0x10000a94      0x1ac CMakeFiles/myimu.dir/C_/Program_Files/Raspberry_Pi/Pico_SDK_v1.5.1/pico-sdk/src/rp2_common/hardware_irq/irq.c.obj
                0x10000a94                irq_remove_handler
 .text.irq_add_tail_to_free_list
                0x10000c40       0xf0 CMakeFiles/myimu.dir/C_/Program_Files/Raspberry_Pi/Pico_SDK_v1.5.1/pico-sdk/src/rp2_common/hardware_irq/irq.c.obj
                0x10000c40                irq_add_tail_to_free_list
 .text.irq_init_priorities
                0x10000d30       0x1c CMakeFiles/myimu.dir/C_/Program_Files/Raspberry_Pi/Pico_SDK_v1.5.1/pico-sdk/src/rp2_common/hardware_irq/irq.c.obj
                0x10000d30                irq_init_priorities
 .text.user_irq_claim_unused
                0x10000d4c       0x28 CMakeFiles/myimu.dir/C_/Program_Files/Raspberry_Pi/Pico_SDK_v1.5.1/pico-sdk/src/rp2_common/hardware_irq/irq.c.obj
                0x10000d4c                user_irq_claim_unused
 .text.lock_init
                0x10000d74       0x10 CMakeFiles/myimu.dir/C_/Program_Files/Raspberry_Pi/Pico_SDK_v1.5.1/pico-sdk/src/common/pico_sync/lock_core.c.obj
                0x10000d74                lock_init
 .text.mutex_init
                0x10000d84       0x1a CMakeFiles/myimu.dir/C_/Program_Files/Raspberry_Pi/Pico_SDK_v1.5.1/pico-sdk/src/common/pico_sync/mutex.c.obj
                0x10000d84                mutex_init
 .text.recursive_mutex_init
                0x10000d9e       0x1e CMakeFiles/myimu.dir/C_/Program_Files/Raspberry_Pi/Pico_SDK_v1.5.1/pico-sdk/src/common/pico_sync/mutex.c.obj
                0x10000d9e                recursive_mutex_init
 .text.critical_section_init_with_lock_num
                0x10000dbc       0x14 CMakeFiles/myimu.dir/C_/Program_Files/Raspberry_Pi/Pico_SDK_v1.5.1/pico-sdk/src/common/pico_sync/critical_section.c.obj
                0x10000dbc                critical_section_init_with_lock_num
 .text.critical_section_init
                0x10000dd0       0x14 CMakeFiles/myimu.dir/C_/Program_Files/Raspberry_Pi/Pico_SDK_v1.5.1/pico-sdk/src/common/pico_sync/critical_section.c.obj
                0x10000dd0                critical_section_init
 .text.alarm_pool_post_alloc_init
                0x10000de4       0x40 CMakeFiles/myimu.dir/C_/Program_Files/Raspberry_Pi/Pico_SDK_v1.5.1/pico-sdk/src/common/pico_time/time.c.obj
 .text.sleep_until_callback
                0x10000e24       0x30 CMakeFiles/myimu.dir/C_/Program_Files/Raspberry_Pi/Pico_SDK_v1.5.1/pico-sdk/src/common/pico_time/time.c.obj
 .text.timer_pool_entry_comparator
                0x10000e54       0x7c CMakeFiles/myimu.dir/C_/Program_Files/Raspberry_Pi/Pico_SDK_v1.5.1/pico-sdk/src/common/pico_time/time.c.obj
                0x10000e54                timer_pool_entry_comparator
 .text.ph_add_child_node
                0x10000ed0       0xa4 CMakeFiles/myimu.dir/C_/Program_Files/Raspberry_Pi/Pico_SDK_v1.5.1/pico-sdk/src/common/pico_time/time.c.obj
 .text.ph_merge_nodes
                0x10000f74       0x3e CMakeFiles/myimu.dir/C_/Program_Files/Raspberry_Pi/Pico_SDK_v1.5.1/pico-sdk/src/common/pico_time/time.c.obj
 *fill*         0x10000fb2        0x2 
 .text.add_alarm_under_lock
                0x10000fb4      0x174 CMakeFiles/myimu.dir/C_/Program_Files/Raspberry_Pi/Pico_SDK_v1.5.1/pico-sdk/src/common/pico_time/time.c.obj
 .text.alarm_pool_alarm_callback
                0x10001128      0x33c CMakeFiles/myimu.dir/C_/Program_Files/Raspberry_Pi/Pico_SDK_v1.5.1/pico-sdk/src/common/pico_time/time.c.obj
 .text.alarm_pool_init_default
                0x10001464       0x40 CMakeFiles/myimu.dir/C_/Program_Files/Raspberry_Pi/Pico_SDK_v1.5.1/pico-sdk/src/common/pico_time/time.c.obj
                0x10001464                alarm_pool_init_default
 .text.alarm_pool_get_default
                0x100014a4       0x2c CMakeFiles/myimu.dir/C_/Program_Files/Raspberry_Pi/Pico_SDK_v1.5.1/pico-sdk/src/common/pico_time/time.c.obj
                0x100014a4                alarm_pool_get_default
 .text.alarm_pool_add_alarm_at
                0x100014d0      0x168 CMakeFiles/myimu.dir/C_/Program_Files/Raspberry_Pi/Pico_SDK_v1.5.1/pico-sdk/src/common/pico_time/time.c.obj
                0x100014d0                alarm_pool_add_alarm_at
 .text.alarm_pool_cancel_alarm
                0x10001638       0xf8 CMakeFiles/myimu.dir/C_/Program_Files/Raspberry_Pi/Pico_SDK_v1.5.1/pico-sdk/src/common/pico_time/time.c.obj
                0x10001638                alarm_pool_cancel_alarm
 .text.alarm_pool_core_num
                0x10001730        0x4 CMakeFiles/myimu.dir/C_/Program_Files/Raspberry_Pi/Pico_SDK_v1.5.1/pico-sdk/src/common/pico_time/time.c.obj
                0x10001730                alarm_pool_core_num
 .text.sleep_until
                0x10001734       0xfc CMakeFiles/myimu.dir/C_/Program_Files/Raspberry_Pi/Pico_SDK_v1.5.1/pico-sdk/src/common/pico_time/time.c.obj
                0x10001734                sleep_until
 .text.sleep_us
                0x10001830       0x58 CMakeFiles/myimu.dir/C_/Program_Files/Raspberry_Pi/Pico_SDK_v1.5.1/pico-sdk/src/common/pico_time/time.c.obj
                0x10001830                sleep_us
 .text.sleep_ms
                0x10001888       0x14 CMakeFiles/myimu.dir/C_/Program_Files/Raspberry_Pi/Pico_SDK_v1.5.1/pico-sdk/src/common/pico_time/time.c.obj
                0x10001888                sleep_ms
 .text.best_effort_wfe_or_timeout
                0x1000189c       0xac CMakeFiles/myimu.dir/C_/Program_Files/Raspberry_Pi/Pico_SDK_v1.5.1/pico-sdk/src/common/pico_time/time.c.obj
                0x1000189c                best_effort_wfe_or_timeout
 .text.hardware_alarm_irq_handler
                0x10001948       0x90 CMakeFiles/myimu.dir/C_/Program_Files/Raspberry_Pi/Pico_SDK_v1.5.1/pico-sdk/src/rp2_common/hardware_timer/timer.c.obj
 .text.hardware_alarm_claim
                0x100019d8       0x18 CMakeFiles/myimu.dir/C_/Program_Files/Raspberry_Pi/Pico_SDK_v1.5.1/pico-sdk/src/rp2_common/hardware_timer/timer.c.obj
                0x100019d8                hardware_alarm_claim
 .text.time_us_64
                0x100019f0       0x18 CMakeFiles/myimu.dir/C_/Program_Files/Raspberry_Pi/Pico_SDK_v1.5.1/pico-sdk/src/rp2_common/hardware_timer/timer.c.obj
                0x100019f0                time_us_64
 .text.busy_wait_until
                0x10001a08       0x28 CMakeFiles/myimu.dir/C_/Program_Files/Raspberry_Pi/Pico_SDK_v1.5.1/pico-sdk/src/rp2_common/hardware_timer/timer.c.obj
                0x10001a08                busy_wait_until
 .text.busy_wait_us
                0x10001a30       0x48 CMakeFiles/myimu.dir/C_/Program_Files/Raspberry_Pi/Pico_SDK_v1.5.1/pico-sdk/src/rp2_common/hardware_timer/timer.c.obj
                0x10001a30                busy_wait_us
 .text.hardware_alarm_set_callback
                0x10001a78       0x90 CMakeFiles/myimu.dir/C_/Program_Files/Raspberry_Pi/Pico_SDK_v1.5.1/pico-sdk/src/rp2_common/hardware_timer/timer.c.obj
                0x10001a78                hardware_alarm_set_callback
 .text.hardware_alarm_set_target
                0x10001b08       0xe8 CMakeFiles/myimu.dir/C_/Program_Files/Raspberry_Pi/Pico_SDK_v1.5.1/pico-sdk/src/rp2_common/hardware_timer/timer.c.obj
                0x10001b08                hardware_alarm_set_target
 .text.hardware_alarm_cancel
                0x10001bf0       0x40 CMakeFiles/myimu.dir/C_/Program_Files/Raspberry_Pi/Pico_SDK_v1.5.1/pico-sdk/src/rp2_common/hardware_timer/timer.c.obj
                0x10001bf0                hardware_alarm_cancel
 .text.ph_add_child_node
                0x10001c30       0xa4 CMakeFiles/myimu.dir/C_/Program_Files/Raspberry_Pi/Pico_SDK_v1.5.1/pico-sdk/src/common/pico_util/pheap.c.obj
 .text.ph_merge_nodes
                0x10001cd4       0x3e CMakeFiles/myimu.dir/C_/Program_Files/Raspberry_Pi/Pico_SDK_v1.5.1/pico-sdk/src/common/pico_util/pheap.c.obj
 *fill*         0x10001d12        0x2 
 .text.ph_clear
                0x10001d14       0x70 CMakeFiles/myimu.dir/C_/Program_Files/Raspberry_Pi/Pico_SDK_v1.5.1/pico-sdk/src/common/pico_util/pheap.c.obj
                0x10001d14                ph_clear
 .text.ph_post_alloc_init
                0x10001d84        0xe CMakeFiles/myimu.dir/C_/Program_Files/Raspberry_Pi/Pico_SDK_v1.5.1/pico-sdk/src/common/pico_util/pheap.c.obj
                0x10001d84                ph_post_alloc_init
 *fill*         0x10001d92        0x2 
 .text.ph_merge_two_pass
                0x10001d94       0xa8 CMakeFiles/myimu.dir/C_/Program_Files/Raspberry_Pi/Pico_SDK_v1.5.1/pico-sdk/src/common/pico_util/pheap.c.obj
                0x10001d94                ph_merge_two_pass
 .text.ph_remove_any_head
                0x10001e3c      0x128 CMakeFiles/myimu.dir/C_/Program_Files/Raspberry_Pi/Pico_SDK_v1.5.1/pico-sdk/src/common/pico_util/pheap.c.obj
 .text.ph_remove_head
                0x10001f64       0x14 CMakeFiles/myimu.dir/C_/Program_Files/Raspberry_Pi/Pico_SDK_v1.5.1/pico-sdk/src/common/pico_util/pheap.c.obj
                0x10001f64                ph_remove_head
 .text.ph_remove_and_free_node
                0x10001f78       0xf8 CMakeFiles/myimu.dir/C_/Program_Files/Raspberry_Pi/Pico_SDK_v1.5.1/pico-sdk/src/common/pico_util/pheap.c.obj
                0x10001f78                ph_remove_and_free_node
 .text.uart_disable_before_lcr_write
                0x10002070       0x48 CMakeFiles/myimu.dir/C_/Program_Files/Raspberry_Pi/Pico_SDK_v1.5.1/pico-sdk/src/rp2_common/hardware_uart/uart.c.obj
 .text.uart_write_lcr_bits_masked
                0x100020b8       0x22 CMakeFiles/myimu.dir/C_/Program_Files/Raspberry_Pi/Pico_SDK_v1.5.1/pico-sdk/src/rp2_common/hardware_uart/uart.c.obj
 *fill*         0x100020da        0x2 
 .text.uart_set_baudrate
                0x100020dc       0x5c CMakeFiles/myimu.dir/C_/Program_Files/Raspberry_Pi/Pico_SDK_v1.5.1/pico-sdk/src/rp2_common/hardware_uart/uart.c.obj
                0x100020dc                uart_set_baudrate
 .text.uart_set_format
                0x10002138       0x2c CMakeFiles/myimu.dir/C_/Program_Files/Raspberry_Pi/Pico_SDK_v1.5.1/pico-sdk/src/rp2_common/hardware_uart/uart.c.obj
                0x10002138                uart_set_format
 .text.uart_set_translate_crlf
                0x10002164       0x28 CMakeFiles/myimu.dir/C_/Program_Files/Raspberry_Pi/Pico_SDK_v1.5.1/pico-sdk/src/rp2_common/hardware_uart/uart.c.obj
                0x10002164                uart_set_translate_crlf
 .text.uart_init
                0x1000218c       0x80 CMakeFiles/myimu.dir/C_/Program_Files/Raspberry_Pi/Pico_SDK_v1.5.1/pico-sdk/src/rp2_common/hardware_uart/uart.c.obj
                0x1000218c                uart_init
 .text.clock_configure
                0x1000220c      0x108 CMakeFiles/myimu.dir/C_/Program_Files/Raspberry_Pi/Pico_SDK_v1.5.1/pico-sdk/src/rp2_common/hardware_clocks/clocks.c.obj
                0x1000220c                clock_configure
 .text.clocks_init
                0x10002314      0x100 CMakeFiles/myimu.dir/C_/Program_Files/Raspberry_Pi/Pico_SDK_v1.5.1/pico-sdk/src/rp2_common/hardware_clocks/clocks.c.obj
                0x10002314                clocks_init
 .text.clock_get_hz
                0x10002414        0xc CMakeFiles/myimu.dir/C_/Program_Files/Raspberry_Pi/Pico_SDK_v1.5.1/pico-sdk/src/rp2_common/hardware_clocks/clocks.c.obj
                0x10002414                clock_get_hz
 .text.pll_init
                0x10002420      0x120 CMakeFiles/myimu.dir/C_/Program_Files/Raspberry_Pi/Pico_SDK_v1.5.1/pico-sdk/src/rp2_common/hardware_pll/pll.c.obj
                0x10002420                pll_init
 .text.watchdog_start_tick
                0x10002540       0x10 CMakeFiles/myimu.dir/C_/Program_Files/Raspberry_Pi/Pico_SDK_v1.5.1/pico-sdk/src/rp2_common/hardware_watchdog/watchdog.c.obj
                0x10002540                watchdog_start_tick
 .text.watchdog_update
                0x10002550       0x14 CMakeFiles/myimu.dir/C_/Program_Files/Raspberry_Pi/Pico_SDK_v1.5.1/pico-sdk/src/rp2_common/hardware_watchdog/watchdog.c.obj
                0x10002550                watchdog_update
 .text._watchdog_enable
                0x10002564       0x78 CMakeFiles/myimu.dir/C_/Program_Files/Raspberry_Pi/Pico_SDK_v1.5.1/pico-sdk/src/rp2_common/hardware_watchdog/watchdog.c.obj
                0x10002564                _watchdog_enable
 .text.watchdog_reboot
                0x100025dc       0x48 CMakeFiles/myimu.dir/C_/Program_Files/Raspberry_Pi/Pico_SDK_v1.5.1/pico-sdk/src/rp2_common/hardware_watchdog/watchdog.c.obj
                0x100025dc                watchdog_reboot
 .text.xosc_init
                0x10002624       0x28 CMakeFiles/myimu.dir/C_/Program_Files/Raspberry_Pi/Pico_SDK_v1.5.1/pico-sdk/src/rp2_common/hardware_xosc/xosc.c.obj
                0x10002624                xosc_init
 .text._exit    0x1000264c        0x4 CMakeFiles/myimu.dir/C_/Program_Files/Raspberry_Pi/Pico_SDK_v1.5.1/pico-sdk/src/rp2_common/pico_runtime/runtime.c.obj
                0x1000264c                _exit
 .text.exit     0x10002650        0x6 CMakeFiles/myimu.dir/C_/Program_Files/Raspberry_Pi/Pico_SDK_v1.5.1/pico-sdk/src/rp2_common/pico_runtime/runtime.c.obj
                0x10002650                exit
 *fill*         0x10002656        0x2 
 .text.__assert_func
                0x10002658       0x3c CMakeFiles/myimu.dir/C_/Program_Files/Raspberry_Pi/Pico_SDK_v1.5.1/pico-sdk/src/rp2_common/pico_runtime/runtime.c.obj
                0x10002658                __assert_func
 .text.runtime_init
                0x10002694       0xf8 CMakeFiles/myimu.dir/C_/Program_Files/Raspberry_Pi/Pico_SDK_v1.5.1/pico-sdk/src/rp2_common/pico_runtime/runtime.c.obj
                0x10002694                runtime_init
 .text.panic    0x1000278c       0x30 CMakeFiles/myimu.dir/C_/Program_Files/Raspberry_Pi/Pico_SDK_v1.5.1/pico-sdk/src/rp2_common/pico_runtime/runtime.c.obj
                0x1000278c                panic
 .text._out_null
                0x100027bc        0x2 CMakeFiles/myimu.dir/C_/Program_Files/Raspberry_Pi/Pico_SDK_v1.5.1/pico-sdk/src/rp2_common/pico_printf/printf.c.obj
 .text._out_fct
                0x100027be        0xe CMakeFiles/myimu.dir/C_/Program_Files/Raspberry_Pi/Pico_SDK_v1.5.1/pico-sdk/src/rp2_common/pico_printf/printf.c.obj
 .text._atoi    0x100027cc       0x24 CMakeFiles/myimu.dir/C_/Program_Files/Raspberry_Pi/Pico_SDK_v1.5.1/pico-sdk/src/rp2_common/pico_printf/printf.c.obj
 .text._out_rev
                0x100027f0       0xae CMakeFiles/myimu.dir/C_/Program_Files/Raspberry_Pi/Pico_SDK_v1.5.1/pico-sdk/src/rp2_common/pico_printf/printf.c.obj
 .text._ntoa_format
                0x1000289e      0x112 CMakeFiles/myimu.dir/C_/Program_Files/Raspberry_Pi/Pico_SDK_v1.5.1/pico-sdk/src/rp2_common/pico_printf/printf.c.obj
 .text._ntoa_long
                0x100029b0       0xbc CMakeFiles/myimu.dir/C_/Program_Files/Raspberry_Pi/Pico_SDK_v1.5.1/pico-sdk/src/rp2_common/pico_printf/printf.c.obj
 .text._ntoa_long_long
                0x10002a6c       0xe2 CMakeFiles/myimu.dir/C_/Program_Files/Raspberry_Pi/Pico_SDK_v1.5.1/pico-sdk/src/rp2_common/pico_printf/printf.c.obj
 *fill*         0x10002b4e        0x2 
 .text._etoa    0x10002b50      0x414 CMakeFiles/myimu.dir/C_/Program_Files/Raspberry_Pi/Pico_SDK_v1.5.1/pico-sdk/src/rp2_common/pico_printf/printf.c.obj
 .text._ftoa    0x10002f64      0x354 CMakeFiles/myimu.dir/C_/Program_Files/Raspberry_Pi/Pico_SDK_v1.5.1/pico-sdk/src/rp2_common/pico_printf/printf.c.obj
 .text._vsnprintf
                0x100032b8      0x624 CMakeFiles/myimu.dir/C_/Program_Files/Raspberry_Pi/Pico_SDK_v1.5.1/pico-sdk/src/rp2_common/pico_printf/printf.c.obj
 .text.vfctprintf
                0x100038dc       0x20 CMakeFiles/myimu.dir/C_/Program_Files/Raspberry_Pi/Pico_SDK_v1.5.1/pico-sdk/src/rp2_common/pico_printf/printf.c.obj
                0x100038dc                vfctprintf
 .text          0x100038fc       0x10 CMakeFiles/myimu.dir/C_/Program_Files/Raspberry_Pi/Pico_SDK_v1.5.1/pico-sdk/src/rp2_common/pico_bit_ops/bit_ops_aeabi.S.obj
 .text.rom_func_lookup
                0x1000390c       0x10 CMakeFiles/myimu.dir/C_/Program_Files/Raspberry_Pi/Pico_SDK_v1.5.1/pico-sdk/src/rp2_common/pico_bootrom/bootrom.c.obj
                0x1000390c                rom_func_lookup
 .text.rom_data_lookup
                0x1000391c       0x10 CMakeFiles/myimu.dir/C_/Program_Files/Raspberry_Pi/Pico_SDK_v1.5.1/pico-sdk/src/rp2_common/pico_bootrom/bootrom.c.obj
                0x1000391c                rom_data_lookup
 .text.rom_funcs_lookup
                0x1000392c       0x36 CMakeFiles/myimu.dir/C_/Program_Files/Raspberry_Pi/Pico_SDK_v1.5.1/pico-sdk/src/rp2_common/pico_bootrom/bootrom.c.obj
                0x1000392c                rom_funcs_lookup
 *fill*         0x10003962        0x2 
 .text.__wrap___aeabi_idiv
                0x10003964       0x50 CMakeFiles/myimu.dir/C_/Program_Files/Raspberry_Pi/Pico_SDK_v1.5.1/pico-sdk/src/rp2_common/pico_divider/divider.S.obj
                0x10003964                __wrap___aeabi_idivmod
                0x10003964                divmod_s32s32
                0x10003964                div_s32s32
                0x10003964                __wrap___aeabi_idiv
                0x1000396c                divmod_s32s32_unsafe
                0x10003998                divmod_s32s32_savestate
 .text.__wrap___aeabi_uidiv
                0x100039b4       0x4c CMakeFiles/myimu.dir/C_/Program_Files/Raspberry_Pi/Pico_SDK_v1.5.1/pico-sdk/src/rp2_common/pico_divider/divider.S.obj
                0x100039b4                __wrap___aeabi_uidiv
                0x100039b4                __wrap___aeabi_uidivmod
                0x100039b4                div_u32u32
                0x100039b4                divmod_u32u32
                0x100039bc                divmod_u32u32_unsafe
                0x100039e4                divmod_u32u32_savestate
 .text.__wrap___aeabi_ldiv
                0x10003a00      0x424 CMakeFiles/myimu.dir/C_/Program_Files/Raspberry_Pi/Pico_SDK_v1.5.1/pico-sdk/src/rp2_common/pico_divider/divider.S.obj
                0x10003a00                div_s64s64
                0x10003a00                divmod_s64s64
                0x10003a00                __wrap___aeabi_ldivmod
                0x10003a30                divmod_u64u64
                0x10003a30                div_u64u64
                0x10003a30                __wrap___aeabi_uldivmod
                0x10003a40                divmod_u64u64_savestate
                0x10003a60                divmod_s64s64_unsafe
                0x10003ae8                divmod_u64u64_unsafe
 .text.__wrap___aeabi_darithmetic
                0x10003e24       0x80 CMakeFiles/myimu.dir/C_/Program_Files/Raspberry_Pi/Pico_SDK_v1.5.1/pico-sdk/src/rp2_common/pico_double/double_aeabi.S.obj
                0x10003e24                __wrap___aeabi_drsub
                0x10003e2a                __wrap___aeabi_dsub
                0x10003e3c                __wrap___aeabi_dadd
                0x10003e4e                __wrap___aeabi_ddiv
                0x10003e8a                __wrap___aeabi_dmul
 .text.__wrap___aeabi_cdcmple
                0x10003ea4       0x6c CMakeFiles/myimu.dir/C_/Program_Files/Raspberry_Pi/Pico_SDK_v1.5.1/pico-sdk/src/rp2_common/pico_double/double_aeabi.S.obj
                0x10003ea4                __wrap___aeabi_cdrcmple
                0x10003eb4                __wrap___aeabi_cdcmpeq
                0x10003eb4                __wrap___aeabi_cdcmple
 .text.__wrap___aeabi_dcmplt
                0x10003f10        0xc CMakeFiles/myimu.dir/C_/Program_Files/Raspberry_Pi/Pico_SDK_v1.5.1/pico-sdk/src/rp2_common/pico_double/double_aeabi.S.obj
                0x10003f10                __wrap___aeabi_dcmplt
 .text.__wrap___aeabi_dcmple
                0x10003f1c       0x10 CMakeFiles/myimu.dir/C_/Program_Files/Raspberry_Pi/Pico_SDK_v1.5.1/pico-sdk/src/rp2_common/pico_double/double_aeabi.S.obj
                0x10003f1c                __wrap___aeabi_dcmple
 .text.__wrap___aeabi_dcmpge
                0x10003f2c       0x10 CMakeFiles/myimu.dir/C_/Program_Files/Raspberry_Pi/Pico_SDK_v1.5.1/pico-sdk/src/rp2_common/pico_double/double_aeabi.S.obj
                0x10003f2c                __wrap___aeabi_dcmpge
 .text.__wrap___aeabi_dcmpgt
                0x10003f3c        0xa CMakeFiles/myimu.dir/C_/Program_Files/Raspberry_Pi/Pico_SDK_v1.5.1/pico-sdk/src/rp2_common/pico_double/double_aeabi.S.obj
                0x10003f3c                __wrap___aeabi_dcmpgt
 .text.__wrap___aeabi_dcmpun
                0x10003f46       0x1c CMakeFiles/myimu.dir/C_/Program_Files/Raspberry_Pi/Pico_SDK_v1.5.1/pico-sdk/src/rp2_common/pico_double/double_aeabi.S.obj
                0x10003f46                __wrap___aeabi_dcmpun
 *fill*         0x10003f62        0x2 
 .text.__wrap___aeabi_i2d
                0x10003f64       0x38 CMakeFiles/myimu.dir/C_/Program_Files/Raspberry_Pi/Pico_SDK_v1.5.1/pico-sdk/src/rp2_common/pico_double/double_aeabi.S.obj
                0x10003f64                __wrap___aeabi_ui2d
                0x10003f6c                __wrap___aeabi_i2d
 .text.__wrap___aeabi_d2iz
                0x10003f9c       0x48 CMakeFiles/myimu.dir/C_/Program_Files/Raspberry_Pi/Pico_SDK_v1.5.1/pico-sdk/src/rp2_common/pico_double/double_aeabi.S.obj
                0x10003f9c                double2int_z
                0x10003f9c                __wrap___aeabi_d2iz
 .text.__wrap___aeabi_d2uiz
                0x10003fe4       0x18 CMakeFiles/myimu.dir/C_/Program_Files/Raspberry_Pi/Pico_SDK_v1.5.1/pico-sdk/src/rp2_common/pico_double/double_aeabi.S.obj
                0x10003fe4                __wrap___aeabi_d2uiz
                0x10003fe4                double2uint
 .text.__aeabi_double_init
                0x10003ffc       0xc8 CMakeFiles/myimu.dir/C_/Program_Files/Raspberry_Pi/Pico_SDK_v1.5.1/pico-sdk/src/rp2_common/pico_double/double_init_rom.c.obj
                0x10003ffc                __aeabi_double_init
 .text.double_table_shim_on_use_helper
                0x100040c4       0x34 CMakeFiles/myimu.dir/C_/Program_Files/Raspberry_Pi/Pico_SDK_v1.5.1/pico-sdk/src/rp2_common/pico_double/double_v1_rom_shim.S.obj
                0x100040c4                double_table_shim_on_use_helper
 .text.__wrap___aeabi_dsub
                0x100040f8       0x10 CMakeFiles/myimu.dir/C_/Program_Files/Raspberry_Pi/Pico_SDK_v1.5.1/pico-sdk/src/rp2_common/pico_double/double_v1_rom_shim.S.obj
                0x100040f8                drsub_shim
                0x100040fe                dsub_shim
 .text.dadd_shim
                0x10004108      0x15c CMakeFiles/myimu.dir/C_/Program_Files/Raspberry_Pi/Pico_SDK_v1.5.1/pico-sdk/src/rp2_common/pico_double/double_v1_rom_shim.S.obj
                0x10004108                dadd_shim
 .text.dmul_shim
                0x10004264      0x15c CMakeFiles/myimu.dir/C_/Program_Files/Raspberry_Pi/Pico_SDK_v1.5.1/pico-sdk/src/rp2_common/pico_double/double_v1_rom_shim.S.obj
                0x10004264                dmul_shim
 .text.ddiv_shim
                0x100043c0      0x1b0 CMakeFiles/myimu.dir/C_/Program_Files/Raspberry_Pi/Pico_SDK_v1.5.1/pico-sdk/src/rp2_common/pico_double/double_v1_rom_shim.S.obj
                0x100043c0                ddiv_shim
 .text.double2uint_shim
                0x10004570        0xe CMakeFiles/myimu.dir/C_/Program_Files/Raspberry_Pi/Pico_SDK_v1.5.1/pico-sdk/src/rp2_common/pico_double/double_v1_rom_shim.S.obj
                0x10004570                double2uint_shim
                0x10004572                double2ufix_shim
 *fill*         0x1000457e        0x2 
 .text.double2uint64_shim
                0x10004580       0x70 CMakeFiles/myimu.dir/C_/Program_Files/Raspberry_Pi/Pico_SDK_v1.5.1/pico-sdk/src/rp2_common/pico_double/double_v1_rom_shim.S.obj
                0x10004580                double2uint64_shim
                0x10004582                double2ufix64_shim
                0x100045a2                d2fix_a
 .text.dunpacks
                0x100045f0       0x3c CMakeFiles/myimu.dir/C_/Program_Files/Raspberry_Pi/Pico_SDK_v1.5.1/pico-sdk/src/rp2_common/pico_double/double_v1_rom_shim.S.obj
                0x100045f0                dunpacks
 .text.__aeabi_lmul
                0x1000462c       0x32 CMakeFiles/myimu.dir/C_/Program_Files/Raspberry_Pi/Pico_SDK_v1.5.1/pico-sdk/src/rp2_common/pico_int64_ops/pico_int64_ops_aeabi.S.obj
                0x1000462c                __wrap___aeabi_lmul
 *fill*         0x1000465e        0x2 
 .text.__aeabi_float_init
                0x10004660       0xfc CMakeFiles/myimu.dir/C_/Program_Files/Raspberry_Pi/Pico_SDK_v1.5.1/pico-sdk/src/rp2_common/pico_float/float_init_rom.c.obj
                0x10004660                __aeabi_float_init
 .text.float_table_shim_on_use_helper
                0x1000475c       0x34 CMakeFiles/myimu.dir/C_/Program_Files/Raspberry_Pi/Pico_SDK_v1.5.1/pico-sdk/src/rp2_common/pico_float/float_v1_rom_shim.S.obj
                0x1000475c                float_table_shim_on_use_helper
 .text          0x10004790       0x10 CMakeFiles/myimu.dir/C_/Program_Files/Raspberry_Pi/Pico_SDK_v1.5.1/pico-sdk/src/rp2_common/pico_mem_ops/mem_ops_aeabi.S.obj
                0x10004790                __aeabi_mem_init
 .text.memset   0x100047a0        0xc CMakeFiles/myimu.dir/C_/Program_Files/Raspberry_Pi/Pico_SDK_v1.5.1/pico-sdk/src/rp2_common/pico_mem_ops/mem_ops_aeabi.S.obj
                0x100047a0                __wrap_memset
 .text.memcpy   0x100047ac        0xc CMakeFiles/myimu.dir/C_/Program_Files/Raspberry_Pi/Pico_SDK_v1.5.1/pico-sdk/src/rp2_common/pico_mem_ops/mem_ops_aeabi.S.obj
                0x100047ac                __wrap_memcpy
                0x100047ac                __wrap___aeabi_memcpy
 .text.stdio_out_chars_no_crlf
                0x100047b8        0xe CMakeFiles/myimu.dir/C_/Program_Files/Raspberry_Pi/Pico_SDK_v1.5.1/pico-sdk/src/rp2_common/pico_stdio/stdio.c.obj
 *fill*         0x100047c6        0x2 
 .text.stdio_out_chars_crlf
                0x100047c8       0x80 CMakeFiles/myimu.dir/C_/Program_Files/Raspberry_Pi/Pico_SDK_v1.5.1/pico-sdk/src/rp2_common/pico_stdio/stdio.c.obj
 .text.stdio_stack_buffer_flush
                0x10004848       0x44 CMakeFiles/myimu.dir/C_/Program_Files/Raspberry_Pi/Pico_SDK_v1.5.1/pico-sdk/src/rp2_common/pico_stdio/stdio.c.obj
 .text.stdio_buffered_printer
                0x1000488c       0x20 CMakeFiles/myimu.dir/C_/Program_Files/Raspberry_Pi/Pico_SDK_v1.5.1/pico-sdk/src/rp2_common/pico_stdio/stdio.c.obj
 .text.stdout_serialize_begin
                0x100048ac       0x5c CMakeFiles/myimu.dir/C_/Program_Files/Raspberry_Pi/Pico_SDK_v1.5.1/pico-sdk/src/rp2_common/pico_stdio/stdio.c.obj
                0x100048ac                stdout_serialize_begin
 .text.stdout_serialize_end
                0x10004908       0x10 CMakeFiles/myimu.dir/C_/Program_Files/Raspberry_Pi/Pico_SDK_v1.5.1/pico-sdk/src/rp2_common/pico_stdio/stdio.c.obj
                0x10004908                stdout_serialize_end
 .text.stdio_put_string
                0x10004918       0x98 CMakeFiles/myimu.dir/C_/Program_Files/Raspberry_Pi/Pico_SDK_v1.5.1/pico-sdk/src/rp2_common/pico_stdio/stdio.c.obj
 .text.stdio_set_driver_enabled
                0x100049b0       0x2c CMakeFiles/myimu.dir/C_/Program_Files/Raspberry_Pi/Pico_SDK_v1.5.1/pico-sdk/src/rp2_common/pico_stdio/stdio.c.obj
                0x100049b0                stdio_set_driver_enabled
 .text.stdio_flush
                0x100049dc       0x20 CMakeFiles/myimu.dir/C_/Program_Files/Raspberry_Pi/Pico_SDK_v1.5.1/pico-sdk/src/rp2_common/pico_stdio/stdio.c.obj
                0x100049dc                stdio_flush
 .text.__wrap_puts
                0x100049fc       0x1e CMakeFiles/myimu.dir/C_/Program_Files/Raspberry_Pi/Pico_SDK_v1.5.1/pico-sdk/src/rp2_common/pico_stdio/stdio.c.obj
                0x100049fc                __wrap_puts
 *fill*         0x10004a1a        0x2 
 .text.__wrap_vprintf
                0x10004a1c       0x40 CMakeFiles/myimu.dir/C_/Program_Files/Raspberry_Pi/Pico_SDK_v1.5.1/pico-sdk/src/rp2_common/pico_stdio/stdio.c.obj
                0x10004a1c                __wrap_vprintf
 .text.__wrap_printf
                0x10004a5c       0x18 CMakeFiles/myimu.dir/C_/Program_Files/Raspberry_Pi/Pico_SDK_v1.5.1/pico-sdk/src/rp2_common/pico_stdio/stdio.c.obj
                0x10004a5c                __wrap_printf
 .text.stdio_init_all
                0x10004a74        0xe CMakeFiles/myimu.dir/C_/Program_Files/Raspberry_Pi/Pico_SDK_v1.5.1/pico-sdk/src/rp2_common/pico_stdio/stdio.c.obj
                0x10004a74                stdio_init_all
 *fill*         0x10004a82        0x2 
 .text.stdio_uart_out_chars
                0x10004a84       0x74 CMakeFiles/myimu.dir/C_/Program_Files/Raspberry_Pi/Pico_SDK_v1.5.1/pico-sdk/src/rp2_common/pico_stdio_uart/stdio_uart.c.obj
 .text.stdio_uart_in_chars
                0x10004af8       0x80 CMakeFiles/myimu.dir/C_/Program_Files/Raspberry_Pi/Pico_SDK_v1.5.1/pico-sdk/src/rp2_common/pico_stdio_uart/stdio_uart.c.obj
                0x10004af8                stdio_uart_in_chars
 .text.on_uart_rx
                0x10004b78       0x28 CMakeFiles/myimu.dir/C_/Program_Files/Raspberry_Pi/Pico_SDK_v1.5.1/pico-sdk/src/rp2_common/pico_stdio_uart/stdio_uart.c.obj
 .text.stdio_uart_set_chars_available_callback
                0x10004ba0       0x8c CMakeFiles/myimu.dir/C_/Program_Files/Raspberry_Pi/Pico_SDK_v1.5.1/pico-sdk/src/rp2_common/pico_stdio_uart/stdio_uart.c.obj
 .text.stdio_uart_init_full
                0x10004c2c       0x44 CMakeFiles/myimu.dir/C_/Program_Files/Raspberry_Pi/Pico_SDK_v1.5.1/pico-sdk/src/rp2_common/pico_stdio_uart/stdio_uart.c.obj
                0x10004c2c                stdio_uart_init_full
 .text.stdio_uart_init
                0x10004c70       0x28 CMakeFiles/myimu.dir/C_/Program_Files/Raspberry_Pi/Pico_SDK_v1.5.1/pico-sdk/src/rp2_common/pico_stdio_uart/stdio_uart.c.obj
                0x10004c70                stdio_uart_init
 .text.resetd_init
                0x10004c98        0x2 CMakeFiles/myimu.dir/C_/Program_Files/Raspberry_Pi/Pico_SDK_v1.5.1/pico-sdk/src/rp2_common/pico_stdio_usb/reset_interface.c.obj
 *fill*         0x10004c9a        0x2 
 .text.resetd_reset
                0x10004c9c        0xc CMakeFiles/myimu.dir/C_/Program_Files/Raspberry_Pi/Pico_SDK_v1.5.1/pico-sdk/src/rp2_common/pico_stdio_usb/reset_interface.c.obj
 .text.resetd_open
                0x10004ca8       0x34 CMakeFiles/myimu.dir/C_/Program_Files/Raspberry_Pi/Pico_SDK_v1.5.1/pico-sdk/src/rp2_common/pico_stdio_usb/reset_interface.c.obj
 .text.resetd_xfer_cb
                0x10004cdc        0x4 CMakeFiles/myimu.dir/C_/Program_Files/Raspberry_Pi/Pico_SDK_v1.5.1/pico-sdk/src/rp2_common/pico_stdio_usb/reset_interface.c.obj
 .text.reset_usb_boot
                0x10004ce0       0x18 CMakeFiles/myimu.dir/C_/Program_Files/Raspberry_Pi/Pico_SDK_v1.5.1/pico-sdk/src/rp2_common/pico_stdio_usb/reset_interface.c.obj
 .text.resetd_control_xfer_cb
                0x10004cf8       0x5c CMakeFiles/myimu.dir/C_/Program_Files/Raspberry_Pi/Pico_SDK_v1.5.1/pico-sdk/src/rp2_common/pico_stdio_usb/reset_interface.c.obj
 .text.usbd_app_driver_get_cb
                0x10004d54        0xc CMakeFiles/myimu.dir/C_/Program_Files/Raspberry_Pi/Pico_SDK_v1.5.1/pico-sdk/src/rp2_common/pico_stdio_usb/reset_interface.c.obj
                0x10004d54                usbd_app_driver_get_cb
 .text.tud_cdc_line_coding_cb
                0x10004d60       0x28 CMakeFiles/myimu.dir/C_/Program_Files/Raspberry_Pi/Pico_SDK_v1.5.1/pico-sdk/src/rp2_common/pico_stdio_usb/reset_interface.c.obj
                0x10004d60                tud_cdc_line_coding_cb
 .text.stdio_usb_set_chars_available_callback
                0x10004d88       0x14 CMakeFiles/myimu.dir/C_/Program_Files/Raspberry_Pi/Pico_SDK_v1.5.1/pico-sdk/src/rp2_common/pico_stdio_usb/stdio_usb.c.obj
                0x10004d88                stdio_usb_set_chars_available_callback
 .text.usb_irq  0x10004d9c       0x10 CMakeFiles/myimu.dir/C_/Program_Files/Raspberry_Pi/Pico_SDK_v1.5.1/pico-sdk/src/rp2_common/pico_stdio_usb/stdio_usb.c.obj
 .text.timer_task
                0x10004dac       0x5c CMakeFiles/myimu.dir/C_/Program_Files/Raspberry_Pi/Pico_SDK_v1.5.1/pico-sdk/src/rp2_common/pico_stdio_usb/stdio_usb.c.obj
 .text.low_priority_worker_irq
                0x10004e08       0xdc CMakeFiles/myimu.dir/C_/Program_Files/Raspberry_Pi/Pico_SDK_v1.5.1/pico-sdk/src/rp2_common/pico_stdio_usb/stdio_usb.c.obj
 .text.tud_cdc_rx_cb
                0x10004ee4       0x20 CMakeFiles/myimu.dir/C_/Program_Files/Raspberry_Pi/Pico_SDK_v1.5.1/pico-sdk/src/rp2_common/pico_stdio_usb/stdio_usb.c.obj
                0x10004ee4                tud_cdc_rx_cb
 .text.stdio_usb_init
                0x10004f04      0x11c CMakeFiles/myimu.dir/C_/Program_Files/Raspberry_Pi/Pico_SDK_v1.5.1/pico-sdk/src/rp2_common/pico_stdio_usb/stdio_usb.c.obj
                0x10004f04                stdio_usb_init
 .text.stdio_usb_connected
                0x10005020        0xa CMakeFiles/myimu.dir/C_/Program_Files/Raspberry_Pi/Pico_SDK_v1.5.1/pico-sdk/src/rp2_common/pico_stdio_usb/stdio_usb.c.obj
                0x10005020                stdio_usb_connected
 *fill*         0x1000502a        0x2 
 .text.stdio_usb_in_chars
                0x1000502c       0xc4 CMakeFiles/myimu.dir/C_/Program_Files/Raspberry_Pi/Pico_SDK_v1.5.1/pico-sdk/src/rp2_common/pico_stdio_usb/stdio_usb.c.obj
                0x1000502c                stdio_usb_in_chars
 .text.stdio_usb_out_chars
                0x100050f0      0x114 CMakeFiles/myimu.dir/C_/Program_Files/Raspberry_Pi/Pico_SDK_v1.5.1/pico-sdk/src/rp2_common/pico_stdio_usb/stdio_usb.c.obj
 .text.tud_descriptor_device_cb
                0x10005204        0x8 CMakeFiles/myimu.dir/C_/Program_Files/Raspberry_Pi/Pico_SDK_v1.5.1/pico-sdk/src/rp2_common/pico_stdio_usb/stdio_usb_descriptors.c.obj
                0x10005204                tud_descriptor_device_cb
 .text.tud_descriptor_configuration_cb
                0x1000520c        0x8 CMakeFiles/myimu.dir/C_/Program_Files/Raspberry_Pi/Pico_SDK_v1.5.1/pico-sdk/src/rp2_common/pico_stdio_usb/stdio_usb_descriptors.c.obj
                0x1000520c                tud_descriptor_configuration_cb
 .text.tud_descriptor_string_cb
                0x10005214       0x6c CMakeFiles/myimu.dir/C_/Program_Files/Raspberry_Pi/Pico_SDK_v1.5.1/pico-sdk/src/rp2_common/pico_stdio_usb/stdio_usb_descriptors.c.obj
                0x10005214                tud_descriptor_string_cb
 .text._retrieve_unique_id_on_boot
                0x10005280       0x10 CMakeFiles/myimu.dir/C_/Program_Files/Raspberry_Pi/Pico_SDK_v1.5.1/pico-sdk/src/rp2_common/pico_unique_id/unique_id.c.obj
 .text.pico_get_unique_board_id_string
                0x10005290       0x60 CMakeFiles/myimu.dir/C_/Program_Files/Raspberry_Pi/Pico_SDK_v1.5.1/pico-sdk/src/rp2_common/pico_unique_id/unique_id.c.obj
                0x10005290                pico_get_unique_board_id_string
 .text.flash_get_unique_id
                0x100052f0       0x46 CMakeFiles/myimu.dir/C_/Program_Files/Raspberry_Pi/Pico_SDK_v1.5.1/pico-sdk/src/rp2_common/hardware_flash/flash.c.obj
                0x100052f0                flash_get_unique_id
 *fill*         0x10005336        0x2 
 .text.hw_endpoint_get_by_addr
                0x10005338       0x18 CMakeFiles/myimu.dir/C_/Program_Files/Raspberry_Pi/Pico_SDK_v1.5.1/pico-sdk/lib/tinyusb/src/portable/raspberrypi/rp2040/dcd_rp2040.c.obj
 .text._hw_endpoint_alloc
                0x10005350       0x70 CMakeFiles/myimu.dir/C_/Program_Files/Raspberry_Pi/Pico_SDK_v1.5.1/pico-sdk/lib/tinyusb/src/portable/raspberrypi/rp2040/dcd_rp2040.c.obj
 .text.hw_endpoint_init
                0x100053c0       0x88 CMakeFiles/myimu.dir/C_/Program_Files/Raspberry_Pi/Pico_SDK_v1.5.1/pico-sdk/lib/tinyusb/src/portable/raspberrypi/rp2040/dcd_rp2040.c.obj
 .text.hw_endpoint_xfer
                0x10005448       0x14 CMakeFiles/myimu.dir/C_/Program_Files/Raspberry_Pi/Pico_SDK_v1.5.1/pico-sdk/lib/tinyusb/src/portable/raspberrypi/rp2040/dcd_rp2040.c.obj
 .text.dcd_int_enable
                0x1000545c       0x2c CMakeFiles/myimu.dir/C_/Program_Files/Raspberry_Pi/Pico_SDK_v1.5.1/pico-sdk/lib/tinyusb/src/portable/raspberrypi/rp2040/dcd_rp2040.c.obj
                0x1000545c                dcd_int_enable
 .text.dcd_set_address
                0x10005488       0x2c CMakeFiles/myimu.dir/C_/Program_Files/Raspberry_Pi/Pico_SDK_v1.5.1/pico-sdk/lib/tinyusb/src/portable/raspberrypi/rp2040/dcd_rp2040.c.obj
                0x10005488                dcd_set_address
 .text.dcd_connect
                0x100054b4       0x10 CMakeFiles/myimu.dir/C_/Program_Files/Raspberry_Pi/Pico_SDK_v1.5.1/pico-sdk/lib/tinyusb/src/portable/raspberrypi/rp2040/dcd_rp2040.c.obj
                0x100054b4                dcd_connect
 .text.dcd_init
                0x100054c4       0x80 CMakeFiles/myimu.dir/C_/Program_Files/Raspberry_Pi/Pico_SDK_v1.5.1/pico-sdk/lib/tinyusb/src/portable/raspberrypi/rp2040/dcd_rp2040.c.obj
                0x100054c4                dcd_init
 .text.dcd_edpt0_status_complete
                0x10005544       0x1c CMakeFiles/myimu.dir/C_/Program_Files/Raspberry_Pi/Pico_SDK_v1.5.1/pico-sdk/lib/tinyusb/src/portable/raspberrypi/rp2040/dcd_rp2040.c.obj
                0x10005544                dcd_edpt0_status_complete
 .text.dcd_edpt_open
                0x10005560       0x40 CMakeFiles/myimu.dir/C_/Program_Files/Raspberry_Pi/Pico_SDK_v1.5.1/pico-sdk/lib/tinyusb/src/portable/raspberrypi/rp2040/dcd_rp2040.c.obj
                0x10005560                dcd_edpt_open
 .text.dcd_edpt_close_all
                0x100055a0        0x8 CMakeFiles/myimu.dir/C_/Program_Files/Raspberry_Pi/Pico_SDK_v1.5.1/pico-sdk/lib/tinyusb/src/portable/raspberrypi/rp2040/dcd_rp2040.c.obj
                0x100055a0                dcd_edpt_close_all
 .text.dcd_edpt_xfer
                0x100055a8       0x34 CMakeFiles/myimu.dir/C_/Program_Files/Raspberry_Pi/Pico_SDK_v1.5.1/pico-sdk/lib/tinyusb/src/portable/raspberrypi/rp2040/dcd_rp2040.c.obj
                0x100055a8                dcd_edpt_xfer
 .text.dcd_edpt_stall
                0x100055dc       0x2c CMakeFiles/myimu.dir/C_/Program_Files/Raspberry_Pi/Pico_SDK_v1.5.1/pico-sdk/lib/tinyusb/src/portable/raspberrypi/rp2040/dcd_rp2040.c.obj
                0x100055dc                dcd_edpt_stall
 .text.dcd_edpt_clear_stall
                0x10005608       0x20 CMakeFiles/myimu.dir/C_/Program_Files/Raspberry_Pi/Pico_SDK_v1.5.1/pico-sdk/lib/tinyusb/src/portable/raspberrypi/rp2040/dcd_rp2040.c.obj
                0x10005608                dcd_edpt_clear_stall
 .text.rp2040_usb_init
                0x10005628       0x4c CMakeFiles/myimu.dir/C_/Program_Files/Raspberry_Pi/Pico_SDK_v1.5.1/pico-sdk/lib/tinyusb/src/portable/raspberrypi/rp2040/rp2040_usb.c.obj
                0x10005628                rp2040_usb_init
 .text.hw_endpoint_xfer_start
                0x10005674       0x50 CMakeFiles/myimu.dir/C_/Program_Files/Raspberry_Pi/Pico_SDK_v1.5.1/pico-sdk/lib/tinyusb/src/portable/raspberrypi/rp2040/rp2040_usb.c.obj
                0x10005674                hw_endpoint_xfer_start
 .text.configuration_reset
                0x100056c4       0x84 CMakeFiles/myimu.dir/C_/Program_Files/Raspberry_Pi/Pico_SDK_v1.5.1/pico-sdk/lib/tinyusb/src/device/usbd.c.obj
 .text.usbd_reset
                0x10005748        0xc CMakeFiles/myimu.dir/C_/Program_Files/Raspberry_Pi/Pico_SDK_v1.5.1/pico-sdk/lib/tinyusb/src/device/usbd.c.obj
 .text.invoke_class_control
                0x10005754       0x1a CMakeFiles/myimu.dir/C_/Program_Files/Raspberry_Pi/Pico_SDK_v1.5.1/pico-sdk/lib/tinyusb/src/device/usbd.c.obj
 *fill*         0x1000576e        0x2 
 .text.process_set_config
                0x10005770      0x178 CMakeFiles/myimu.dir/C_/Program_Files/Raspberry_Pi/Pico_SDK_v1.5.1/pico-sdk/lib/tinyusb/src/device/usbd.c.obj
 .text.process_get_descriptor
                0x100058e8       0xdc CMakeFiles/myimu.dir/C_/Program_Files/Raspberry_Pi/Pico_SDK_v1.5.1/pico-sdk/lib/tinyusb/src/device/usbd.c.obj
 .text.tud_mounted
                0x100059c4       0x10 CMakeFiles/myimu.dir/C_/Program_Files/Raspberry_Pi/Pico_SDK_v1.5.1/pico-sdk/lib/tinyusb/src/device/usbd.c.obj
                0x100059c4                tud_mounted
 .text.tud_suspended
                0x100059d4       0x10 CMakeFiles/myimu.dir/C_/Program_Files/Raspberry_Pi/Pico_SDK_v1.5.1/pico-sdk/lib/tinyusb/src/device/usbd.c.obj
                0x100059d4                tud_suspended
 .text.tud_inited
                0x100059e4       0x14 CMakeFiles/myimu.dir/C_/Program_Files/Raspberry_Pi/Pico_SDK_v1.5.1/pico-sdk/lib/tinyusb/src/device/usbd.c.obj
                0x100059e4                tud_inited
 .text.tud_init
                0x100059f8       0xcc CMakeFiles/myimu.dir/C_/Program_Files/Raspberry_Pi/Pico_SDK_v1.5.1/pico-sdk/lib/tinyusb/src/device/usbd.c.obj
                0x100059f8                tud_init
 .text.usbd_defer_func
                0x10005ac4       0x2a CMakeFiles/myimu.dir/C_/Program_Files/Raspberry_Pi/Pico_SDK_v1.5.1/pico-sdk/lib/tinyusb/src/device/usbd.c.obj
                0x10005ac4                usbd_defer_func
 *fill*         0x10005aee        0x2 
 .text.usbd_edpt_open
                0x10005af0       0x34 CMakeFiles/myimu.dir/C_/Program_Files/Raspberry_Pi/Pico_SDK_v1.5.1/pico-sdk/lib/tinyusb/src/device/usbd.c.obj
                0x10005af0                usbd_edpt_open
 .text.usbd_open_edpt_pair
                0x10005b24       0x62 CMakeFiles/myimu.dir/C_/Program_Files/Raspberry_Pi/Pico_SDK_v1.5.1/pico-sdk/lib/tinyusb/src/device/usbd.c.obj
                0x10005b24                usbd_open_edpt_pair
 *fill*         0x10005b86        0x2 
 .text.usbd_edpt_claim
                0x10005b88       0x28 CMakeFiles/myimu.dir/C_/Program_Files/Raspberry_Pi/Pico_SDK_v1.5.1/pico-sdk/lib/tinyusb/src/device/usbd.c.obj
                0x10005b88                usbd_edpt_claim
 .text.usbd_edpt_release
                0x10005bb0       0x28 CMakeFiles/myimu.dir/C_/Program_Files/Raspberry_Pi/Pico_SDK_v1.5.1/pico-sdk/lib/tinyusb/src/device/usbd.c.obj
                0x10005bb0                usbd_edpt_release
 .text.usbd_edpt_xfer
                0x10005bd8       0x78 CMakeFiles/myimu.dir/C_/Program_Files/Raspberry_Pi/Pico_SDK_v1.5.1/pico-sdk/lib/tinyusb/src/device/usbd.c.obj
                0x10005bd8                usbd_edpt_xfer
 .text.usbd_edpt_stall
                0x10005c50       0x48 CMakeFiles/myimu.dir/C_/Program_Files/Raspberry_Pi/Pico_SDK_v1.5.1/pico-sdk/lib/tinyusb/src/device/usbd.c.obj
                0x10005c50                usbd_edpt_stall
 .text.usbd_edpt_clear_stall
                0x10005c98       0x48 CMakeFiles/myimu.dir/C_/Program_Files/Raspberry_Pi/Pico_SDK_v1.5.1/pico-sdk/lib/tinyusb/src/device/usbd.c.obj
                0x10005c98                usbd_edpt_clear_stall
 .text.usbd_edpt_stalled
                0x10005ce0       0x1c CMakeFiles/myimu.dir/C_/Program_Files/Raspberry_Pi/Pico_SDK_v1.5.1/pico-sdk/lib/tinyusb/src/device/usbd.c.obj
                0x10005ce0                usbd_edpt_stalled
 .text.process_control_request
                0x10005cfc      0x37c CMakeFiles/myimu.dir/C_/Program_Files/Raspberry_Pi/Pico_SDK_v1.5.1/pico-sdk/lib/tinyusb/src/device/usbd.c.obj
 .text.tud_task_ext
                0x10006078      0x1b8 CMakeFiles/myimu.dir/C_/Program_Files/Raspberry_Pi/Pico_SDK_v1.5.1/pico-sdk/lib/tinyusb/src/device/usbd.c.obj
                0x10006078                tud_task_ext
 .text._data_stage_xact
                0x10006230       0x58 CMakeFiles/myimu.dir/C_/Program_Files/Raspberry_Pi/Pico_SDK_v1.5.1/pico-sdk/lib/tinyusb/src/device/usbd_control.c.obj
 .text.tud_control_status
                0x10006288       0x38 CMakeFiles/myimu.dir/C_/Program_Files/Raspberry_Pi/Pico_SDK_v1.5.1/pico-sdk/lib/tinyusb/src/device/usbd_control.c.obj
                0x10006288                tud_control_status
 .text.tud_control_xfer
                0x100062c0       0x74 CMakeFiles/myimu.dir/C_/Program_Files/Raspberry_Pi/Pico_SDK_v1.5.1/pico-sdk/lib/tinyusb/src/device/usbd_control.c.obj
                0x100062c0                tud_control_xfer
 .text.usbd_control_reset
                0x10006334       0x14 CMakeFiles/myimu.dir/C_/Program_Files/Raspberry_Pi/Pico_SDK_v1.5.1/pico-sdk/lib/tinyusb/src/device/usbd_control.c.obj
                0x10006334                usbd_control_reset
 .text.usbd_control_set_complete_callback
                0x10006348        0xc CMakeFiles/myimu.dir/C_/Program_Files/Raspberry_Pi/Pico_SDK_v1.5.1/pico-sdk/lib/tinyusb/src/device/usbd_control.c.obj
                0x10006348                usbd_control_set_complete_callback
 .text.usbd_control_set_request
                0x10006354       0x1c CMakeFiles/myimu.dir/C_/Program_Files/Raspberry_Pi/Pico_SDK_v1.5.1/pico-sdk/lib/tinyusb/src/device/usbd_control.c.obj
                0x10006354                usbd_control_set_request
 .text.usbd_control_xfer_cb
                0x10006370       0xcc CMakeFiles/myimu.dir/C_/Program_Files/Raspberry_Pi/Pico_SDK_v1.5.1/pico-sdk/lib/tinyusb/src/device/usbd_control.c.obj
                0x10006370                usbd_control_xfer_cb
 .text._prep_out_transaction
                0x1000643c       0x4a CMakeFiles/myimu.dir/C_/Program_Files/Raspberry_Pi/Pico_SDK_v1.5.1/pico-sdk/lib/tinyusb/src/class/cdc/cdc_device.c.obj
 *fill*         0x10006486        0x2 
 .text.tud_cdc_n_connected
                0x10006488       0x44 CMakeFiles/myimu.dir/C_/Program_Files/Raspberry_Pi/Pico_SDK_v1.5.1/pico-sdk/lib/tinyusb/src/class/cdc/cdc_device.c.obj
                0x10006488                tud_cdc_n_connected
 .text.tud_cdc_n_available
                0x100064cc       0x18 CMakeFiles/myimu.dir/C_/Program_Files/Raspberry_Pi/Pico_SDK_v1.5.1/pico-sdk/lib/tinyusb/src/class/cdc/cdc_device.c.obj
                0x100064cc                tud_cdc_n_available
 .text.tud_cdc_n_read
                0x100064e4       0x28 CMakeFiles/myimu.dir/C_/Program_Files/Raspberry_Pi/Pico_SDK_v1.5.1/pico-sdk/lib/tinyusb/src/class/cdc/cdc_device.c.obj
                0x100064e4                tud_cdc_n_read
 .text.tud_cdc_n_write_flush
                0x1000650c       0xb8 CMakeFiles/myimu.dir/C_/Program_Files/Raspberry_Pi/Pico_SDK_v1.5.1/pico-sdk/lib/tinyusb/src/class/cdc/cdc_device.c.obj
                0x1000650c                tud_cdc_n_write_flush
 .text.tud_cdc_n_write
                0x100065c4       0x38 CMakeFiles/myimu.dir/C_/Program_Files/Raspberry_Pi/Pico_SDK_v1.5.1/pico-sdk/lib/tinyusb/src/class/cdc/cdc_device.c.obj
                0x100065c4                tud_cdc_n_write
 .text.tud_cdc_n_write_available
                0x100065fc       0x1c CMakeFiles/myimu.dir/C_/Program_Files/Raspberry_Pi/Pico_SDK_v1.5.1/pico-sdk/lib/tinyusb/src/class/cdc/cdc_device.c.obj
                0x100065fc                tud_cdc_n_write_available
 .text.cdcd_init
                0x10006618       0xbc CMakeFiles/myimu.dir/C_/Program_Files/Raspberry_Pi/Pico_SDK_v1.5.1/pico-sdk/lib/tinyusb/src/class/cdc/cdc_device.c.obj
                0x10006618                cdcd_init
 .text.cdcd_reset
                0x100066d4       0x44 CMakeFiles/myimu.dir/C_/Program_Files/Raspberry_Pi/Pico_SDK_v1.5.1/pico-sdk/lib/tinyusb/src/class/cdc/cdc_device.c.obj
                0x100066d4                cdcd_reset
 .text.cdcd_open
                0x10006718       0xcc CMakeFiles/myimu.dir/C_/Program_Files/Raspberry_Pi/Pico_SDK_v1.5.1/pico-sdk/lib/tinyusb/src/class/cdc/cdc_device.c.obj
                0x10006718                cdcd_open
 .text.cdcd_control_xfer_cb
                0x100067e4      0x134 CMakeFiles/myimu.dir/C_/Program_Files/Raspberry_Pi/Pico_SDK_v1.5.1/pico-sdk/lib/tinyusb/src/class/cdc/cdc_device.c.obj
                0x100067e4                cdcd_control_xfer_cb
 .text.cdcd_xfer_cb
                0x10006918      0x130 CMakeFiles/myimu.dir/C_/Program_Files/Raspberry_Pi/Pico_SDK_v1.5.1/pico-sdk/lib/tinyusb/src/class/cdc/cdc_device.c.obj
                0x10006918                cdcd_xfer_cb
 .text.tusb_init
                0x10006a48        0xa CMakeFiles/myimu.dir/C_/Program_Files/Raspberry_Pi/Pico_SDK_v1.5.1/pico-sdk/lib/tinyusb/src/tusb.c.obj
                0x10006a48                tusb_init
 .text.tusb_inited
                0x10006a52        0xe CMakeFiles/myimu.dir/C_/Program_Files/Raspberry_Pi/Pico_SDK_v1.5.1/pico-sdk/lib/tinyusb/src/tusb.c.obj
                0x10006a52                tusb_inited
 .text.tu_edpt_claim
                0x10006a60       0x50 CMakeFiles/myimu.dir/C_/Program_Files/Raspberry_Pi/Pico_SDK_v1.5.1/pico-sdk/lib/tinyusb/src/tusb.c.obj
                0x10006a60                tu_edpt_claim
 .text.tu_edpt_release
                0x10006ab0       0x3c CMakeFiles/myimu.dir/C_/Program_Files/Raspberry_Pi/Pico_SDK_v1.5.1/pico-sdk/lib/tinyusb/src/tusb.c.obj
                0x10006ab0                tu_edpt_release
 .text.tu_edpt_validate
                0x10006aec       0x78 CMakeFiles/myimu.dir/C_/Program_Files/Raspberry_Pi/Pico_SDK_v1.5.1/pico-sdk/lib/tinyusb/src/tusb.c.obj
                0x10006aec                tu_edpt_validate
 .text.tu_edpt_bind_driver
                0x10006b64       0x26 CMakeFiles/myimu.dir/C_/Program_Files/Raspberry_Pi/Pico_SDK_v1.5.1/pico-sdk/lib/tinyusb/src/tusb.c.obj
                0x10006b64                tu_edpt_bind_driver
 .text.advance_index
                0x10006b8a       0x1a CMakeFiles/myimu.dir/C_/Program_Files/Raspberry_Pi/Pico_SDK_v1.5.1/pico-sdk/lib/tinyusb/src/common/tusb_fifo.c.obj
 .text._tu_fifo_peek
                0x10006ba4       0x56 CMakeFiles/myimu.dir/C_/Program_Files/Raspberry_Pi/Pico_SDK_v1.5.1/pico-sdk/lib/tinyusb/src/common/tusb_fifo.c.obj
 .text._ff_pull_const_addr
                0x10006bfa       0x4c CMakeFiles/myimu.dir/C_/Program_Files/Raspberry_Pi/Pico_SDK_v1.5.1/pico-sdk/lib/tinyusb/src/common/tusb_fifo.c.obj
 .text._ff_pull_n
                0x10006c46      0x110 CMakeFiles/myimu.dir/C_/Program_Files/Raspberry_Pi/Pico_SDK_v1.5.1/pico-sdk/lib/tinyusb/src/common/tusb_fifo.c.obj
 .text._tu_fifo_peek_n
                0x10006d56       0x6a CMakeFiles/myimu.dir/C_/Program_Files/Raspberry_Pi/Pico_SDK_v1.5.1/pico-sdk/lib/tinyusb/src/common/tusb_fifo.c.obj
 .text._tu_fifo_read_n
                0x10006dc0       0x4e CMakeFiles/myimu.dir/C_/Program_Files/Raspberry_Pi/Pico_SDK_v1.5.1/pico-sdk/lib/tinyusb/src/common/tusb_fifo.c.obj
 .text._ff_push_const_addr
                0x10006e0e       0x40 CMakeFiles/myimu.dir/C_/Program_Files/Raspberry_Pi/Pico_SDK_v1.5.1/pico-sdk/lib/tinyusb/src/common/tusb_fifo.c.obj
 .text._ff_push_n
                0x10006e4e      0x10c CMakeFiles/myimu.dir/C_/Program_Files/Raspberry_Pi/Pico_SDK_v1.5.1/pico-sdk/lib/tinyusb/src/common/tusb_fifo.c.obj
 .text._tu_fifo_write_n
                0x10006f5a       0xf0 CMakeFiles/myimu.dir/C_/Program_Files/Raspberry_Pi/Pico_SDK_v1.5.1/pico-sdk/lib/tinyusb/src/common/tusb_fifo.c.obj
 .text.tu_fifo_config
                0x1000704a       0x7c CMakeFiles/myimu.dir/C_/Program_Files/Raspberry_Pi/Pico_SDK_v1.5.1/pico-sdk/lib/tinyusb/src/common/tusb_fifo.c.obj
                0x1000704a                tu_fifo_config
 .text.tu_fifo_count
                0x100070c6       0x2a CMakeFiles/myimu.dir/C_/Program_Files/Raspberry_Pi/Pico_SDK_v1.5.1/pico-sdk/lib/tinyusb/src/common/tusb_fifo.c.obj
                0x100070c6                tu_fifo_count
 .text.tu_fifo_empty
                0x100070f0       0x10 CMakeFiles/myimu.dir/C_/Program_Files/Raspberry_Pi/Pico_SDK_v1.5.1/pico-sdk/lib/tinyusb/src/common/tusb_fifo.c.obj
                0x100070f0                tu_fifo_empty
 .text.tu_fifo_full
                0x10007100       0x28 CMakeFiles/myimu.dir/C_/Program_Files/Raspberry_Pi/Pico_SDK_v1.5.1/pico-sdk/lib/tinyusb/src/common/tusb_fifo.c.obj
                0x10007100                tu_fifo_full
 .text.tu_fifo_remaining
                0x10007128       0x2c CMakeFiles/myimu.dir/C_/Program_Files/Raspberry_Pi/Pico_SDK_v1.5.1/pico-sdk/lib/tinyusb/src/common/tusb_fifo.c.obj
                0x10007128                tu_fifo_remaining
 .text.tu_fifo_read
                0x10007154       0x42 CMakeFiles/myimu.dir/C_/Program_Files/Raspberry_Pi/Pico_SDK_v1.5.1/pico-sdk/lib/tinyusb/src/common/tusb_fifo.c.obj
                0x10007154                tu_fifo_read
 .text.tu_fifo_read_n
                0x10007196        0xa CMakeFiles/myimu.dir/C_/Program_Files/Raspberry_Pi/Pico_SDK_v1.5.1/pico-sdk/lib/tinyusb/src/common/tusb_fifo.c.obj
                0x10007196                tu_fifo_read_n
 .text.tu_fifo_write
                0x100071a0       0x64 CMakeFiles/myimu.dir/C_/Program_Files/Raspberry_Pi/Pico_SDK_v1.5.1/pico-sdk/lib/tinyusb/src/common/tusb_fifo.c.obj
                0x100071a0                tu_fifo_write
 .text.tu_fifo_write_n
                0x10007204        0xa CMakeFiles/myimu.dir/C_/Program_Files/Raspberry_Pi/Pico_SDK_v1.5.1/pico-sdk/lib/tinyusb/src/common/tusb_fifo.c.obj
                0x10007204                tu_fifo_write_n
 .text.tu_fifo_clear
                0x1000720e       0x3e CMakeFiles/myimu.dir/C_/Program_Files/Raspberry_Pi/Pico_SDK_v1.5.1/pico-sdk/lib/tinyusb/src/common/tusb_fifo.c.obj
                0x1000720e                tu_fifo_clear
 .text.tu_fifo_set_overwritable
                0x1000724c       0x46 CMakeFiles/myimu.dir/C_/Program_Files/Raspberry_Pi/Pico_SDK_v1.5.1/pico-sdk/lib/tinyusb/src/common/tusb_fifo.c.obj
                0x1000724c                tu_fifo_set_overwritable
 .text.i2c_write_blocking_internal
                0x10007292      0x140 CMakeFiles/myimu.dir/C_/Program_Files/Raspberry_Pi/Pico_SDK_v1.5.1/pico-sdk/src/rp2_common/hardware_i2c/i2c.c.obj
 .text.i2c_read_blocking_internal
                0x100073d2       0xe6 CMakeFiles/myimu.dir/C_/Program_Files/Raspberry_Pi/Pico_SDK_v1.5.1/pico-sdk/src/rp2_common/hardware_i2c/i2c.c.obj
 .text.i2c_set_baudrate
                0x100074b8       0xf0 CMakeFiles/myimu.dir/C_/Program_Files/Raspberry_Pi/Pico_SDK_v1.5.1/pico-sdk/src/rp2_common/hardware_i2c/i2c.c.obj
                0x100074b8                i2c_set_baudrate
 .text.i2c_init
                0x100075a8       0x58 CMakeFiles/myimu.dir/C_/Program_Files/Raspberry_Pi/Pico_SDK_v1.5.1/pico-sdk/src/rp2_common/hardware_i2c/i2c.c.obj
                0x100075a8                i2c_init
 .text.i2c_write_blocking
                0x10007600       0x18 CMakeFiles/myimu.dir/C_/Program_Files/Raspberry_Pi/Pico_SDK_v1.5.1/pico-sdk/src/rp2_common/hardware_i2c/i2c.c.obj
                0x10007600                i2c_write_blocking
 .text.i2c_read_blocking
                0x10007618       0x18 CMakeFiles/myimu.dir/C_/Program_Files/Raspberry_Pi/Pico_SDK_v1.5.1/pico-sdk/src/rp2_common/hardware_i2c/i2c.c.obj
                0x10007618                i2c_read_blocking
 .text.strlen   0x10007630       0x5c c:/progra~1/raspbe~1/picosd~1.1/gcc-ar~1/bin/../lib/gcc/arm-none-eabi/10.3.1/../../../../arm-none-eabi/lib/thumb/v6-m/nofp\libg.a(lib_a-strlen-stub.o)
                0x10007630                strlen
 *(.fini)
 .fini          0x1000768c        0x4 c:/progra~1/raspbe~1/picosd~1.1/gcc-ar~1/bin/../lib/gcc/arm-none-eabi/10.3.1/thumb/v6-m/nofp/crti.o
                0x1000768c                _fini
 .fini.__stub   0x10007690       0xe0 linker stubs
 *crtbegin.o(.ctors)
 *crtbegin?.o(.ctors)
 *(EXCLUDE_FILE(*crtend.o *crtend?.o) .ctors)
 *(SORT_BY_NAME(.ctors.*))
 *(.ctors)
 *crtbegin.o(.dtors)
 *crtbegin?.o(.dtors)
 *(EXCLUDE_FILE(*crtend.o *crtend?.o) .dtors)
 *(SORT_BY_NAME(.dtors.*))
 *(.dtors)
 *(.eh_frame*)
 .eh_frame      0x10007770        0x0 c:/progra~1/raspbe~1/picosd~1.1/gcc-ar~1/bin/../lib/gcc/arm-none-eabi/10.3.1/thumb/v6-m/nofp/crtbegin.o
                0x10007770                . = ALIGN (0x4)

.glue_7         0x10007770        0x0
 .glue_7        0x10007770        0x0 linker stubs

.glue_7t        0x10007770        0x0
 .glue_7t       0x10007770        0x0 linker stubs

.vfp11_veneer   0x10007770        0x0
 .vfp11_veneer  0x10007770        0x0 linker stubs

.v4_bx          0x10007770        0x0
 .v4_bx         0x10007770        0x0 linker stubs

.iplt           0x10007770        0x0
 .iplt          0x10007770        0x0 c:/progra~1/raspbe~1/picosd~1.1/gcc-ar~1/bin/../lib/gcc/arm-none-eabi/10.3.1/thumb/v6-m/nofp/crtbegin.o

.rodata         0x10007770     0x185c
 *(EXCLUDE_FILE(*libm.a: *libc.a:*lib_a-mem*.o *libgcc.a:) .rodata*)
 .rodata.main.str1.4
                0x10007770       0x4c CMakeFiles/myimu.dir/myimu.c.obj
 .rodata.__bi_11.0
                0x100077bc        0x8 CMakeFiles/myimu.dir/imu.c.obj
 .rodata.spin_lock_claim_unused.str1.4
                0x100077c4       0x1b CMakeFiles/myimu.dir/C_/Program_Files/Raspberry_Pi/Pico_SDK_v1.5.1/pico-sdk/src/rp2_common/hardware_sync/sync.c.obj
 *fill*         0x100077df        0x1 
 .rodata.make_branch.str1.4
                0x100077e0       0x89 CMakeFiles/myimu.dir/C_/Program_Files/Raspberry_Pi/Pico_SDK_v1.5.1/pico-sdk/src/rp2_common/hardware_irq/irq.c.obj
 *fill*         0x10007869        0x3 
 .rodata.insert_branch_and_link.str1.4
                0x1000786c       0x10 CMakeFiles/myimu.dir/C_/Program_Files/Raspberry_Pi/Pico_SDK_v1.5.1/pico-sdk/src/rp2_common/hardware_irq/irq.c.obj
 .rodata.irq_set_exclusive_handler.str1.4
                0x1000787c       0x36 CMakeFiles/myimu.dir/C_/Program_Files/Raspberry_Pi/Pico_SDK_v1.5.1/pico-sdk/src/rp2_common/hardware_irq/irq.c.obj
 *fill*         0x100078b2        0x2 
 .rodata.irq_add_shared_handler.str1.4
                0x100078b4       0xd9 CMakeFiles/myimu.dir/C_/Program_Files/Raspberry_Pi/Pico_SDK_v1.5.1/pico-sdk/src/rp2_common/hardware_irq/irq.c.obj
 *fill*         0x1000798d        0x3 
 .rodata.irq_remove_handler.str1.4
                0x10007990       0x3a CMakeFiles/myimu.dir/C_/Program_Files/Raspberry_Pi/Pico_SDK_v1.5.1/pico-sdk/src/rp2_common/hardware_irq/irq.c.obj
 *fill*         0x100079ca        0x2 
 .rodata.irq_add_tail_to_free_list.str1.4
                0x100079cc       0x3a CMakeFiles/myimu.dir/C_/Program_Files/Raspberry_Pi/Pico_SDK_v1.5.1/pico-sdk/src/rp2_common/hardware_irq/irq.c.obj
 *fill*         0x10007a06        0x2 
 .rodata.user_irq_claim_unused.str1.4
                0x10007a08       0x1b CMakeFiles/myimu.dir/C_/Program_Files/Raspberry_Pi/Pico_SDK_v1.5.1/pico-sdk/src/rp2_common/hardware_irq/irq.c.obj
 *fill*         0x10007a23        0x1 
 .rodata.__func__.0
                0x10007a24       0x1a CMakeFiles/myimu.dir/C_/Program_Files/Raspberry_Pi/Pico_SDK_v1.5.1/pico-sdk/src/rp2_common/hardware_irq/irq.c.obj
 *fill*         0x10007a3e        0x2 
 .rodata.__func__.1
                0x10007a40       0x17 CMakeFiles/myimu.dir/C_/Program_Files/Raspberry_Pi/Pico_SDK_v1.5.1/pico-sdk/src/rp2_common/hardware_irq/irq.c.obj
 *fill*         0x10007a57        0x1 
 .rodata.__func__.2
                0x10007a58       0x13 CMakeFiles/myimu.dir/C_/Program_Files/Raspberry_Pi/Pico_SDK_v1.5.1/pico-sdk/src/rp2_common/hardware_irq/irq.c.obj
 *fill*         0x10007a6b        0x1 
 .rodata.__func__.3
                0x10007a6c        0xc CMakeFiles/myimu.dir/C_/Program_Files/Raspberry_Pi/Pico_SDK_v1.5.1/pico-sdk/src/rp2_common/hardware_irq/irq.c.obj
 .rodata.__func__.4
                0x10007a78        0xf CMakeFiles/myimu.dir/C_/Program_Files/Raspberry_Pi/Pico_SDK_v1.5.1/pico-sdk/src/rp2_common/hardware_irq/irq.c.obj
 *fill*         0x10007a87        0x1 
 .rodata.__func__.5
                0x10007a88       0x17 CMakeFiles/myimu.dir/C_/Program_Files/Raspberry_Pi/Pico_SDK_v1.5.1/pico-sdk/src/rp2_common/hardware_irq/irq.c.obj
 *fill*         0x10007a9f        0x1 
 .rodata.__func__.6
                0x10007aa0       0x1a CMakeFiles/myimu.dir/C_/Program_Files/Raspberry_Pi/Pico_SDK_v1.5.1/pico-sdk/src/rp2_common/hardware_irq/irq.c.obj
 *fill*         0x10007aba        0x2 
 .rodata.str1.4
                0x10007abc      0x125 CMakeFiles/myimu.dir/C_/Program_Files/Raspberry_Pi/Pico_SDK_v1.5.1/pico-sdk/src/common/pico_sync/mutex.c.obj
 *fill*         0x10007be1        0x3 
 .rodata.__func__.1
                0x10007be4        0xb CMakeFiles/myimu.dir/C_/Program_Files/Raspberry_Pi/Pico_SDK_v1.5.1/pico-sdk/src/common/pico_sync/mutex.c.obj
 *fill*         0x10007bef        0x1 
 .rodata.__func__.3
                0x10007bf0       0x18 CMakeFiles/myimu.dir/C_/Program_Files/Raspberry_Pi/Pico_SDK_v1.5.1/pico-sdk/src/common/pico_sync/mutex.c.obj
 .rodata.__func__.4
                0x10007c08       0x15 CMakeFiles/myimu.dir/C_/Program_Files/Raspberry_Pi/Pico_SDK_v1.5.1/pico-sdk/src/common/pico_sync/mutex.c.obj
 *fill*         0x10007c1d        0x3 
 .rodata.repeating_timer_callback.str1.4
                0x10007c20       0x67 CMakeFiles/myimu.dir/C_/Program_Files/Raspberry_Pi/Pico_SDK_v1.5.1/pico-sdk/src/common/pico_time/time.c.obj
 *fill*         0x10007c87        0x1 
 .rodata.timer_pool_entry_comparator.str1.4
                0x10007c88       0x22 CMakeFiles/myimu.dir/C_/Program_Files/Raspberry_Pi/Pico_SDK_v1.5.1/pico-sdk/src/common/pico_time/time.c.obj
 *fill*         0x10007caa        0x2 
 .rodata.ph_add_child_node.str1.4
                0x10007cac       0xb2 CMakeFiles/myimu.dir/C_/Program_Files/Raspberry_Pi/Pico_SDK_v1.5.1/pico-sdk/src/common/pico_time/time.c.obj
 *fill*         0x10007d5e        0x2 
 .rodata.add_alarm_under_lock.str1.4
                0x10007d60       0x28 CMakeFiles/myimu.dir/C_/Program_Files/Raspberry_Pi/Pico_SDK_v1.5.1/pico-sdk/src/common/pico_time/time.c.obj
                                 0x2b (size before relaxing)
 .rodata.alarm_pool_alarm_callback.str1.4
                0x10007d88       0x98 CMakeFiles/myimu.dir/C_/Program_Files/Raspberry_Pi/Pico_SDK_v1.5.1/pico-sdk/src/common/pico_time/time.c.obj
                                0x118 (size before relaxing)
 .rodata.alarm_pool_get_default.str1.4
                0x10007e20       0x21 CMakeFiles/myimu.dir/C_/Program_Files/Raspberry_Pi/Pico_SDK_v1.5.1/pico-sdk/src/common/pico_time/time.c.obj
 *fill*         0x10007e41        0x3 
 .rodata.alarm_pool_cancel_alarm.str1.4
                0x10007e44       0x27 CMakeFiles/myimu.dir/C_/Program_Files/Raspberry_Pi/Pico_SDK_v1.5.1/pico-sdk/src/common/pico_time/time.c.obj
 *fill*         0x10007e6b        0x1 
 .rodata.sleep_until.str1.4
                0x10007e6c       0x4d CMakeFiles/myimu.dir/C_/Program_Files/Raspberry_Pi/Pico_SDK_v1.5.1/pico-sdk/src/common/pico_time/time.c.obj
 *fill*         0x10007eb9        0x3 
 .rodata.__func__.1
                0x10007ebc       0x18 CMakeFiles/myimu.dir/C_/Program_Files/Raspberry_Pi/Pico_SDK_v1.5.1/pico-sdk/src/common/pico_time/time.c.obj
 .rodata.__func__.10
                0x10007ed4       0x15 CMakeFiles/myimu.dir/C_/Program_Files/Raspberry_Pi/Pico_SDK_v1.5.1/pico-sdk/src/common/pico_time/time.c.obj
 *fill*         0x10007ee9        0x3 
 .rodata.__func__.11
                0x10007eec       0x1a CMakeFiles/myimu.dir/C_/Program_Files/Raspberry_Pi/Pico_SDK_v1.5.1/pico-sdk/src/common/pico_time/time.c.obj
 *fill*         0x10007f06        0x2 
 .rodata.__func__.12
                0x10007f08        0xa CMakeFiles/myimu.dir/C_/Program_Files/Raspberry_Pi/Pico_SDK_v1.5.1/pico-sdk/src/common/pico_time/time.c.obj
 *fill*         0x10007f12        0x2 
 .rodata.__func__.3
                0x10007f14       0x17 CMakeFiles/myimu.dir/C_/Program_Files/Raspberry_Pi/Pico_SDK_v1.5.1/pico-sdk/src/common/pico_time/time.c.obj
 *fill*         0x10007f2b        0x1 
 .rodata.__func__.4
                0x10007f2c       0x12 CMakeFiles/myimu.dir/C_/Program_Files/Raspberry_Pi/Pico_SDK_v1.5.1/pico-sdk/src/common/pico_time/time.c.obj
 *fill*         0x10007f3e        0x2 
 .rodata.__func__.5
                0x10007f40        0xd CMakeFiles/myimu.dir/C_/Program_Files/Raspberry_Pi/Pico_SDK_v1.5.1/pico-sdk/src/common/pico_time/time.c.obj
 *fill*         0x10007f4d        0x3 
 .rodata.__func__.6
                0x10007f50       0x12 CMakeFiles/myimu.dir/C_/Program_Files/Raspberry_Pi/Pico_SDK_v1.5.1/pico-sdk/src/common/pico_time/time.c.obj
 *fill*         0x10007f62        0x2 
 .rodata.__func__.7
                0x10007f64        0xf CMakeFiles/myimu.dir/C_/Program_Files/Raspberry_Pi/Pico_SDK_v1.5.1/pico-sdk/src/common/pico_time/time.c.obj
 *fill*         0x10007f73        0x1 
 .rodata.__func__.8
                0x10007f74        0xc CMakeFiles/myimu.dir/C_/Program_Files/Raspberry_Pi/Pico_SDK_v1.5.1/pico-sdk/src/common/pico_time/time.c.obj
 .rodata.__func__.9
                0x10007f80       0x15 CMakeFiles/myimu.dir/C_/Program_Files/Raspberry_Pi/Pico_SDK_v1.5.1/pico-sdk/src/common/pico_time/time.c.obj
 *fill*         0x10007f95        0x3 
 .rodata.hardware_alarm_claim.str1.4
                0x10007f98       0x22 CMakeFiles/myimu.dir/C_/Program_Files/Raspberry_Pi/Pico_SDK_v1.5.1/pico-sdk/src/rp2_common/hardware_timer/timer.c.obj
 .rodata.busy_wait_us.str1.4
                0x10007fba       0x7d CMakeFiles/myimu.dir/C_/Program_Files/Raspberry_Pi/Pico_SDK_v1.5.1/pico-sdk/src/rp2_common/hardware_timer/timer.c.obj
 *fill*         0x10007fba        0x2 
 .rodata.hardware_alarm_set_target.str1.4
                0x10007fbc       0x81 CMakeFiles/myimu.dir/C_/Program_Files/Raspberry_Pi/Pico_SDK_v1.5.1/pico-sdk/src/rp2_common/hardware_timer/timer.c.obj
 *fill*         0x1000803d        0x3 
 .rodata.__func__.0
                0x10008040       0x1a CMakeFiles/myimu.dir/C_/Program_Files/Raspberry_Pi/Pico_SDK_v1.5.1/pico-sdk/src/rp2_common/hardware_timer/timer.c.obj
 *fill*         0x1000805a        0x2 
 .rodata.__func__.1
                0x1000805c       0x15 CMakeFiles/myimu.dir/C_/Program_Files/Raspberry_Pi/Pico_SDK_v1.5.1/pico-sdk/src/rp2_common/hardware_timer/timer.c.obj
 .rodata.ph_add_child_node.str1.4
                0x10008071       0xb2 CMakeFiles/myimu.dir/C_/Program_Files/Raspberry_Pi/Pico_SDK_v1.5.1/pico-sdk/src/common/pico_util/pheap.c.obj
 *fill*         0x10008071        0x3 
 .rodata.ph_remove_any_head.str1.4
                0x10008074       0xa8 CMakeFiles/myimu.dir/C_/Program_Files/Raspberry_Pi/Pico_SDK_v1.5.1/pico-sdk/src/common/pico_util/pheap.c.obj
                                 0xbc (size before relaxing)
 .rodata.ph_remove_and_free_node.str1.4
                0x1000811c       0x1e CMakeFiles/myimu.dir/C_/Program_Files/Raspberry_Pi/Pico_SDK_v1.5.1/pico-sdk/src/common/pico_util/pheap.c.obj
                                 0x26 (size before relaxing)
 *fill*         0x1000813a        0x2 
 .rodata.__func__.0
                0x1000813c       0x18 CMakeFiles/myimu.dir/C_/Program_Files/Raspberry_Pi/Pico_SDK_v1.5.1/pico-sdk/src/common/pico_util/pheap.c.obj
 .rodata.__func__.1
                0x10008154       0x13 CMakeFiles/myimu.dir/C_/Program_Files/Raspberry_Pi/Pico_SDK_v1.5.1/pico-sdk/src/common/pico_util/pheap.c.obj
 *fill*         0x10008167        0x1 
 .rodata.__func__.2
                0x10008168       0x12 CMakeFiles/myimu.dir/C_/Program_Files/Raspberry_Pi/Pico_SDK_v1.5.1/pico-sdk/src/common/pico_util/pheap.c.obj
 *fill*         0x1000817a        0x2 
 .rodata.__func__.3
                0x1000817c        0xc CMakeFiles/myimu.dir/C_/Program_Files/Raspberry_Pi/Pico_SDK_v1.5.1/pico-sdk/src/common/pico_util/pheap.c.obj
 .rodata.clock_configure.str1.4
                0x10008188       0x73 CMakeFiles/myimu.dir/C_/Program_Files/Raspberry_Pi/Pico_SDK_v1.5.1/pico-sdk/src/rp2_common/hardware_clocks/clocks.c.obj
 *fill*         0x100081fb        0x1 
 .rodata.__func__.1
                0x100081fc       0x10 CMakeFiles/myimu.dir/C_/Program_Files/Raspberry_Pi/Pico_SDK_v1.5.1/pico-sdk/src/rp2_common/hardware_clocks/clocks.c.obj
 .rodata.pll_init.str1.4
                0x1000820c      0x140 CMakeFiles/myimu.dir/C_/Program_Files/Raspberry_Pi/Pico_SDK_v1.5.1/pico-sdk/src/rp2_common/hardware_pll/pll.c.obj
 .rodata.__func__.0
                0x1000834c        0x9 CMakeFiles/myimu.dir/C_/Program_Files/Raspberry_Pi/Pico_SDK_v1.5.1/pico-sdk/src/rp2_common/hardware_pll/pll.c.obj
 *fill*         0x10008355        0x3 
 .rodata.__assert_func.str1.4
                0x10008358       0x3f CMakeFiles/myimu.dir/C_/Program_Files/Raspberry_Pi/Pico_SDK_v1.5.1/pico-sdk/src/rp2_common/pico_runtime/runtime.c.obj
                                 0x43 (size before relaxing)
 *fill*         0x10008397        0x1 
 .rodata.runtime_init.str1.4
                0x10008398       0x7d CMakeFiles/myimu.dir/C_/Program_Files/Raspberry_Pi/Pico_SDK_v1.5.1/pico-sdk/src/rp2_common/pico_runtime/runtime.c.obj
 *fill*         0x10008415        0x3 
 .rodata.panic.str1.4
                0x10008418       0x10 CMakeFiles/myimu.dir/C_/Program_Files/Raspberry_Pi/Pico_SDK_v1.5.1/pico-sdk/src/rp2_common/pico_runtime/runtime.c.obj
                                 0x12 (size before relaxing)
 .rodata.__func__.2
                0x10008428        0xd CMakeFiles/myimu.dir/C_/Program_Files/Raspberry_Pi/Pico_SDK_v1.5.1/pico-sdk/src/rp2_common/pico_runtime/runtime.c.obj
 *fill*         0x10008435        0x3 
 .rodata._ftoa.str1.4
                0x10008438       0x15 CMakeFiles/myimu.dir/C_/Program_Files/Raspberry_Pi/Pico_SDK_v1.5.1/pico-sdk/src/rp2_common/pico_printf/printf.c.obj
 *fill*         0x1000844d        0x3 
 .rodata._vsnprintf
                0x10008450      0x1e0 CMakeFiles/myimu.dir/C_/Program_Files/Raspberry_Pi/Pico_SDK_v1.5.1/pico-sdk/src/rp2_common/pico_printf/printf.c.obj
 .rodata.pow10.0
                0x10008630       0x50 CMakeFiles/myimu.dir/C_/Program_Files/Raspberry_Pi/Pico_SDK_v1.5.1/pico-sdk/src/rp2_common/pico_printf/printf.c.obj
 .rodata.__aeabi_double_init.str1.4
                0x10008680       0xb8 CMakeFiles/myimu.dir/C_/Program_Files/Raspberry_Pi/Pico_SDK_v1.5.1/pico-sdk/src/rp2_common/pico_double/double_init_rom.c.obj
 .rodata.__func__.0
                0x10008738       0x14 CMakeFiles/myimu.dir/C_/Program_Files/Raspberry_Pi/Pico_SDK_v1.5.1/pico-sdk/src/rp2_common/pico_double/double_init_rom.c.obj
 .rodata.__aeabi_float_init.str1.4
                0x1000874c       0x96 CMakeFiles/myimu.dir/C_/Program_Files/Raspberry_Pi/Pico_SDK_v1.5.1/pico-sdk/src/rp2_common/pico_float/float_init_rom.c.obj
                                 0x9a (size before relaxing)
 *fill*         0x100087e2        0x2 
 .rodata.__func__.0
                0x100087e4       0x13 CMakeFiles/myimu.dir/C_/Program_Files/Raspberry_Pi/Pico_SDK_v1.5.1/pico-sdk/src/rp2_common/pico_float/float_init_rom.c.obj
 *fill*         0x100087f7        0x1 
 .rodata.str1.4
                0x100087f8       0x3c CMakeFiles/myimu.dir/C_/Program_Files/Raspberry_Pi/Pico_SDK_v1.5.1/pico-sdk/src/rp2_common/pico_standard_link/binary_info.c.obj
 .rodata.__bi_44
                0x10008834        0xc CMakeFiles/myimu.dir/C_/Program_Files/Raspberry_Pi/Pico_SDK_v1.5.1/pico-sdk/src/rp2_common/pico_standard_link/binary_info.c.obj
 .rodata.__bi_75
                0x10008840        0xc CMakeFiles/myimu.dir/C_/Program_Files/Raspberry_Pi/Pico_SDK_v1.5.1/pico-sdk/src/rp2_common/pico_standard_link/binary_info.c.obj
 .rodata.__bi_81
                0x1000884c        0xc CMakeFiles/myimu.dir/C_/Program_Files/Raspberry_Pi/Pico_SDK_v1.5.1/pico-sdk/src/rp2_common/pico_standard_link/binary_info.c.obj
 .rodata.stdout_serialize_begin.str1.4
                0x10008858       0x7d CMakeFiles/myimu.dir/C_/Program_Files/Raspberry_Pi/Pico_SDK_v1.5.1/pico-sdk/src/rp2_common/pico_stdio/stdio.c.obj
 .rodata.__func__.3
                0x10008858       0x15 CMakeFiles/myimu.dir/C_/Program_Files/Raspberry_Pi/Pico_SDK_v1.5.1/pico-sdk/src/rp2_common/pico_stdio/stdio.c.obj
 *fill*         0x1000886d        0x3 
 .rodata.crlf_str.2
                0x10008870        0x2 CMakeFiles/myimu.dir/C_/Program_Files/Raspberry_Pi/Pico_SDK_v1.5.1/pico-sdk/src/rp2_common/pico_stdio/stdio.c.obj
 *fill*         0x10008872        0x2 
 .rodata.str1.4
                0x10008874       0x2c CMakeFiles/myimu.dir/C_/Program_Files/Raspberry_Pi/Pico_SDK_v1.5.1/pico-sdk/src/rp2_common/pico_stdio_uart/stdio_uart.c.obj
 .rodata.__bi_33.4
                0x100088a0        0xc CMakeFiles/myimu.dir/C_/Program_Files/Raspberry_Pi/Pico_SDK_v1.5.1/pico-sdk/src/rp2_common/pico_stdio_uart/stdio_uart.c.obj
 .rodata.__bi_34.5
                0x100088ac        0x8 CMakeFiles/myimu.dir/C_/Program_Files/Raspberry_Pi/Pico_SDK_v1.5.1/pico-sdk/src/rp2_common/pico_stdio_uart/stdio_uart.c.obj
 .rodata._resetd_driver
                0x100088b4       0x18 CMakeFiles/myimu.dir/C_/Program_Files/Raspberry_Pi/Pico_SDK_v1.5.1/pico-sdk/src/rp2_common/pico_stdio_usb/reset_interface.c.obj
 .rodata.low_priority_worker_irq.str1.4
                0x100088cc       0x7d CMakeFiles/myimu.dir/C_/Program_Files/Raspberry_Pi/Pico_SDK_v1.5.1/pico-sdk/src/rp2_common/pico_stdio_usb/stdio_usb.c.obj
 .rodata.stdio_usb_init.str1.4
                0x100088cc       0x61 CMakeFiles/myimu.dir/C_/Program_Files/Raspberry_Pi/Pico_SDK_v1.5.1/pico-sdk/src/rp2_common/pico_stdio_usb/stdio_usb.c.obj
                                 0x69 (size before relaxing)
 *fill*         0x1000892d        0x3 
 .rodata.str1.4
                0x10008930       0x13 CMakeFiles/myimu.dir/C_/Program_Files/Raspberry_Pi/Pico_SDK_v1.5.1/pico-sdk/src/rp2_common/pico_stdio_usb/stdio_usb.c.obj
 *fill*         0x10008943        0x1 
 .rodata.__bi_182.0
                0x10008944        0xc CMakeFiles/myimu.dir/C_/Program_Files/Raspberry_Pi/Pico_SDK_v1.5.1/pico-sdk/src/rp2_common/pico_stdio_usb/stdio_usb.c.obj
 .rodata.__func__.1
                0x10008950        0xf CMakeFiles/myimu.dir/C_/Program_Files/Raspberry_Pi/Pico_SDK_v1.5.1/pico-sdk/src/rp2_common/pico_stdio_usb/stdio_usb.c.obj
 *fill*         0x1000895f        0x1 
 .rodata.__func__.3
                0x10008960       0x15 CMakeFiles/myimu.dir/C_/Program_Files/Raspberry_Pi/Pico_SDK_v1.5.1/pico-sdk/src/rp2_common/pico_stdio_usb/stdio_usb.c.obj
 *fill*         0x10008975        0x3 
 .rodata.str1.4
                0x10008978       0x2a CMakeFiles/myimu.dir/C_/Program_Files/Raspberry_Pi/Pico_SDK_v1.5.1/pico-sdk/src/rp2_common/pico_stdio_usb/stdio_usb_descriptors.c.obj
 *fill*         0x100089a2        0x2 
 .rodata.usbd_desc_cfg
                0x100089a4       0x54 CMakeFiles/myimu.dir/C_/Program_Files/Raspberry_Pi/Pico_SDK_v1.5.1/pico-sdk/src/rp2_common/pico_stdio_usb/stdio_usb_descriptors.c.obj
 .rodata.usbd_desc_device
                0x100089f8       0x12 CMakeFiles/myimu.dir/C_/Program_Files/Raspberry_Pi/Pico_SDK_v1.5.1/pico-sdk/src/rp2_common/pico_stdio_usb/stdio_usb_descriptors.c.obj
 *fill*         0x10008a0a        0x2 
 .rodata.usbd_desc_str
                0x10008a0c       0x18 CMakeFiles/myimu.dir/C_/Program_Files/Raspberry_Pi/Pico_SDK_v1.5.1/pico-sdk/src/rp2_common/pico_stdio_usb/stdio_usb_descriptors.c.obj
 .rodata.pico_get_unique_board_id_string.str1.4
                0x10008a24       0x69 CMakeFiles/myimu.dir/C_/Program_Files/Raspberry_Pi/Pico_SDK_v1.5.1/pico-sdk/src/rp2_common/pico_unique_id/unique_id.c.obj
 *fill*         0x10008a8d        0x3 
 .rodata.__func__.0
                0x10008a90       0x20 CMakeFiles/myimu.dir/C_/Program_Files/Raspberry_Pi/Pico_SDK_v1.5.1/pico-sdk/src/rp2_common/pico_unique_id/unique_id.c.obj
 .rodata.str1.4
                0x10008ab0      0x176 CMakeFiles/myimu.dir/C_/Program_Files/Raspberry_Pi/Pico_SDK_v1.5.1/pico-sdk/src/rp2_common/hardware_flash/flash.c.obj
 *fill*         0x10008c26        0x2 
 .rodata.__func__.0
                0x10008c28        0xd CMakeFiles/myimu.dir/C_/Program_Files/Raspberry_Pi/Pico_SDK_v1.5.1/pico-sdk/src/rp2_common/hardware_flash/flash.c.obj
 *fill*         0x10008c35        0x3 
 .rodata._hw_endpoint_alloc.str1.4
                0x10008c38       0xd1 CMakeFiles/myimu.dir/C_/Program_Files/Raspberry_Pi/Pico_SDK_v1.5.1/pico-sdk/lib/tinyusb/src/portable/raspberrypi/rp2040/dcd_rp2040.c.obj
 *fill*         0x10008d09        0x3 
 .rodata.str1.4
                0x10008d0c       0x14 CMakeFiles/myimu.dir/C_/Program_Files/Raspberry_Pi/Pico_SDK_v1.5.1/pico-sdk/lib/tinyusb/src/portable/raspberrypi/rp2040/dcd_rp2040.c.obj
 .rodata.dcd_int_enable.str1.4
                0x10008d20        0xc CMakeFiles/myimu.dir/C_/Program_Files/Raspberry_Pi/Pico_SDK_v1.5.1/pico-sdk/lib/tinyusb/src/portable/raspberrypi/rp2040/dcd_rp2040.c.obj
 .rodata.__func__.0
                0x10008d2c        0xe CMakeFiles/myimu.dir/C_/Program_Files/Raspberry_Pi/Pico_SDK_v1.5.1/pico-sdk/lib/tinyusb/src/portable/raspberrypi/rp2040/dcd_rp2040.c.obj
 *fill*         0x10008d3a        0x2 
 .rodata.__func__.1
                0x10008d3c        0xe CMakeFiles/myimu.dir/C_/Program_Files/Raspberry_Pi/Pico_SDK_v1.5.1/pico-sdk/lib/tinyusb/src/portable/raspberrypi/rp2040/dcd_rp2040.c.obj
 *fill*         0x10008d4a        0x2 
 .rodata.__func__.3
                0x10008d4c       0x10 CMakeFiles/myimu.dir/C_/Program_Files/Raspberry_Pi/Pico_SDK_v1.5.1/pico-sdk/lib/tinyusb/src/portable/raspberrypi/rp2040/dcd_rp2040.c.obj
 .rodata.__func__.5
                0x10008d5c        0xf CMakeFiles/myimu.dir/C_/Program_Files/Raspberry_Pi/Pico_SDK_v1.5.1/pico-sdk/lib/tinyusb/src/portable/raspberrypi/rp2040/dcd_rp2040.c.obj
 *fill*         0x10008d6b        0x1 
 .rodata.__func__.6
                0x10008d6c       0x13 CMakeFiles/myimu.dir/C_/Program_Files/Raspberry_Pi/Pico_SDK_v1.5.1/pico-sdk/lib/tinyusb/src/portable/raspberrypi/rp2040/dcd_rp2040.c.obj
 *fill*         0x10008d7f        0x1 
 .rodata.__func__.7
                0x10008d80        0x9 CMakeFiles/myimu.dir/C_/Program_Files/Raspberry_Pi/Pico_SDK_v1.5.1/pico-sdk/lib/tinyusb/src/portable/raspberrypi/rp2040/dcd_rp2040.c.obj
 *fill*         0x10008d89        0x3 
 .rodata.str1.4
                0x10008d8c       0xf9 CMakeFiles/myimu.dir/C_/Program_Files/Raspberry_Pi/Pico_SDK_v1.5.1/pico-sdk/lib/tinyusb/src/portable/raspberrypi/rp2040/rp2040_usb.c.obj
                                0x103 (size before relaxing)
 *fill*         0x10008e85        0x3 
 .rodata.__func__.0
                0x10008e88        0xf CMakeFiles/myimu.dir/C_/Program_Files/Raspberry_Pi/Pico_SDK_v1.5.1/pico-sdk/lib/tinyusb/src/portable/raspberrypi/rp2040/rp2040_usb.c.obj
 *fill*         0x10008e97        0x1 
 .rodata.process_get_descriptor
                0x10008e98       0x40 CMakeFiles/myimu.dir/C_/Program_Files/Raspberry_Pi/Pico_SDK_v1.5.1/pico-sdk/lib/tinyusb/src/device/usbd.c.obj
 .rodata.process_control_request
                0x10008ed8       0x28 CMakeFiles/myimu.dir/C_/Program_Files/Raspberry_Pi/Pico_SDK_v1.5.1/pico-sdk/lib/tinyusb/src/device/usbd.c.obj
 .rodata.tud_task_ext
                0x10008f00       0x24 CMakeFiles/myimu.dir/C_/Program_Files/Raspberry_Pi/Pico_SDK_v1.5.1/pico-sdk/lib/tinyusb/src/device/usbd.c.obj
 .rodata._usbd_driver
                0x10008f24       0x18 CMakeFiles/myimu.dir/C_/Program_Files/Raspberry_Pi/Pico_SDK_v1.5.1/pico-sdk/lib/tinyusb/src/device/usbd.c.obj
 .rodata.i2c_set_baudrate.str1.4
                0x10008f3c       0x79 CMakeFiles/myimu.dir/C_/Program_Files/Raspberry_Pi/Pico_SDK_v1.5.1/pico-sdk/src/rp2_common/hardware_i2c/i2c.c.obj
 *fill*         0x10008fb5        0x3 
 .rodata.__func__.0
                0x10008fb8       0x11 CMakeFiles/myimu.dir/C_/Program_Files/Raspberry_Pi/Pico_SDK_v1.5.1/pico-sdk/src/rp2_common/hardware_i2c/i2c.c.obj
                0x10008fcc                . = ALIGN (0x4)
 *fill*         0x10008fc9        0x3 
 *(SORT_BY_ALIGNMENT(SORT_BY_NAME(.flashdata*)))
                0x10008fcc                . = ALIGN (0x4)

.ARM.extab
 *(.ARM.extab* .gnu.linkonce.armextab.*)
                0x10008fcc                __exidx_start = .

.ARM.exidx
 *(.ARM.exidx* .gnu.linkonce.armexidx.*)
                0x10008fcc                __exidx_end = .
                0x10008fcc                . = ALIGN (0x4)
                0x10008fcc                __binary_info_start = .

.binary_info    0x10008fcc       0x2c
 *(.binary_info.keep.*)
 .binary_info.keep.__bi_ptr11
                0x10008fcc        0x4 CMakeFiles/myimu.dir/imu.c.obj
 .binary_info.keep.__bi_ptr22
                0x10008fd0        0x4 CMakeFiles/myimu.dir/C_/Program_Files/Raspberry_Pi/Pico_SDK_v1.5.1/pico-sdk/src/rp2_common/pico_standard_link/binary_info.c.obj
 .binary_info.keep.__bi_ptr30
                0x10008fd4        0x4 CMakeFiles/myimu.dir/C_/Program_Files/Raspberry_Pi/Pico_SDK_v1.5.1/pico-sdk/src/rp2_common/pico_standard_link/binary_info.c.obj
 .binary_info.keep.__bi_ptr38
                0x10008fd8        0x4 CMakeFiles/myimu.dir/C_/Program_Files/Raspberry_Pi/Pico_SDK_v1.5.1/pico-sdk/src/rp2_common/pico_standard_link/binary_info.c.obj
 .binary_info.keep.__bi_ptr44
                0x10008fdc        0x4 CMakeFiles/myimu.dir/C_/Program_Files/Raspberry_Pi/Pico_SDK_v1.5.1/pico-sdk/src/rp2_common/pico_standard_link/binary_info.c.obj
 .binary_info.keep.__bi_ptr50
                0x10008fe0        0x4 CMakeFiles/myimu.dir/C_/Program_Files/Raspberry_Pi/Pico_SDK_v1.5.1/pico-sdk/src/rp2_common/pico_standard_link/binary_info.c.obj
 .binary_info.keep.__bi_ptr75
                0x10008fe4        0x4 CMakeFiles/myimu.dir/C_/Program_Files/Raspberry_Pi/Pico_SDK_v1.5.1/pico-sdk/src/rp2_common/pico_standard_link/binary_info.c.obj
 .binary_info.keep.__bi_ptr81
                0x10008fe8        0x4 CMakeFiles/myimu.dir/C_/Program_Files/Raspberry_Pi/Pico_SDK_v1.5.1/pico-sdk/src/rp2_common/pico_standard_link/binary_info.c.obj
 *(.binary_info.*)
 .binary_info.__bi_ptr33
                0x10008fec        0x4 CMakeFiles/myimu.dir/C_/Program_Files/Raspberry_Pi/Pico_SDK_v1.5.1/pico-sdk/src/rp2_common/pico_stdio_uart/stdio_uart.c.obj
 .binary_info.__bi_ptr34
                0x10008ff0        0x4 CMakeFiles/myimu.dir/C_/Program_Files/Raspberry_Pi/Pico_SDK_v1.5.1/pico-sdk/src/rp2_common/pico_stdio_uart/stdio_uart.c.obj
 .binary_info.__bi_ptr182
                0x10008ff4        0x4 CMakeFiles/myimu.dir/C_/Program_Files/Raspberry_Pi/Pico_SDK_v1.5.1/pico-sdk/src/rp2_common/pico_stdio_usb/stdio_usb.c.obj
                0x10008ff8                __binary_info_end = .

.rel.dyn        0x10008ff8        0x0
 .rel.iplt      0x10008ff8        0x0 c:/progra~1/raspbe~1/picosd~1.1/gcc-ar~1/bin/../lib/gcc/arm-none-eabi/10.3.1/thumb/v6-m/nofp/crtbegin.o
                0x10008ff8                . = ALIGN (0x4)

.ram_vector_table
                0x20000000       0xc0
 *(.ram_vector_table)
 .ram_vector_table
                0x20000000       0xc0 CMakeFiles/myimu.dir/C_/Program_Files/Raspberry_Pi/Pico_SDK_v1.5.1/pico-sdk/src/rp2_common/pico_runtime/runtime.c.obj
                0x20000000                ram_vector_table

.data           0x200000c0      0xc10 load address 0x10008ff8
                0x200000c0                __data_start__ = .
 *(vtable)
 *(.time_critical*)
 .time_critical.mutex_try_enter
                0x200000c0       0x46 CMakeFiles/myimu.dir/C_/Program_Files/Raspberry_Pi/Pico_SDK_v1.5.1/pico-sdk/src/common/pico_sync/mutex.c.obj
                0x200000c0                mutex_try_enter
 *fill*         0x20000106        0x2 
 .time_critical.mutex_enter_block_until
                0x20000108       0x8c CMakeFiles/myimu.dir/C_/Program_Files/Raspberry_Pi/Pico_SDK_v1.5.1/pico-sdk/src/common/pico_sync/mutex.c.obj
                0x20000108                mutex_enter_block_until
 .time_critical.mutex_try_enter_block_until
                0x20000194       0x34 CMakeFiles/myimu.dir/C_/Program_Files/Raspberry_Pi/Pico_SDK_v1.5.1/pico-sdk/src/common/pico_sync/mutex.c.obj
                0x20000194                mutex_try_enter_block_until
 .time_critical.mutex_enter_timeout_ms
                0x200001c8       0x68 CMakeFiles/myimu.dir/C_/Program_Files/Raspberry_Pi/Pico_SDK_v1.5.1/pico-sdk/src/common/pico_sync/mutex.c.obj
                0x200001c8                mutex_enter_timeout_ms
 .time_critical.mutex_exit
                0x20000230       0x4c CMakeFiles/myimu.dir/C_/Program_Files/Raspberry_Pi/Pico_SDK_v1.5.1/pico-sdk/src/common/pico_sync/mutex.c.obj
                0x20000230                mutex_exit
 .time_critical.flash_init_boot2_copyout
                0x2000027c       0x30 CMakeFiles/myimu.dir/C_/Program_Files/Raspberry_Pi/Pico_SDK_v1.5.1/pico-sdk/src/rp2_common/hardware_flash/flash.c.obj
 .time_critical.flash_enable_xip_via_boot2
                0x200002ac       0x10 CMakeFiles/myimu.dir/C_/Program_Files/Raspberry_Pi/Pico_SDK_v1.5.1/pico-sdk/src/rp2_common/hardware_flash/flash.c.obj
 .time_critical.flash_cs_force
                0x200002bc       0x28 CMakeFiles/myimu.dir/C_/Program_Files/Raspberry_Pi/Pico_SDK_v1.5.1/pico-sdk/src/rp2_common/hardware_flash/flash.c.obj
 .time_critical.flash_do_cmd