Archive member included to satisfy reference by file (symbol)

c:/progra~1/raspbe~1/picosd~1.1/gcc-ar~1/bin/../lib/gcc/arm-none-eabi/10.3.1/thumb/v6-m/nofp\libgcc.a(_dvmd_tls.o)
                              CMakeFiles/motor_control.dir/C_/Program_Files/Raspberry_Pi/Pico_SDK_v1.5.1/pico-sdk/src/rp2_common/pico_divider/divider.S.obj (__aeabi_idiv0)
c:/progra~1/raspbe~1/picosd~1.1/gcc-ar~1/bin/../lib/gcc/arm-none-eabi/10.3.1/../../../../arm-none-eabi/lib/thumb/v6-m/nofp\libg.a(lib_a-calloc.o)
                              CMakeFiles/motor_control.dir/C_/Program_Files/Raspberry_Pi/Pico_SDK_v1.5.1/pico-sdk/src/rp2_common/pico_malloc/pico_malloc.c.obj (calloc)
c:/progra~1/raspbe~1/picosd~1.1/gcc-ar~1/bin/../lib/gcc/arm-none-eabi/10.3.1/../../../../arm-none-eabi/lib/thumb/v6-m/nofp\libg.a(lib_a-callocr.o)
                              c:/progra~1/raspbe~1/picosd~1.1/gcc-ar~1/bin/../lib/gcc/arm-none-eabi/10.3.1/../../../../arm-none-eabi/lib/thumb/v6-m/nofp\libg.a(lib_a-calloc.o) (_calloc_r)
c:/progra~1/raspbe~1/picosd~1.1/gcc-ar~1/bin/../lib/gcc/arm-none-eabi/10.3.1/../../../../arm-none-eabi/lib/thumb/v6-m/nofp\libg.a(lib_a-errno.o)
                              c:/progra~1/raspbe~1/picosd~1.1/gcc-ar~1/bin/../lib/gcc/arm-none-eabi/10.3.1/../../../../arm-none-eabi/lib/thumb/v6-m/nofp\libg.a(lib_a-callocr.o) (__errno)
c:/progra~1/raspbe~1/picosd~1.1/gcc-ar~1/bin/../lib/gcc/arm-none-eabi/10.3.1/../../../../arm-none-eabi/lib/thumb/v6-m/nofp\libg.a(lib_a-impure.o)
                              c:/progra~1/raspbe~1/picosd~1.1/gcc-ar~1/bin/../lib/gcc/arm-none-eabi/10.3.1/../../../../arm-none-eabi/lib/thumb/v6-m/nofp\libg.a(lib_a-calloc.o) (_impure_ptr)
c:/progra~1/raspbe~1/picosd~1.1/gcc-ar~1/bin/../lib/gcc/arm-none-eabi/10.3.1/../../../../arm-none-eabi/lib/thumb/v6-m/nofp\libg.a(lib_a-init.o)
                              c:/progra~1/raspbe~1/picosd~1.1/gcc-ar~1/bin/../lib/gcc/arm-none-eabi/10.3.1/../../../../arm-none-eabi/lib/thumb/v6-m/nofp/crt0.o (__libc_init_array)
c:/progra~1/raspbe~1/picosd~1.1/gcc-ar~1/bin/../lib/gcc/arm-none-eabi/10.3.1/../../../../arm-none-eabi/lib/thumb/v6-m/nofp\libg.a(lib_a-malloc.o)
                              CMakeFiles/motor_control.dir/C_/Program_Files/Raspberry_Pi/Pico_SDK_v1.5.1/pico-sdk/src/rp2_common/pico_malloc/pico_malloc.c.obj (malloc)
c:/progra~1/raspbe~1/picosd~1.1/gcc-ar~1/bin/../lib/gcc/arm-none-eabi/10.3.1/../../../../arm-none-eabi/lib/thumb/v6-m/nofp\libg.a(lib_a-mallocr.o)
                              c:/progra~1/raspbe~1/picosd~1.1/gcc-ar~1/bin/../lib/gcc/arm-none-eabi/10.3.1/../../../../arm-none-eabi/lib/thumb/v6-m/nofp\libg.a(lib_a-callocr.o) (_malloc_r)
c:/progra~1/raspbe~1/picosd~1.1/gcc-ar~1/bin/../lib/gcc/arm-none-eabi/10.3.1/../../../../arm-none-eabi/lib/thumb/v6-m/nofp\libg.a(lib_a-mlock.o)
                              c:/progra~1/raspbe~1/picosd~1.1/gcc-ar~1/bin/../lib/gcc/arm-none-eabi/10.3.1/../../../../arm-none-eabi/lib/thumb/v6-m/nofp\libg.a(lib_a-mallocr.o) (__malloc_lock)
c:/progra~1/raspbe~1/picosd~1.1/gcc-ar~1/bin/../lib/gcc/arm-none-eabi/10.3.1/../../../../arm-none-eabi/lib/thumb/v6-m/nofp\libg.a(lib_a-realloc.o)
                              CMakeFiles/motor_control.dir/C_/Program_Files/Raspberry_Pi/Pico_SDK_v1.5.1/pico-sdk/src/rp2_common/pico_malloc/pico_malloc.c.obj (realloc)
c:/progra~1/raspbe~1/picosd~1.1/gcc-ar~1/bin/../lib/gcc/arm-none-eabi/10.3.1/../../../../arm-none-eabi/lib/thumb/v6-m/nofp\libg.a(lib_a-reallocr.o)
                              c:/progra~1/raspbe~1/picosd~1.1/gcc-ar~1/bin/../lib/gcc/arm-none-eabi/10.3.1/../../../../arm-none-eabi/lib/thumb/v6-m/nofp\libg.a(lib_a-realloc.o) (_realloc_r)
c:/progra~1/raspbe~1/picosd~1.1/gcc-ar~1/bin/../lib/gcc/arm-none-eabi/10.3.1/../../../../arm-none-eabi/lib/thumb/v6-m/nofp\libg.a(lib_a-sbrkr.o)
                              c:/progra~1/raspbe~1/picosd~1.1/gcc-ar~1/bin/../lib/gcc/arm-none-eabi/10.3.1/../../../../arm-none-eabi/lib/thumb/v6-m/nofp\libg.a(lib_a-mallocr.o) (_sbrk_r)
c:/progra~1/raspbe~1/picosd~1.1/gcc-ar~1/bin/../lib/gcc/arm-none-eabi/10.3.1/../../../../arm-none-eabi/lib/thumb/v6-m/nofp\libg.a(lib_a-strcpy.o)
                              CMakeFiles/motor_control.dir/bluetooth.c.obj (strcpy)
c:/progra~1/raspbe~1/picosd~1.1/gcc-ar~1/bin/../lib/gcc/arm-none-eabi/10.3.1/../../../../arm-none-eabi/lib/thumb/v6-m/nofp\libg.a(lib_a-strlen-stub.o)
                              CMakeFiles/motor_control.dir/C_/Program_Files/Raspberry_Pi/Pico_SDK_v1.5.1/pico-sdk/src/rp2_common/pico_stdio/stdio.c.obj (strlen)
c:/progra~1/raspbe~1/picosd~1.1/gcc-ar~1/bin/../lib/gcc/arm-none-eabi/10.3.1/../../../../arm-none-eabi/lib/thumb/v6-m/nofp\libg.a(lib_a-freer.o)
                              c:/progra~1/raspbe~1/picosd~1.1/gcc-ar~1/bin/../lib/gcc/arm-none-eabi/10.3.1/../../../../arm-none-eabi/lib/thumb/v6-m/nofp\libg.a(lib_a-malloc.o) (_free_r)
[...]
Memory Configuration

Name             Origin             Length             Attributes
FLASH            0x10000000         0x00200000         xr
RAM              0x20000000         0x00040000         xrw
SCRATCH_X        0x20040000         0x00001000         xrw
SCRATCH_Y        0x20041000         0x00001000         xrw
*default*        0x00000000         0xffffffff

Linker script and memory map

LOAD c:/progra~1/raspbe~1/picosd~1.1/gcc-ar~1/bin/../lib/gcc/arm-none-eabi/10.3.1/thumb/v6-m/nofp/crti.o
LOAD c:/progra~1/raspbe~1/picosd~1.1/gcc-ar~1/bin/../lib/gcc/arm-none-eabi/10.3.1/thumb/v6-m/nofp/crtbegin.o
LOAD c:/progra~1/raspbe~1/picosd~1.1/gcc-ar~1/bin/../lib/gcc/arm-none-eabi/10.3.1/../../../../arm-none-eabi/lib/thumb/v6-m/nofp/crt0.o

.flash_begin    0x10000000        0x0
                0x10000000                __flash_binary_start = .

.boot2          0x10000000      0x100
                0x10000000                __boot2_start__ = .
 *(.boot2)
 .boot2         0x10000000      0x100 C:\Users\Acer\AppData\Local\Temp\ccG4jgJq.o
                0x10000100                __boot2_end__ = .
                0x00000001                ASSERT (((__boot2_end__ - __boot2_start__) == 0x100), ERROR: Pico second stage bootloader must be 256 bytes in size)

.text           0x10000100     0x9650
                0x10000100                __logical_binary_start = .
 *(.vectors)
 .vectors       0x10000100       0xd4 CMakeFiles/motor_control.dir/C_/Program_Files/Raspberry_Pi/Pico_SDK_v1.5.1/pico-sdk/src/rp2_common/pico_standard_link/crt0.S.obj
                0x10000100                __VECTOR_TABLE
                0x10000100                __vectors
                0x100001c0                isr_invalid
                0x100001c0                __default_isrs_start
                0x100001c2                isr_nmi
                0x100001c4                isr_hardfault
                0x100001c6                isr_svcall
                0x100001c8                isr_pendsv
                0x100001ca                isr_systick
                0x100001cc                isr_irq23
                0x100001cc                isr_irq18
                0x100001cc                isr_irq11
                0x100001cc                isr_irq28
                0x100001cc                isr_irq19
                0x100001cc                isr_irq0
                0x100001cc                isr_irq6
                0x100001cc                isr_irq5
                0x100001cc                isr_irq12
                0x100001cc                isr_irq22
                0x100001cc                isr_irq31
                0x100001cc                isr_irq17
                0x100001cc                isr_irq27
                0x100001cc                isr_irq30
                0x100001cc                isr_irq2
                0x100001cc                isr_irq10
                0x100001cc                isr_irq8
                0x100001cc                isr_irq24
                0x100001cc                isr_irq1
                0x100001cc                isr_irq7
                0x100001cc                isr_irq21
                0x100001cc                isr_irq20
                0x100001cc                isr_irq15
                0x100001cc                isr_irq25
                0x100001cc                isr_irq13
                0x100001cc                __unhandled_user_irq
                0x100001cc                isr_irq4
                0x100001cc                isr_irq16
                0x100001cc                isr_irq29
                0x100001cc                isr_irq26
                0x100001cc                __default_isrs_end
                0x100001cc                isr_irq3
                0x100001cc                isr_irq14
                0x100001cc                isr_irq9
                0x100001d2                unhandled_user_irq_num_in_r0
 *(.binary_info_header)
 .binary_info_header
                0x100001d4       0x14 CMakeFiles/motor_control.dir/C_/Program_Files/Raspberry_Pi/Pico_SDK_v1.5.1/pico-sdk/src/rp2_common/pico_standard_link/crt0.S.obj
                0x100001e8                __binary_info_header_end = .
 *(.reset)
 .reset         0x100001e8       0xa0 CMakeFiles/motor_control.dir/C_/Program_Files/Raspberry_Pi/Pico_SDK_v1.5.1/pico-sdk/src/rp2_common/pico_standard_link/crt0.S.obj
                0x100001e8                _entry_point
 .reset         0x10000288       0x30 CMakeFiles/motor_control.dir/C_/Program_Files/Raspberry_Pi/Pico_SDK_v1.5.1/pico-sdk/src/rp2_common/pico_standard_link/binary_info.c.obj
 *(.init)
 .init          0x100002b8        0x4 c:/progra~1/raspbe~1/picosd~1.1/gcc-ar~1/bin/../lib/gcc/arm-none-eabi/10.3.1/thumb/v6-m/nofp/crti.o
                0x100002b8                _init
 *(EXCLUDE_FILE(*libm.a: *libc.a:*lib_a-mem*.o *libgcc.a:) .text*)
 .text          0x100002bc       0x48 c:/progra~1/raspbe~1/picosd~1.1/gcc-ar~1/bin/../lib/gcc/arm-none-eabi/10.3.1/thumb/v6-m/nofp/crtbegin.o
 .text.main2    0x10000304      0x29c CMakeFiles/motor_control.dir/main.c.obj
                0x10000304                main2
 .text.main     0x100005a0      0x324 CMakeFiles/motor_control.dir/main.c.obj
                0x100005a0                main
 .text.uart_rx_handler
                0x100008c4       0x9c CMakeFiles/motor_control.dir/bluetooth.c.obj
                0x100008c4                uart_rx_handler
 .text.initUart
                0x10000960       0x74 CMakeFiles/motor_control.dir/bluetooth.c.obj
                0x10000960                initUart
 .text.planta   0x100009d4      0x238 CMakeFiles/motor_control.dir/control.c.obj
                0x100009d4                planta
 .text.control  0x10000c0c      0x1b4 CMakeFiles/motor_control.dir/control.c.obj
                0x10000c0c                control
 .text.initPWM  0x10000dc0       0xb4 CMakeFiles/motor_control.dir/motor_control.c.obj
                0x10000dc0                initPWM
 .text.initMotor
                0x10000e74       0x98 CMakeFiles/motor_control.dir/motor_control.c.obj
                0x10000e74                initMotor
 .text.moverMotor
                0x10000f0c      0x134 CMakeFiles/motor_control.dir/motor_control.c.obj
                0x10000f0c                moverMotor
 .text.setDutyxPID
                0x10001040       0x64 CMakeFiles/motor_control.dir/motor_control.c.obj
                0x10001040                setDutyxPID
 .text.initMotorControl
                0x100010a4       0x3c CMakeFiles/motor_control.dir/motor_control.c.obj
                0x100010a4                initMotorControl
 .text.adjustPWM
                0x100010e0       0xac CMakeFiles/motor_control.dir/motor_control.c.obj
                0x100010e0                adjustPWM
 .text.reserved_addr
                0x1000118c       0x1a CMakeFiles/motor_control.dir/wheel_control.c.obj
                0x1000118c                reserved_addr
 *fill*         0x100011a6        0x2 
 .text.initI2C  0x100011a8      0x170 CMakeFiles/motor_control.dir/wheel_control.c.obj
                0x100011a8                initI2C
 .text.obtainAngle
                0x10001318      0x120 CMakeFiles/motor_control.dir/wheel_control.c.obj
                0x10001318                obtainAngle
 .text.switchI2c
                0x10001438       0x28 CMakeFiles/motor_control.dir/wheel_control.c.obj
                0x10001438                switchI2c
 .text.checkMagnetPresent
                0x10001460       0xe8 CMakeFiles/motor_control.dir/wheel_control.c.obj
                0x10001460                checkMagnetPresent
 .text.calcularControlPID
                0x10001548      0x16c CMakeFiles/motor_control.dir/wheel_control.c.obj
                0x10001548                calcularControlPID
 .text.setOffset
                0x100016b4       0x24 CMakeFiles/motor_control.dir/imu.c.obj
                0x100016b4                setOffset
 .text.mpu6050_reset
                0x100016d8       0x60 CMakeFiles/motor_control.dir/imu.c.obj
                0x100016d8                mpu6050_reset
 .text.mpu6050_read_raw
                0x10001738       0x40 CMakeFiles/motor_control.dir/imu.c.obj
                0x10001738                mpu6050_read_raw
 .text.gpio_set_function
                0x10001778       0x30 CMakeFiles/motor_control.dir/C_/Program_Files/Raspberry_Pi/Pico_SDK_v1.5.1/pico-sdk/src/rp2_common/hardware_gpio/gpio.c.obj
                0x10001778                gpio_set_function
 .text.gpio_set_pulls
                0x100017a8       0x34 CMakeFiles/motor_control.dir/C_/Program_Files/Raspberry_Pi/Pico_SDK_v1.5.1/pico-sdk/src/rp2_common/hardware_gpio/gpio.c.obj
                0x100017a8                gpio_set_pulls
 .text.running_on_fpga
                0x100017dc       0x14 CMakeFiles/motor_control.dir/C_/Program_Files/Raspberry_Pi/Pico_SDK_v1.5.1/pico-sdk/src/rp2_common/pico_platform/platform.c.obj
                0x100017dc                running_on_fpga
 .text.hw_claim_lock
                0x100017f0       0x18 CMakeFiles/motor_control.dir/C_/Program_Files/Raspberry_Pi/Pico_SDK_v1.5.1/pico-sdk/src/rp2_common/hardware_claim/claim.c.obj
                0x100017f0                hw_claim_lock
 .text.hw_claim_unlock
                0x10001808       0x14 CMakeFiles/motor_control.dir/C_/Program_Files/Raspberry_Pi/Pico_SDK_v1.5.1/pico-sdk/src/rp2_common/hardware_claim/claim.c.obj
                0x10001808                hw_claim_unlock
 .text.hw_claim_or_assert
                0x1000181c       0x32 CMakeFiles/motor_control.dir/C_/Program_Files/Raspberry_Pi/Pico_SDK_v1.5.1/pico-sdk/src/rp2_common/hardware_claim/claim.c.obj
                0x1000181c                hw_claim_or_assert
 .text.hw_claim_unused_from_range
                0x1000184e       0x50 CMakeFiles/motor_control.dir/C_/Program_Files/Raspberry_Pi/Pico_SDK_v1.5.1/pico-sdk/src/rp2_common/hardware_claim/claim.c.obj
                0x1000184e                hw_claim_unused_from_range
 *fill*         0x1000189e        0x2 
 .text.spin_locks_reset
                0x100018a0       0x20 CMakeFiles/motor_control.dir/C_/Program_Files/Raspberry_Pi/Pico_SDK_v1.5.1/pico-sdk/src/rp2_common/hardware_sync/sync.c.obj
                0x100018a0                spin_locks_reset
 .text.next_striped_spin_lock_num
                0x100018c0       0x1c CMakeFiles/motor_control.dir/C_/Program_Files/Raspberry_Pi/Pico_SDK_v1.5.1/pico-sdk/src/rp2_common/hardware_sync/sync.c.obj
                0x100018c0                next_striped_spin_lock_num
 .text.spin_lock_claim_unused
                0x100018dc       0x20 CMakeFiles/motor_control.dir/C_/Program_Files/Raspberry_Pi/Pico_SDK_v1.5.1/pico-sdk/src/rp2_common/hardware_sync/sync.c.obj
                0x100018dc                spin_lock_claim_unused
 .text.set_raw_irq_handler_and_unlock
                0x100018fc       0x28 CMakeFiles/motor_control.dir/C_/Program_Files/Raspberry_Pi/Pico_SDK_v1.5.1/pico-sdk/src/rp2_common/hardware_irq/irq.c.obj
 .text.make_branch
                0x10001924       0x48 CMakeFiles/motor_control.dir/C_/Program_Files/Raspberry_Pi/Pico_SDK_v1.5.1/pico-sdk/src/rp2_common/hardware_irq/irq.c.obj
 .text.insert_branch_and_link
                0x1000196c       0x40 CMakeFiles/motor_control.dir/C_/Program_Files/Raspberry_Pi/Pico_SDK_v1.5.1/pico-sdk/src/rp2_common/hardware_irq/irq.c.obj
 .text.irq_is_enabled
                0x100019ac       0x18 CMakeFiles/motor_control.dir/C_/Program_Files/Raspberry_Pi/Pico_SDK_v1.5.1/pico-sdk/src/rp2_common/hardware_irq/irq.c.obj
                0x100019ac                irq_is_enabled
 .text.irq_set_mask_enabled
                0x100019c4       0x20 CMakeFiles/motor_control.dir/C_/Program_Files/Raspberry_Pi/Pico_SDK_v1.5.1/pico-sdk/src/rp2_common/hardware_irq/irq.c.obj
                0x100019c4                irq_set_mask_enabled
 .text.irq_set_enabled
                0x100019e4        0xe CMakeFiles/motor_control.dir/C_/Program_Files/Raspberry_Pi/Pico_SDK_v1.5.1/pico-sdk/src/rp2_common/hardware_irq/irq.c.obj
                0x100019e4                irq_set_enabled
 *fill*         0x100019f2        0x2 
 .text.irq_set_pending
                0x100019f4       0x10 CMakeFiles/motor_control.dir/C_/Program_Files/Raspberry_Pi/Pico_SDK_v1.5.1/pico-sdk/src/rp2_common/hardware_irq/irq.c.obj
                0x100019f4                irq_set_pending
 .text.irq_get_vtable_handler
                0x10001a04       0x10 CMakeFiles/motor_control.dir/C_/Program_Files/Raspberry_Pi/Pico_SDK_v1.5.1/pico-sdk/src/rp2_common/hardware_irq/irq.c.obj
                0x10001a04                irq_get_vtable_handler
 .text.irq_has_shared_handler
                0x10001a14       0x24 CMakeFiles/motor_control.dir/C_/Program_Files/Raspberry_Pi/Pico_SDK_v1.5.1/pico-sdk/src/rp2_common/hardware_irq/irq.c.obj
                0x10001a14                irq_has_shared_handler
 .text.irq_set_exclusive_handler
                0x10001a38       0x54 CMakeFiles/motor_control.dir/C_/Program_Files/Raspberry_Pi/Pico_SDK_v1.5.1/pico-sdk/src/rp2_common/hardware_irq/irq.c.obj
                0x10001a38                irq_set_exclusive_handler
 .text.irq_add_shared_handler
                0x10001a8c      0x234 CMakeFiles/motor_control.dir/C_/Program_Files/Raspberry_Pi/Pico_SDK_v1.5.1/pico-sdk/src/rp2_common/hardware_irq/irq.c.obj
                0x10001a8c                irq_add_shared_handler
 .text.irq_remove_handler
                0x10001cc0      0x1ac CMakeFiles/motor_control.dir/C_/Program_Files/Raspberry_Pi/Pico_SDK_v1.5.1/pico-sdk/src/rp2_common/hardware_irq/irq.c.obj
                0x10001cc0                irq_remove_handler
 .text.irq_add_tail_to_free_list
                0x10001e6c       0xf0 CMakeFiles/motor_control.dir/C_/Program_Files/Raspberry_Pi/Pico_SDK_v1.5.1/pico-sdk/src/rp2_common/hardware_irq/irq.c.obj
                0x10001e6c                irq_add_tail_to_free_list
 .text.irq_init_priorities
                0x10001f5c       0x1c CMakeFiles/motor_control.dir/C_/Program_Files/Raspberry_Pi/Pico_SDK_v1.5.1/pico-sdk/src/rp2_common/hardware_irq/irq.c.obj
                0x10001f5c                irq_init_priorities
 .text.user_irq_claim_unused
                0x10001f78       0x28 CMakeFiles/motor_control.dir/C_/Program_Files/Raspberry_Pi/Pico_SDK_v1.5.1/pico-sdk/src/rp2_common/hardware_irq/irq.c.obj
                0x10001f78                user_irq_claim_unused
 .text.sem_init
                0x10001fa0       0x1e CMakeFiles/motor_control.dir/C_/Program_Files/Raspberry_Pi/Pico_SDK_v1.5.1/pico-sdk/src/common/pico_sync/sem.c.obj
                0x10001fa0                sem_init
 *fill*         0x10001fbe        0x2 
 .text.lock_init
                0x10001fc0       0x10 CMakeFiles/motor_control.dir/C_/Program_Files/Raspberry_Pi/Pico_SDK_v1.5.1/pico-sdk/src/common/pico_sync/lock_core.c.obj
                0x10001fc0                lock_init
 .text.mutex_init
                0x10001fd0       0x1a CMakeFiles/motor_control.dir/C_/Program_Files/Raspberry_Pi/Pico_SDK_v1.5.1/pico-sdk/src/common/pico_sync/mutex.c.obj
                0x10001fd0                mutex_init
 .text.recursive_mutex_init
                0x10001fea       0x1e CMakeFiles/motor_control.dir/C_/Program_Files/Raspberry_Pi/Pico_SDK_v1.5.1/pico-sdk/src/common/pico_sync/mutex.c.obj
                0x10001fea                recursive_mutex_init
 .text.critical_section_init_with_lock_num
                0x10002008       0x14 CMakeFiles/motor_control.dir/C_/Program_Files/Raspberry_Pi/Pico_SDK_v1.5.1/pico-sdk/src/common/pico_sync/critical_section.c.obj
                0x10002008                critical_section_init_with_lock_num
 .text.critical_section_init
                0x1000201c       0x14 CMakeFiles/motor_control.dir/C_/Program_Files/Raspberry_Pi/Pico_SDK_v1.5.1/pico-sdk/src/common/pico_sync/critical_section.c.obj
                0x1000201c                critical_section_init
 .text.alarm_pool_post_alloc_init
                0x10002030       0x40 CMakeFiles/motor_control.dir/C_/Program_Files/Raspberry_Pi/Pico_SDK_v1.5.1/pico-sdk/src/common/pico_time/time.c.obj
 .text.sleep_until_callback
                0x10002070       0x30 CMakeFiles/motor_control.dir/C_/Program_Files/Raspberry_Pi/Pico_SDK_v1.5.1/pico-sdk/src/common/pico_time/time.c.obj
 .text.timer_pool_entry_comparator
                0x100020a0       0x7c CMakeFiles/motor_control.dir/C_/Program_Files/Raspberry_Pi/Pico_SDK_v1.5.1/pico-sdk/src/common/pico_time/time.c.obj
                0x100020a0                timer_pool_entry_comparator
 .text.ph_add_child_node
                0x1000211c       0xa4 CMakeFiles/motor_control.dir/C_/Program_Files/Raspberry_Pi/Pico_SDK_v1.5.1/pico-sdk/src/common/pico_time/time.c.obj
 .text.ph_merge_nodes
                0x100021c0       0x3e CMakeFiles/motor_control.dir/C_/Program_Files/Raspberry_Pi/Pico_SDK_v1.5.1/pico-sdk/src/common/pico_time/time.c.obj
 *fill*         0x100021fe        0x2 
 .text.add_alarm_under_lock
                0x10002200      0x174 CMakeFiles/motor_control.dir/C_/Program_Files/Raspberry_Pi/Pico_SDK_v1.5.1/pico-sdk/src/common/pico_time/time.c.obj
 .text.alarm_pool_alarm_callback
                0x10002374      0x33c CMakeFiles/motor_control.dir/C_/Program_Files/Raspberry_Pi/Pico_SDK_v1.5.1/pico-sdk/src/common/pico_time/time.c.obj
 .text.alarm_pool_init_default
                0x100026b0       0x40 CMakeFiles/motor_control.dir/C_/Program_Files/Raspberry_Pi/Pico_SDK_v1.5.1/pico-sdk/src/common/pico_time/time.c.obj
                0x100026b0                alarm_pool_init_default
 .text.alarm_pool_get_default
                0x100026f0       0x2c CMakeFiles/motor_control.dir/C_/Program_Files/Raspberry_Pi/Pico_SDK_v1.5.1/pico-sdk/src/common/pico_time/time.c.obj
                0x100026f0                alarm_pool_get_default
 .text.alarm_pool_add_alarm_at
                0x1000271c      0x168 CMakeFiles/motor_control.dir/C_/Program_Files/Raspberry_Pi/Pico_SDK_v1.5.1/pico-sdk/src/common/pico_time/time.c.obj
                0x1000271c                alarm_pool_add_alarm_at
 .text.alarm_pool_cancel_alarm
                0x10002884       0xf8 CMakeFiles/motor_control.dir/C_/Program_Files/Raspberry_Pi/Pico_SDK_v1.5.1/pico-sdk/src/common/pico_time/time.c.obj
                0x10002884                alarm_pool_cancel_alarm
 .text.alarm_pool_core_num
                0x1000297c        0x4 CMakeFiles/motor_control.dir/C_/Program_Files/Raspberry_Pi/Pico_SDK_v1.5.1/pico-sdk/src/common/pico_time/time.c.obj
                0x1000297c                alarm_pool_core_num
 .text.sleep_until
                0x10002980       0xfc CMakeFiles/motor_control.dir/C_/Program_Files/Raspberry_Pi/Pico_SDK_v1.5.1/pico-sdk/src/common/pico_time/time.c.obj
                0x10002980                sleep_until
 .text.sleep_us
                0x10002a7c       0x58 CMakeFiles/motor_control.dir/C_/Program_Files/Raspberry_Pi/Pico_SDK_v1.5.1/pico-sdk/src/common/pico_time/time.c.obj
                0x10002a7c                sleep_us
 .text.sleep_ms
                0x10002ad4       0x14 CMakeFiles/motor_control.dir/C_/Program_Files/Raspberry_Pi/Pico_SDK_v1.5.1/pico-sdk/src/common/pico_time/time.c.obj
                0x10002ad4                sleep_ms
 .text.best_effort_wfe_or_timeout
                0x10002ae8       0xac CMakeFiles/motor_control.dir/C_/Program_Files/Raspberry_Pi/Pico_SDK_v1.5.1/pico-sdk/src/common/pico_time/time.c.obj
                0x10002ae8                best_effort_wfe_or_timeout
 .text.hardware_alarm_irq_handler
                0x10002b94       0x90 CMakeFiles/motor_control.dir/C_/Program_Files/Raspberry_Pi/Pico_SDK_v1.5.1/pico-sdk/src/rp2_common/hardware_timer/timer.c.obj
 .text.hardware_alarm_claim
                0x10002c24       0x18 CMakeFiles/motor_control.dir/C_/Program_Files/Raspberry_Pi/Pico_SDK_v1.5.1/pico-sdk/src/rp2_common/hardware_timer/timer.c.obj
                0x10002c24                hardware_alarm_claim
 .text.time_us_64
                0x10002c3c       0x18 CMakeFiles/motor_control.dir/C_/Program_Files/Raspberry_Pi/Pico_SDK_v1.5.1/pico-sdk/src/rp2_common/hardware_timer/timer.c.obj
                0x10002c3c                time_us_64
 .text.busy_wait_until
                0x10002c54       0x28 CMakeFiles/motor_control.dir/C_/Program_Files/Raspberry_Pi/Pico_SDK_v1.5.1/pico-sdk/src/rp2_common/hardware_timer/timer.c.obj
                0x10002c54                busy_wait_until
 .text.busy_wait_us
                0x10002c7c       0x48 CMakeFiles/motor_control.dir/C_/Program_Files/Raspberry_Pi/Pico_SDK_v1.5.1/pico-sdk/src/rp2_common/hardware_timer/timer.c.obj
                0x10002c7c                busy_wait_us
 .text.hardware_alarm_set_callback
                0x10002cc4       0x90 CMakeFiles/motor_control.dir/C_/Program_Files/Raspberry_Pi/Pico_SDK_v1.5.1/pico-sdk/src/rp2_common/hardware_timer/timer.c.obj
                0x10002cc4                hardware_alarm_set_callback
 .text.hardware_alarm_set_target
                0x10002d54       0xe8 CMakeFiles/motor_control.dir/C_/Program_Files/Raspberry_Pi/Pico_SDK_v1.5.1/pico-sdk/src/rp2_common/hardware_timer/timer.c.obj
                0x10002d54                hardware_alarm_set_target
 .text.hardware_alarm_cancel
                0x10002e3c       0x40 CMakeFiles/motor_control.dir/C_/Program_Files/Raspberry_Pi/Pico_SDK_v1.5.1/pico-sdk/src/rp2_common/hardware_timer/timer.c.obj
                0x10002e3c                hardware_alarm_cancel
 .text.ph_add_child_node
                0x10002e7c       0xa4 CMakeFiles/motor_control.dir/C_/Program_Files/Raspberry_Pi/Pico_SDK_v1.5.1/pico-sdk/src/common/pico_util/pheap.c.obj
 .text.ph_merge_nodes
                0x10002f20       0x3e CMakeFiles/motor_control.dir/C_/Program_Files/Raspberry_Pi/Pico_SDK_v1.5.1/pico-sdk/src/common/pico_util/pheap.c.obj
 *fill*         0x10002f5e        0x2 
 .text.ph_clear
                0x10002f60       0x70 CMakeFiles/motor_control.dir/C_/Program_Files/Raspberry_Pi/Pico_SDK_v1.5.1/pico-sdk/src/common/pico_util/pheap.c.obj
                0x10002f60                ph_clear
 .text.ph_post_alloc_init
                0x10002fd0        0xe CMakeFiles/motor_control.dir/C_/Program_Files/Raspberry_Pi/Pico_SDK_v1.5.1/pico-sdk/src/common/pico_util/pheap.c.obj
                0x10002fd0                ph_post_alloc_init
 *fill*         0x10002fde        0x2 
 .text.ph_merge_two_pass
                0x10002fe0       0xa8 CMakeFiles/motor_control.dir/C_/Program_Files/Raspberry_Pi/Pico_SDK_v1.5.1/pico-sdk/src/common/pico_util/pheap.c.obj
                0x10002fe0                ph_merge_two_pass
 .text.ph_remove_any_head
                0x10003088      0x128 CMakeFiles/motor_control.dir/C_/Program_Files/Raspberry_Pi/Pico_SDK_v1.5.1/pico-sdk/src/common/pico_util/pheap.c.obj
 .text.ph_remove_head
                0x100031b0       0x14 CMakeFiles/motor_control.dir/C_/Program_Files/Raspberry_Pi/Pico_SDK_v1.5.1/pico-sdk/src/common/pico_util/pheap.c.obj
                0x100031b0                ph_remove_head
 .text.ph_remove_and_free_node
                0x100031c4       0xf8 CMakeFiles/motor_control.dir/C_/Program_Files/Raspberry_Pi/Pico_SDK_v1.5.1/pico-sdk/src/common/pico_util/pheap.c.obj
                0x100031c4                ph_remove_and_free_node
 .text.uart_disable_before_lcr_write
                0x100032bc       0x48 CMakeFiles/motor_control.dir/C_/Program_Files/Raspberry_Pi/Pico_SDK_v1.5.1/pico-sdk/src/rp2_common/hardware_uart/uart.c.obj
 .text.uart_write_lcr_bits_masked
                0x10003304       0x22 CMakeFiles/motor_control.dir/C_/Program_Files/Raspberry_Pi/Pico_SDK_v1.5.1/pico-sdk/src/rp2_common/hardware_uart/uart.c.obj
 *fill*         0x10003326        0x2 
 .text.uart_set_baudrate
                0x10003328       0x5c CMakeFiles/motor_control.dir/C_/Program_Files/Raspberry_Pi/Pico_SDK_v1.5.1/pico-sdk/src/rp2_common/hardware_uart/uart.c.obj
                0x10003328                uart_set_baudrate
 .text.uart_set_format
                0x10003384       0x2c CMakeFiles/motor_control.dir/C_/Program_Files/Raspberry_Pi/Pico_SDK_v1.5.1/pico-sdk/src/rp2_common/hardware_uart/uart.c.obj
                0x10003384                uart_set_format
 .text.uart_set_fifo_enabled
                0x100033b0       0x10 CMakeFiles/motor_control.dir/C_/Program_Files/Raspberry_Pi/Pico_SDK_v1.5.1/pico-sdk/src/rp2_common/hardware_uart/uart.c.obj
                0x100033b0                uart_set_fifo_enabled
 .text.uart_set_translate_crlf
                0x100033c0       0x28 CMakeFiles/motor_control.dir/C_/Program_Files/Raspberry_Pi/Pico_SDK_v1.5.1/pico-sdk/src/rp2_common/hardware_uart/uart.c.obj
                0x100033c0                uart_set_translate_crlf
 .text.uart_init
                0x100033e8       0x80 CMakeFiles/motor_control.dir/C_/Program_Files/Raspberry_Pi/Pico_SDK_v1.5.1/pico-sdk/src/rp2_common/hardware_uart/uart.c.obj
                0x100033e8                uart_init
 .text.clock_configure
                0x10003468      0x108 CMakeFiles/motor_control.dir/C_/Program_Files/Raspberry_Pi/Pico_SDK_v1.5.1/pico-sdk/src/rp2_common/hardware_clocks/clocks.c.obj
                0x10003468                clock_configure
 .text.clocks_init
                0x10003570      0x100 CMakeFiles/motor_control.dir/C_/Program_Files/Raspberry_Pi/Pico_SDK_v1.5.1/pico-sdk/src/rp2_common/hardware_clocks/clocks.c.obj
                0x10003570                clocks_init
 .text.clock_get_hz
                0x10003670        0xc CMakeFiles/motor_control.dir/C_/Program_Files/Raspberry_Pi/Pico_SDK_v1.5.1/pico-sdk/src/rp2_common/hardware_clocks/clocks.c.obj
                0x10003670                clock_get_hz
 .text.pll_init
                0x1000367c      0x120 CMakeFiles/motor_control.dir/C_/Program_Files/Raspberry_Pi/Pico_SDK_v1.5.1/pico-sdk/src/rp2_common/hardware_pll/pll.c.obj
                0x1000367c                pll_init
 .text.watchdog_start_tick
                0x1000379c       0x10 CMakeFiles/motor_control.dir/C_/Program_Files/Raspberry_Pi/Pico_SDK_v1.5.1/pico-sdk/src/rp2_common/hardware_watchdog/watchdog.c.obj
                0x1000379c                watchdog_start_tick
 .text.watchdog_update
                0x100037ac       0x14 CMakeFiles/motor_control.dir/C_/Program_Files/Raspberry_Pi/Pico_SDK_v1.5.1/pico-sdk/src/rp2_common/hardware_watchdog/watchdog.c.obj
                0x100037ac                watchdog_update
 .text._watchdog_enable
                0x100037c0       0x78 CMakeFiles/motor_control.dir/C_/Program_Files/Raspberry_Pi/Pico_SDK_v1.5.1/pico-sdk/src/rp2_common/hardware_watchdog/watchdog.c.obj
                0x100037c0                _watchdog_enable
 .text.watchdog_reboot
                0x10003838       0x48 CMakeFiles/motor_control.dir/C_/Program_Files/Raspberry_Pi/Pico_SDK_v1.5.1/pico-sdk/src/rp2_common/hardware_watchdog/watchdog.c.obj
                0x10003838                watchdog_reboot
 .text.xosc_init
                0x10003880       0x28 CMakeFiles/motor_control.dir/C_/Program_Files/Raspberry_Pi/Pico_SDK_v1.5.1/pico-sdk/src/rp2_common/hardware_xosc/xosc.c.obj
                0x10003880                xosc_init
 .text._exit    0x100038a8        0x4 CMakeFiles/motor_control.dir/C_/Program_Files/Raspberry_Pi/Pico_SDK_v1.5.1/pico-sdk/src/rp2_common/pico_runtime/runtime.c.obj
                0x100038a8                _exit
 .text._sbrk    0x100038ac       0x38 CMakeFiles/motor_control.dir/C_/Program_Files/Raspberry_Pi/Pico_SDK_v1.5.1/pico-sdk/src/rp2_common/pico_runtime/runtime.c.obj
                0x100038ac                _sbrk
 .text.exit     0x100038e4        0x6 CMakeFiles/motor_control.dir/C_/Program_Files/Raspberry_Pi/Pico_SDK_v1.5.1/pico-sdk/src/rp2_common/pico_runtime/runtime.c.obj
                0x100038e4                exit
 *fill*         0x100038ea        0x2 
 .text.__assert_func
                0x100038ec       0x3c CMakeFiles/motor_control.dir/C_/Program_Files/Raspberry_Pi/Pico_SDK_v1.5.1/pico-sdk/src/rp2_common/pico_runtime/runtime.c.obj
                0x100038ec                __assert_func
 .text.runtime_init
                0x10003928       0xf8 CMakeFiles/motor_control.dir/C_/Program_Files/Raspberry_Pi/Pico_SDK_v1.5.1/pico-sdk/src/rp2_common/pico_runtime/runtime.c.obj
                0x10003928                runtime_init
 .text.panic    0x10003a20       0x30 CMakeFiles/motor_control.dir/C_/Program_Files/Raspberry_Pi/Pico_SDK_v1.5.1/pico-sdk/src/rp2_common/pico_runtime/runtime.c.obj
                0x10003a20                panic
 .text._out_null
                0x10003a50        0x2 CMakeFiles/motor_control.dir/C_/Program_Files/Raspberry_Pi/Pico_SDK_v1.5.1/pico-sdk/src/rp2_common/pico_printf/printf.c.obj
 .text._out_fct
                0x10003a52        0xe CMakeFiles/motor_control.dir/C_/Program_Files/Raspberry_Pi/Pico_SDK_v1.5.1/pico-sdk/src/rp2_common/pico_printf/printf.c.obj
 .text._atoi    0x10003a60       0x24 CMakeFiles/motor_control.dir/C_/Program_Files/Raspberry_Pi/Pico_SDK_v1.5.1/pico-sdk/src/rp2_common/pico_printf/printf.c.obj
 .text._out_rev
                0x10003a84       0xae CMakeFiles/motor_control.dir/C_/Program_Files/Raspberry_Pi/Pico_SDK_v1.5.1/pico-sdk/src/rp2_common/pico_printf/printf.c.obj
 .text._ntoa_format
                0x10003b32      0x112 CMakeFiles/motor_control.dir/C_/Program_Files/Raspberry_Pi/Pico_SDK_v1.5.1/pico-sdk/src/rp2_common/pico_printf/printf.c.obj
 .text._ntoa_long
                0x10003c44       0xbc CMakeFiles/motor_control.dir/C_/Program_Files/Raspberry_Pi/Pico_SDK_v1.5.1/pico-sdk/src/rp2_common/pico_printf/printf.c.obj
 .text._ntoa_long_long
                0x10003d00       0xe2 CMakeFiles/motor_control.dir/C_/Program_Files/Raspberry_Pi/Pico_SDK_v1.5.1/pico-sdk/src/rp2_common/pico_printf/printf.c.obj
 *fill*         0x10003de2        0x2 
 .text._etoa    0x10003de4      0x414 CMakeFiles/motor_control.dir/C_/Program_Files/Raspberry_Pi/Pico_SDK_v1.5.1/pico-sdk/src/rp2_common/pico_printf/printf.c.obj
 .text._ftoa    0x100041f8      0x354 CMakeFiles/motor_control.dir/C_/Program_Files/Raspberry_Pi/Pico_SDK_v1.5.1/pico-sdk/src/rp2_common/pico_printf/printf.c.obj
 .text._vsnprintf
                0x1000454c      0x624 CMakeFiles/motor_control.dir/C_/Program_Files/Raspberry_Pi/Pico_SDK_v1.5.1/pico-sdk/src/rp2_common/pico_printf/printf.c.obj
 .text.vfctprintf
                0x10004b70       0x20 CMakeFiles/motor_control.dir/C_/Program_Files/Raspberry_Pi/Pico_SDK_v1.5.1/pico-sdk/src/rp2_common/pico_printf/printf.c.obj
                0x10004b70                vfctprintf
 .text          0x10004b90       0x10 CMakeFiles/motor_control.dir/C_/Program_Files/Raspberry_Pi/Pico_SDK_v1.5.1/pico-sdk/src/rp2_common/pico_bit_ops/bit_ops_aeabi.S.obj
 .text.rom_func_lookup
                0x10004ba0       0x10 CMakeFiles/motor_control.dir/C_/Program_Files/Raspberry_Pi/Pico_SDK_v1.5.1/pico-sdk/src/rp2_common/pico_bootrom/bootrom.c.obj
                0x10004ba0                rom_func_lookup
 .text.rom_data_lookup
                0x10004bb0       0x10 CMakeFiles/motor_control.dir/C_/Program_Files/Raspberry_Pi/Pico_SDK_v1.5.1/pico-sdk/src/rp2_common/pico_bootrom/bootrom.c.obj
                0x10004bb0                rom_data_lookup
 .text.rom_funcs_lookup
                0x10004bc0       0x36 CMakeFiles/motor_control.dir/C_/Program_Files/Raspberry_Pi/Pico_SDK_v1.5.1/pico-sdk/src/rp2_common/pico_bootrom/bootrom.c.obj
                0x10004bc0                rom_funcs_lookup
 *fill*         0x10004bf6        0x2 
 .text.__wrap___aeabi_idiv
                0x10004bf8       0x50 CMakeFiles/motor_control.dir/C_/Program_Files/Raspberry_Pi/Pico_SDK_v1.5.1/pico-sdk/src/rp2_common/pico_divider/divider.S.obj
                0x10004bf8                __wrap___aeabi_idivmod
                0x10004bf8                divmod_s32s32
                0x10004bf8                div_s32s32
                0x10004bf8                __wrap___aeabi_idiv
                0x10004c00                divmod_s32s32_unsafe
                0x10004c2c                divmod_s32s32_savestate
 .text.__wrap___aeabi_uidiv
                0x10004c48       0x4c CMakeFiles/motor_control.dir/C_/Program_Files/Raspberry_Pi/Pico_SDK_v1.5.1/pico-sdk/src/rp2_common/pico_divider/divider.S.obj
                0x10004c48                __wrap___aeabi_uidiv
                0x10004c48                __wrap___aeabi_uidivmod
                0x10004c48                div_u32u32
                0x10004c48                divmod_u32u32
                0x10004c50                divmod_u32u32_unsafe
                0x10004c78                divmod_u32u32_savestate
 .text.__wrap___aeabi_ldiv
                0x10004c94      0x424 CMakeFiles/motor_control.dir/C_/Program_Files/Raspberry_Pi/Pico_SDK_v1.5.1/pico-sdk/src/rp2_common/pico_divider/divider.S.obj
                0x10004c94                div_s64s64
                0x10004c94                divmod_s64s64
                0x10004c94                __wrap___aeabi_ldivmod
                0x10004cc4                divmod_u64u64
                0x10004cc4                div_u64u64
                0x10004cc4                __wrap___aeabi_uldivmod
                0x10004cd4                divmod_u64u64_savestate
                0x10004cf4                divmod_s64s64_unsafe
                0x10004d7c                divmod_u64u64_unsafe
 .text.__wrap___aeabi_darithmetic
                0x100050b8       0x80 CMakeFiles/motor_control.dir/C_/Program_Files/Raspberry_Pi/Pico_SDK_v1.5.1/pico-sdk/src/rp2_common/pico_double/double_aeabi.S.obj
                0x100050b8                __wrap___aeabi_drsub
                0x100050be                __wrap___aeabi_dsub
                0x100050d0                __wrap___aeabi_dadd
                0x100050e2                __wrap___aeabi_ddiv
                0x1000511e                __wrap___aeabi_dmul
 .text.__wrap___aeabi_cdcmple
                0x10005138       0x6c CMakeFiles/motor_control.dir/C_/Program_Files/Raspberry_Pi/Pico_SDK_v1.5.1/pico-sdk/src/rp2_common/pico_double/double_aeabi.S.obj
                0x10005138                __wrap___aeabi_cdrcmple
                0x10005148                __wrap___aeabi_cdcmpeq
                0x10005148                __wrap___aeabi_cdcmple
 .text.__wrap___aeabi_dcmplt
                0x100051a4        0xc CMakeFiles/motor_control.dir/C_/Program_Files/Raspberry_Pi/Pico_SDK_v1.5.1/pico-sdk/src/rp2_common/pico_double/double_aeabi.S.obj
                0x100051a4                __wrap___aeabi_dcmplt
 .text.__wrap___aeabi_dcmple
                0x100051b0       0x10 CMakeFiles/motor_control.dir/C_/Program_Files/Raspberry_Pi/Pico_SDK_v1.5.1/pico-sdk/src/rp2_common/pico_double/double_aeabi.S.obj
                0x100051b0                __wrap___aeabi_dcmple
 .text.__wrap___aeabi_dcmpge
                0x100051c0       0x10 CMakeFiles/motor_control.dir/C_/Program_Files/Raspberry_Pi/Pico_SDK_v1.5.1/pico-sdk/src/rp2_common/pico_double/double_aeabi.S.obj
                0x100051c0                __wrap___aeabi_dcmpge
 .text.__wrap___aeabi_dcmpgt
                0x100051d0        0xa CMakeFiles/motor_control.dir/C_/Program_Files/Raspberry_Pi/Pico_SDK_v1.5.1/pico-sdk/src/rp2_common/pico_double/double_aeabi.S.obj
                0x100051d0                __wrap___aeabi_dcmpgt
 .text.__wrap___aeabi_dcmpun
                0x100051da       0x1c CMakeFiles/motor_control.dir/C_/Program_Files/Raspberry_Pi/Pico_SDK_v1.5.1/pico-sdk/src/rp2_common/pico_double/double_aeabi.S.obj
                0x100051da                __wrap___aeabi_dcmpun
 *fill*         0x100051f6        0x2 
 .text.__wrap___aeabi_i2d
                0x100051f8       0x38 CMakeFiles/motor_control.dir/C_/Program_Files/Raspberry_Pi/Pico_SDK_v1.5.1/pico-sdk/src/rp2_common/pico_double/double_aeabi.S.obj
                0x100051f8                __wrap___aeabi_ui2d
                0x10005200                __wrap___aeabi_i2d
 .text.__wrap___aeabi_d2iz
                0x10005230       0x48 CMakeFiles/motor_control.dir/C_/Program_Files/Raspberry_Pi/Pico_SDK_v1.5.1/pico-sdk/src/rp2_common/pico_double/double_aeabi.S.obj
                0x10005230                double2int_z
                0x10005230                __wrap___aeabi_d2iz
 .text.__wrap___aeabi_d2uiz
                0x10005278       0x18 CMakeFiles/motor_control.dir/C_/Program_Files/Raspberry_Pi/Pico_SDK_v1.5.1/pico-sdk/src/rp2_common/pico_double/double_aeabi.S.obj
                0x10005278                __wrap___aeabi_d2uiz
                0x10005278                double2uint
 .text.__wrap___aeabi_d2f
                0x10005290       0x18 CMakeFiles/motor_control.dir/C_/Program_Files/Raspberry_Pi/Pico_SDK_v1.5.1/pico-sdk/src/rp2_common/pico_double/double_aeabi.S.obj
                0x10005290                __wrap___aeabi_d2f
 .text.__aeabi_double_init
                0x100052a8       0xc8 CMakeFiles/motor_control.dir/C_/Program_Files/Raspberry_Pi/Pico_SDK_v1.5.1/pico-sdk/src/rp2_common/pico_double/double_init_rom.c.obj
                0x100052a8                __aeabi_double_init
 .text.double_table_shim_on_use_helper
                0x10005370       0x34 CMakeFiles/motor_control.dir/C_/Program_Files/Raspberry_Pi/Pico_SDK_v1.5.1/pico-sdk/src/rp2_common/pico_double/double_v1_rom_shim.S.obj
                0x10005370                double_table_shim_on_use_helper
 .text.__wrap___aeabi_dsub
                0x100053a4       0x10 CMakeFiles/motor_control.dir/C_/Program_Files/Raspberry_Pi/Pico_SDK_v1.5.1/pico-sdk/src/rp2_common/pico_double/double_v1_rom_shim.S.obj
                0x100053a4                drsub_shim
                0x100053aa                dsub_shim
 .text.dadd_shim
                0x100053b4      0x15c CMakeFiles/motor_control.dir/C_/Program_Files/Raspberry_Pi/Pico_SDK_v1.5.1/pico-sdk/src/rp2_common/pico_double/double_v1_rom_shim.S.obj
                0x100053b4                dadd_shim
 .text.dmul_shim
                0x10005510      0x15c CMakeFiles/motor_control.dir/C_/Program_Files/Raspberry_Pi/Pico_SDK_v1.5.1/pico-sdk/src/rp2_common/pico_double/double_v1_rom_shim.S.obj
                0x10005510                dmul_shim
 .text.ddiv_shim
                0x1000566c      0x1b0 CMakeFiles/motor_control.dir/C_/Program_Files/Raspberry_Pi/Pico_SDK_v1.5.1/pico-sdk/src/rp2_common/pico_double/double_v1_rom_shim.S.obj
                0x1000566c                ddiv_shim
 .text.double2uint_shim
                0x1000581c        0xe CMakeFiles/motor_control.dir/C_/Program_Files/Raspberry_Pi/Pico_SDK_v1.5.1/pico-sdk/src/rp2_common/pico_double/double_v1_rom_shim.S.obj
                0x1000581c                double2uint_shim
                0x1000581e                double2ufix_shim
 *fill*         0x1000582a        0x2 
 .text.double2uint64_shim
                0x1000582c       0x70 CMakeFiles/motor_control.dir/C_/Program_Files/Raspberry_Pi/Pico_SDK_v1.5.1/pico-sdk/src/rp2_common/pico_double/double_v1_rom_shim.S.obj
                0x1000582c                double2uint64_shim
                0x1000582e                double2ufix64_shim
                0x1000584e                d2fix_a
 .text.double2float_shim
                0x1000589c       0x5c CMakeFiles/motor_control.dir/C_/Program_Files/Raspberry_Pi/Pico_SDK_v1.5.1/pico-sdk/src/rp2_common/pico_double/double_v1_rom_shim.S.obj
                0x1000589c                double2float_shim
 .text.dunpacks
                0x100058f8       0x3c CMakeFiles/motor_control.dir/C_/Program_Files/Raspberry_Pi/Pico_SDK_v1.5.1/pico-sdk/src/rp2_common/pico_double/double_v1_rom_shim.S.obj
                0x100058f8                dunpacks
 .text.__aeabi_lmul
                0x10005934       0x32 CMakeFiles/motor_control.dir/C_/Program_Files/Raspberry_Pi/Pico_SDK_v1.5.1/pico-sdk/src/rp2_common/pico_int64_ops/pico_int64_ops_aeabi.S.obj
                0x10005934                __wrap___aeabi_lmul
 *fill*         0x10005966        0x2 
 .text.__wrap___aeabi_farithmetic
                0x10005968       0x58 CMakeFiles/motor_control.dir/C_/Program_Files/Raspberry_Pi/Pico_SDK_v1.5.1/pico-sdk/src/rp2_common/pico_float/float_aeabi.S.obj
                0x10005968                __wrap___aeabi_frsub
                0x1000596e                __wrap___aeabi_fsub
                0x10005978                __wrap___aeabi_fadd
                0x10005982                __wrap___aeabi_fdiv
                0x100059ae                __wrap___aeabi_fmul
 .text.__wrap___aeabi_cfcmple
                0x100059c0       0x50 CMakeFiles/motor_control.dir/C_/Program_Files/Raspberry_Pi/Pico_SDK_v1.5.1/pico-sdk/src/rp2_common/pico_float/float_aeabi.S.obj
                0x100059c0                __wrap___aeabi_cfrcmple
                0x100059cc                __wrap___aeabi_cfcmple
                0x100059cc                __wrap___aeabi_cfcmpeq
 .text.__wrap___aeabi_fcmplt
                0x10005a10        0xc CMakeFiles/motor_control.dir/C_/Program_Files/Raspberry_Pi/Pico_SDK_v1.5.1/pico-sdk/src/rp2_common/pico_float/float_aeabi.S.obj
                0x10005a10                __wrap___aeabi_fcmplt
 .text.__wrap___aeabi_fcmpgt
                0x10005a1c        0xa CMakeFiles/motor_control.dir/C_/Program_Files/Raspberry_Pi/Pico_SDK_v1.5.1/pico-sdk/src/rp2_common/pico_float/float_aeabi.S.obj
                0x10005a1c                __wrap___aeabi_fcmpgt
 *fill*         0x10005a26        0x2 
 .text.fix2float
                0x10005a28       0x10 CMakeFiles/motor_control.dir/C_/Program_Files/Raspberry_Pi/Pico_SDK_v1.5.1/pico-sdk/src/rp2_common/pico_float/float_aeabi.S.obj
                0x10005a28                fix2float
 .text.__wrap___aeabi_f2d
                0x10005a38       0x14 CMakeFiles/motor_control.dir/C_/Program_Files/Raspberry_Pi/Pico_SDK_v1.5.1/pico-sdk/src/rp2_common/pico_float/float_aeabi.S.obj
                0x10005a38                __wrap___aeabi_f2d
 .text.__wrap_cosf
                0x10005a4c       0x28 CMakeFiles/motor_control.dir/C_/Program_Files/Raspberry_Pi/Pico_SDK_v1.5.1/pico-sdk/src/rp2_common/pico_float/float_aeabi.S.obj
                0x10005a4c                __wrap_cosf
 .text.__wrap_sinf
                0x10005a74       0x28 CMakeFiles/motor_control.dir/C_/Program_Files/Raspberry_Pi/Pico_SDK_v1.5.1/pico-sdk/src/rp2_common/pico_float/float_aeabi.S.obj
                0x10005a74                __wrap_sinf
 .text.__aeabi_float_init
                0x10005a9c       0xfc CMakeFiles/motor_control.dir/C_/Program_Files/Raspberry_Pi/Pico_SDK_v1.5.1/pico-sdk/src/rp2_common/pico_float/float_init_rom.c.obj
                0x10005a9c                __aeabi_float_init
 .text.frem_0   0x10005b98       0x80 CMakeFiles/motor_control.dir/C_/Program_Files/Raspberry_Pi/Pico_SDK_v1.5.1/pico-sdk/src/rp2_common/pico_float/float_math.c.obj
 .text.__wrap_remquof
                0x10005c18       0xda CMakeFiles/motor_control.dir/C_/Program_Files/Raspberry_Pi/Pico_SDK_v1.5.1/pico-sdk/src/rp2_common/pico_float/float_math.c.obj
                0x10005c18                __wrap_remquof
 .text.__wrap_remainderf
                0x10005cf2        0xa CMakeFiles/motor_control.dir/C_/Program_Files/Raspberry_Pi/Pico_SDK_v1.5.1/pico-sdk/src/rp2_common/pico_float/float_math.c.obj
                0x10005cf2                __wrap_remainderf
 .text.float_table_shim_on_use_helper
                0x10005cfc       0x34 CMakeFiles/motor_control.dir/C_/Program_Files/Raspberry_Pi/Pico_SDK_v1.5.1/pico-sdk/src/rp2_common/pico_float/float_v1_rom_shim.S.obj
                0x10005cfc                float_table_shim_on_use_helper
 .text.float2double_shim
                0x10005d30       0x30 CMakeFiles/motor_control.dir/C_/Program_Files/Raspberry_Pi/Pico_SDK_v1.5.1/pico-sdk/src/rp2_common/pico_float/float_v1_rom_shim.S.obj
                0x10005d30                float2double_shim
 .text.__wrap_malloc
                0x10005d60       0x3c CMakeFiles/motor_control.dir/C_/Program_Files/Raspberry_Pi/Pico_SDK_v1.5.1/pico-sdk/src/rp2_common/pico_malloc/pico_malloc.c.obj
                0x10005d60                __wrap_malloc
 .text.__wrap_free
                0x10005d9c       0x20 CMakeFiles/motor_control.dir/C_/Program_Files/Raspberry_Pi/Pico_SDK_v1.5.1/pico-sdk/src/rp2_common/pico_malloc/pico_malloc.c.obj
                0x10005d9c                __wrap_free
 .text          0x10005dbc       0x10 CMakeFiles/motor_control.dir/C_/Program_Files/Raspberry_Pi/Pico_SDK_v1.5.1/pico-sdk/src/rp2_common/pico_mem_ops/mem_ops_aeabi.S.obj
                0x10005dbc                __aeabi_mem_init
 .text.memset   0x10005dcc        0xc CMakeFiles/motor_control.dir/C_/Program_Files/Raspberry_Pi/Pico_SDK_v1.5.1/pico-sdk/src/rp2_common/pico_mem_ops/mem_ops_aeabi.S.obj
                0x10005dcc                __wrap_memset
 .text.memcpy   0x10005dd8        0xc CMakeFiles/motor_control.dir/C_/Program_Files/Raspberry_Pi/Pico_SDK_v1.5.1/pico-sdk/src/rp2_common/pico_mem_ops/mem_ops_aeabi.S.obj
                0x10005dd8                __wrap_memcpy
                0x10005dd8                __wrap___aeabi_memcpy
 .text.stdio_out_chars_no_crlf
                0x10005de4        0xe CMakeFiles/motor_control.dir/C_/Program_Files/Raspberry_Pi/Pico_SDK_v1.5.1/pico-sdk/src/rp2_common/pico_stdio/stdio.c.obj
 *fill*         0x10005df2        0x2 
 .text.stdio_out_chars_crlf
                0x10005df4       0x80 CMakeFiles/motor_control.dir/C_/Program_Files/Raspberry_Pi/Pico_SDK_v1.5.1/pico-sdk/src/rp2_common/pico_stdio/stdio.c.obj
 .text.stdio_stack_buffer_flush
                0x10005e74       0x44 CMakeFiles/motor_control.dir/C_/Program_Files/Raspberry_Pi/Pico_SDK_v1.5.1/pico-sdk/src/rp2_common/pico_stdio/stdio.c.obj
 .text.stdio_buffered_printer
                0x10005eb8       0x20 CMakeFiles/motor_control.dir/C_/Program_Files/Raspberry_Pi/Pico_SDK_v1.5.1/pico-sdk/src/rp2_common/pico_stdio/stdio.c.obj
 .text.stdout_serialize_begin
                0x10005ed8       0x5c CMakeFiles/motor_control.dir/C_/Program_Files/Raspberry_Pi/Pico_SDK_v1.5.1/pico-sdk/src/rp2_common/pico_stdio/stdio.c.obj
                0x10005ed8                stdout_serialize_begin
 .text.stdout_serialize_end
                0x10005f34       0x10 CMakeFiles/motor_control.dir/C_/Program_Files/Raspberry_Pi/Pico_SDK_v1.5.1/pico-sdk/src/rp2_common/pico_stdio/stdio.c.obj
                0x10005f34                stdout_serialize_end
 .text.stdio_put_string
                0x10005f44       0x98 CMakeFiles/motor_control.dir/C_/Program_Files/Raspberry_Pi/Pico_SDK_v1.5.1/pico-sdk/src/rp2_common/pico_stdio/stdio.c.obj
 .text.stdio_set_driver_enabled
                0x10005fdc       0x2c CMakeFiles/motor_control.dir/C_/Program_Files/Raspberry_Pi/Pico_SDK_v1.5.1/pico-sdk/src/rp2_common/pico_stdio/stdio.c.obj
                0x10005fdc                stdio_set_driver_enabled
 .text.stdio_flush
                0x10006008       0x20 CMakeFiles/motor_control.dir/C_/Program_Files/Raspberry_Pi/Pico_SDK_v1.5.1/pico-sdk/src/rp2_common/pico_stdio/stdio.c.obj
                0x10006008                stdio_flush
 .text.__wrap_puts
                0x10006028       0x1e CMakeFiles/motor_control.dir/C_/Program_Files/Raspberry_Pi/Pico_SDK_v1.5.1/pico-sdk/src/rp2_common/pico_stdio/stdio.c.obj
                0x10006028                __wrap_puts
 *fill*         0x10006046        0x2 
 .text.__wrap_vprintf
                0x10006048       0x40 CMakeFiles/motor_control.dir/C_/Program_Files/Raspberry_Pi/Pico_SDK_v1.5.1/pico-sdk/src/rp2_common/pico_stdio/stdio.c.obj
                0x10006048                __wrap_vprintf
 .text.__wrap_printf
                0x10006088       0x18 CMakeFiles/motor_control.dir/C_/Program_Files/Raspberry_Pi/Pico_SDK_v1.5.1/pico-sdk/src/rp2_common/pico_stdio/stdio.c.obj
                0x10006088                __wrap_printf
 .text.stdio_init_all
                0x100060a0        0xe CMakeFiles/motor_control.dir/C_/Program_Files/Raspberry_Pi/Pico_SDK_v1.5.1/pico-sdk/src/rp2_common/pico_stdio/stdio.c.obj
                0x100060a0                stdio_init_all
 *fill*         0x100060ae        0x2 
 .text.stdio_uart_out_chars
                0x100060b0       0x74 CMakeFiles/motor_control.dir/C_/Program_Files/Raspberry_Pi/Pico_SDK_v1.5.1/pico-sdk/src/rp2_common/pico_stdio_uart/stdio_uart.c.obj
 .text.stdio_uart_in_chars
                0x10006124       0x80 CMakeFiles/motor_control.dir/C_/Program_Files/Raspberry_Pi/Pico_SDK_v1.5.1/pico-sdk/src/rp2_common/pico_stdio_uart/stdio_uart.c.obj
                0x10006124                stdio_uart_in_chars
 .text.on_uart_rx
                0x100061a4       0x28 CMakeFiles/motor_control.dir/C_/Program_Files/Raspberry_Pi/Pico_SDK_v1.5.1/pico-sdk/src/rp2_common/pico_stdio_uart/stdio_uart.c.obj
 .text.stdio_uart_set_chars_available_callback
                0x100061cc       0x8c CMakeFiles/motor_control.dir/C_/Program_Files/Raspberry_Pi/Pico_SDK_v1.5.1/pico-sdk/src/rp2_common/pico_stdio_uart/stdio_uart.c.obj
 .text.stdio_uart_init_full
                0x10006258       0x44 CMakeFiles/motor_control.dir/C_/Program_Files/Raspberry_Pi/Pico_SDK_v1.5.1/pico-sdk/src/rp2_common/pico_stdio_uart/stdio_uart.c.obj
                0x10006258                stdio_uart_init_full
 .text.stdio_uart_init
                0x1000629c       0x28 CMakeFiles/motor_control.dir/C_/Program_Files/Raspberry_Pi/Pico_SDK_v1.5.1/pico-sdk/src/rp2_common/pico_stdio_uart/stdio_uart.c.obj
                0x1000629c                stdio_uart_init
 .text.resetd_init
                0x100062c4        0x2 CMakeFiles/motor_control.dir/C_/Program_Files/Raspberry_Pi/Pico_SDK_v1.5.1/pico-sdk/src/rp2_common/pico_stdio_usb/reset_interface.c.obj
 *fill*         0x100062c6        0x2 
 .text.resetd_reset
                0x100062c8        0xc CMakeFiles/motor_control.dir/C_/Program_Files/Raspberry_Pi/Pico_SDK_v1.5.1/pico-sdk/src/rp2_common/pico_stdio_usb/reset_interface.c.obj
 .text.resetd_open
                0x100062d4       0x34 CMakeFiles/motor_control.dir/C_/Program_Files/Raspberry_Pi/Pico_SDK_v1.5.1/pico-sdk/src/rp2_common/pico_stdio_usb/reset_interface.c.obj
 .text.resetd_xfer_cb
                0x10006308        0x4 CMakeFiles/motor_control.dir/C_/Program_Files/Raspberry_Pi/Pico_SDK_v1.5.1/pico-sdk/src/rp2_common/pico_stdio_usb/reset_interface.c.obj
 .text.reset_usb_boot
                0x1000630c       0x18 CMakeFiles/motor_control.dir/C_/Program_Files/Raspberry_Pi/Pico_SDK_v1.5.1/pico-sdk/src/rp2_common/pico_stdio_usb/reset_interface.c.obj
 .text.resetd_control_xfer_cb
                0x10006324       0x5c CMakeFiles/motor_control.dir/C_/Program_Files/Raspberry_Pi/Pico_SDK_v1.5.1/pico-sdk/src/rp2_common/pico_stdio_usb/reset_interface.c.obj
 .text.usbd_app_driver_get_cb
                0x10006380        0xc CMakeFiles/motor_control.dir/C_/Program_Files/Raspberry_Pi/Pico_SDK_v1.5.1/pico-sdk/src/rp2_common/pico_stdio_usb/reset_interface.c.obj
                0x10006380                usbd_app_driver_get_cb
 .text.tud_cdc_line_coding_cb
                0x1000638c       0x28 CMakeFiles/motor_control.dir/C_/Program_Files/Raspberry_Pi/Pico_SDK_v1.5.1/pico-sdk/src/rp2_common/pico_stdio_usb/reset_interface.c.obj
                0x1000638c                tud_cdc_line_coding_cb
 .text.stdio_usb_set_chars_available_callback
                0x100063b4       0x14 CMakeFiles/motor_control.dir/C_/Program_Files/Raspberry_Pi/Pico_SDK_v1.5.1/pico-sdk/src/rp2_common/pico_stdio_usb/stdio_usb.c.obj
                0x100063b4                stdio_usb_set_chars_available_callback
 .text.usb_irq  0x100063c8       0x10 CMakeFiles/motor_control.dir/C_/Program_Files/Raspberry_Pi/Pico_SDK_v1.5.1/pico-sdk/src/rp2_common/pico_stdio_usb/stdio_usb.c.obj
 .text.timer_task
                0x100063d8       0x5c CMakeFiles/motor_control.dir/C_/Program_Files/Raspberry_Pi/Pico_SDK_v1.5.1/pico-sdk/src/rp2_common/pico_stdio_usb/stdio_usb.c.obj
 .text.low_priority_worker_irq
                0x10006434       0xdc CMakeFiles/motor_control.dir/C_/Program_Files/Raspberry_Pi/Pico_SDK_v1.5.1/pico-sdk/src/rp2_common/pico_stdio_usb/stdio_usb.c.obj
 .text.tud_cdc_rx_cb
                0x10006510       0x20 CMakeFiles/motor_control.dir/C_/Program_Files/Raspberry_Pi/Pico_SDK_v1.5.1/pico-sdk/src/rp2_common/pico_stdio_usb/stdio_usb.c.obj
                0x10006510                tud_cdc_rx_cb
 .text.stdio_usb_init
                0x10006530      0x11c CMakeFiles/motor_control.dir/C_/Program_Files/Raspberry_Pi/Pico_SDK_v1.5.1/pico-sdk/src/rp2_common/pico_stdio_usb/stdio_usb.c.obj
                0x10006530                stdio_usb_init
 .text.stdio_usb_connected
                0x1000664c        0xa CMakeFiles/motor_control.dir/C_/Program_Files/Raspberry_Pi/Pico_SDK_v1.5.1/pico-sdk/src/rp2_common/pico_stdio_usb/stdio_usb.c.obj
                0x1000664c                stdio_usb_connected
 *fill*         0x10006656        0x2 
 .text.stdio_usb_in_chars
                0x10006658       0xc4 CMakeFiles/motor_control.dir/C_/Program_Files/Raspberry_Pi/Pico_SDK_v1.5.1/pico-sdk/src/rp2_common/pico_stdio_usb/stdio_usb.c.obj
                0x10006658                stdio_usb_in_chars
 .text.stdio_usb_out_chars
                0x1000671c      0x114 CMakeFiles/motor_control.dir/C_/Program_Files/Raspberry_Pi/Pico_SDK_v1.5.1/pico-sdk/src/rp2_common/pico_stdio_usb/stdio_usb.c.obj
 .text.tud_descriptor_device_cb
                0x10006830        0x8 CMakeFiles/motor_control.dir/C_/Program_Files/Raspberry_Pi/Pico_SDK_v1.5.1/pico-sdk/src/rp2_common/pico_stdio_usb/stdio_usb_descriptors.c.obj
                0x10006830                tud_descriptor_device_cb
 .text.tud_descriptor_configuration_cb
                0x10006838        0x8 CMakeFiles/motor_control.dir/C_/Program_Files/Raspberry_Pi/Pico_SDK_v1.5.1/pico-sdk/src/rp2_common/pico_stdio_usb/stdio_usb_descriptors.c.obj
                0x10006838                tud_descriptor_configuration_cb
 .text.tud_descriptor_string_cb
                0x10006840       0x6c CMakeFiles/motor_control.dir/C_/Program_Files/Raspberry_Pi/Pico_SDK_v1.5.1/pico-sdk/src/rp2_common/pico_stdio_usb/stdio_usb_descriptors.c.obj
                0x10006840                tud_descriptor_string_cb
 .text._retrieve_unique_id_on_boot
                0x100068ac       0x10 CMakeFiles/motor_control.dir/C_/Program_Files/Raspberry_Pi/Pico_SDK_v1.5.1/pico-sdk/src/rp2_common/pico_unique_id/unique_id.c.obj
 .text.pico_get_unique_board_id_string
                0x100068bc       0x60 CMakeFiles/motor_control.dir/C_/Program_Files/Raspberry_Pi/Pico_SDK_v1.5.1/pico-sdk/src/rp2_common/pico_unique_id/unique_id.c.obj
                0x100068bc                pico_get_unique_board_id_string
 .text.flash_get_unique_id
                0x1000691c       0x46 CMakeFiles/motor_control.dir/C_/Program_Files/Raspberry_Pi/Pico_SDK_v1.5.1/pico-sdk/src/rp2_common/hardware_flash/flash.c.obj
                0x1000691c                flash_get_unique_id
 *fill*         0x10006962        0x2 
 .text.hw_endpoint_get_by_addr
                0x10006964       0x18 CMakeFiles/motor_control.dir/C_/Program_Files/Raspberry_Pi/Pico_SDK_v1.5.1/pico-sdk/lib/tinyusb/src/portable/raspberrypi/rp2040/dcd_rp2040.c.obj
 .text._hw_endpoint_alloc
                0x1000697c       0x70 CMakeFiles/motor_control.dir/C_/Program_Files/Raspberry_Pi/Pico_SDK_v1.5.1/pico-sdk/lib/tinyusb/src/portable/raspberrypi/rp2040/dcd_rp2040.c.obj
 .text.hw_endpoint_init
                0x100069ec       0x88 CMakeFiles/motor_control.dir/C_/Program_Files/Raspberry_Pi/Pico_SDK_v1.5.1/pico-sdk/lib/tinyusb/src/portable/raspberrypi/rp2040/dcd_rp2040.c.obj
 .text.hw_endpoint_xfer
                0x10006a74       0x14 CMakeFiles/motor_control.dir/C_/Program_Files/Raspberry_Pi/Pico_SDK_v1.5.1/pico-sdk/lib/tinyusb/src/portable/raspberrypi/rp2040/dcd_rp2040.c.obj
 .text.dcd_int_enable
                0x10006a88       0x2c CMakeFiles/motor_control.dir/C_/Program_Files/Raspberry_Pi/Pico_SDK_v1.5.1/pico-sdk/lib/tinyusb/src/portable/raspberrypi/rp2040/dcd_rp2040.c.obj
                0x10006a88                dcd_int_enable
 .text.dcd_set_address
                0x10006ab4       0x2c CMakeFiles/motor_control.dir/C_/Program_Files/Raspberry_Pi/Pico_SDK_v1.5.1/pico-sdk/lib/tinyusb/src/portable/raspberrypi/rp2040/dcd_rp2040.c.obj
                0x10006ab4                dcd_set_address
 .text.dcd_connect
                0x10006ae0       0x10 CMakeFiles/motor_control.dir/C_/Program_Files/Raspberry_Pi/Pico_SDK_v1.5.1/pico-sdk/lib/tinyusb/src/portable/raspberrypi/rp2040/dcd_rp2040.c.obj
                0x10006ae0                dcd_connect
 .text.dcd_init
                0x10006af0       0x80 CMakeFiles/motor_control.dir/C_/Program_Files/Raspberry_Pi/Pico_SDK_v1.5.1/pico-sdk/lib/tinyusb/src/portable/raspberrypi/rp2040/dcd_rp2040.c.obj
                0x10006af0                dcd_init
 .text.dcd_edpt0_status_complete
                0x10006b70       0x1c CMakeFiles/motor_control.dir/C_/Program_Files/Raspberry_Pi/Pico_SDK_v1.5.1/pico-sdk/lib/tinyusb/src/portable/raspberrypi/rp2040/dcd_rp2040.c.obj
                0x10006b70                dcd_edpt0_status_complete
 .text.dcd_edpt_open
                0x10006b8c       0x40 CMakeFiles/motor_control.dir/C_/Program_Files/Raspberry_Pi/Pico_SDK_v1.5.1/pico-sdk/lib/tinyusb/src/portable/raspberrypi/rp2040/dcd_rp2040.c.obj
                0x10006b8c                dcd_edpt_open
 .text.dcd_edpt_close_all
                0x10006bcc        0x8 CMakeFiles/motor_control.dir/C_/Program_Files/Raspberry_Pi/Pico_SDK_v1.5.1/pico-sdk/lib/tinyusb/src/portable/raspberrypi/rp2040/dcd_rp2040.c.obj
                0x10006bcc                dcd_edpt_close_all
 .text.dcd_edpt_xfer
                0x10006bd4       0x34 CMakeFiles/motor_control.dir/C_/Program_Files/Raspberry_Pi/Pico_SDK_v1.5.1/pico-sdk/lib/tinyusb/src/portable/raspberrypi/rp2040/dcd_rp2040.c.obj
                0x10006bd4                dcd_edpt_xfer
 .text.dcd_edpt_stall
                0x10006c08       0x2c CMakeFiles/motor_control.dir/C_/Program_Files/Raspberry_Pi/Pico_SDK_v1.5.1/pico-sdk/lib/tinyusb/src/portable/raspberrypi/rp2040/dcd_rp2040.c.obj
                0x10006c08                dcd_edpt_stall
 .text.dcd_edpt_clear_stall
                0x10006c34       0x20 CMakeFiles/motor_control.dir/C_/Program_Files/Raspberry_Pi/Pico_SDK_v1.5.1/pico-sdk/lib/tinyusb/src/portable/raspberrypi/rp2040/dcd_rp2040.c.obj
                0x10006c34                dcd_edpt_clear_stall
 .text.rp2040_usb_init
                0x10006c54       0x4c CMakeFiles/motor_control.dir/C_/Program_Files/Raspberry_Pi/Pico_SDK_v1.5.1/pico-sdk/lib/tinyusb/src/portable/raspberrypi/rp2040/rp2040_usb.c.obj
                0x10006c54                rp2040_usb_init
 .text.hw_endpoint_xfer_start
                0x10006ca0       0x50 CMakeFiles/motor_control.dir/C_/Program_Files/Raspberry_Pi/Pico_SDK_v1.5.1/pico-sdk/lib/tinyusb/src/portable/raspberrypi/rp2040/rp2040_usb.c.obj
                0x10006ca0                hw_endpoint_xfer_start
 .text.configuration_reset
                0x10006cf0       0x84 CMakeFiles/motor_control.dir/C_/Program_Files/Raspberry_Pi/Pico_SDK_v1.5.1/pico-sdk/lib/tinyusb/src/device/usbd.c.obj
 .text.usbd_reset
                0x10006d74        0xc CMakeFiles/motor_control.dir/C_/Program_Files/Raspberry_Pi/Pico_SDK_v1.5.1/pico-sdk/lib/tinyusb/src/device/usbd.c.obj
 .text.invoke_class_control
                0x10006d80       0x1a CMakeFiles/motor_control.dir/C_/Program_Files/Raspberry_Pi/Pico_SDK_v1.5.1/pico-sdk/lib/tinyusb/src/device/usbd.c.obj
 *fill*         0x10006d9a        0x2 
 .text.process_set_config
                0x10006d9c      0x178 CMakeFiles/motor_control.dir/C_/Program_Files/Raspberry_Pi/Pico_SDK_v1.5.1/pico-sdk/lib/tinyusb/src/device/usbd.c.obj
 .text.process_get_descriptor
                0x10006f14       0xdc CMakeFiles/motor_control.dir/C_/Program_Files/Raspberry_Pi/Pico_SDK_v1.5.1/pico-sdk/lib/tinyusb/src/device/usbd.c.obj
 .text.tud_mounted
                0x10006ff0       0x10 CMakeFiles/motor_control.dir/C_/Program_Files/Raspberry_Pi/Pico_SDK_v1.5.1/pico-sdk/lib/tinyusb/src/device/usbd.c.obj
                0x10006ff0                tud_mounted
 .text.tud_suspended
                0x10007000       0x10 CMakeFiles/motor_control.dir/C_/Program_Files/Raspberry_Pi/Pico_SDK_v1.5.1/pico-sdk/lib/tinyusb/src/device/usbd.c.obj
                0x10007000                tud_suspended
 .text.tud_inited
                0x10007010       0x14 CMakeFiles/motor_control.dir/C_/Program_Files/Raspberry_Pi/Pico_SDK_v1.5.1/pico-sdk/lib/tinyusb/src/device/usbd.c.obj
                0x10007010                tud_inited
 .text.tud_init
                0x10007024       0xcc CMakeFiles/motor_control.dir/C_/Program_Files/Raspberry_Pi/Pico_SDK_v1.5.1/pico-sdk/lib/tinyusb/src/device/usbd.c.obj
                0x10007024                tud_init
 .text.usbd_defer_func
                0x100070f0       0x2a CMakeFiles/motor_control.dir/C_/Program_Files/Raspberry_Pi/Pico_SDK_v1.5.1/pico-sdk/lib/tinyusb/src/device/usbd.c.obj
                0x100070f0                usbd_defer_func
 *fill*         0x1000711a        0x2 
 .text.usbd_edpt_open
                0x1000711c       0x34 CMakeFiles/motor_control.dir/C_/Program_Files/Raspberry_Pi/Pico_SDK_v1.5.1/pico-sdk/lib/tinyusb/src/device/usbd.c.obj
                0x1000711c                usbd_edpt_open
 .text.usbd_open_edpt_pair
                0x10007150       0x62 CMakeFiles/motor_control.dir/C_/Program_Files/Raspberry_Pi/Pico_SDK_v1.5.1/pico-sdk/lib/tinyusb/src/device/usbd.c.obj
                0x10007150                usbd_open_edpt_pair
 *fill*         0x100071b2        0x2 
 .text.usbd_edpt_claim
                0x100071b4       0x28 CMakeFiles/motor_control.dir/C_/Program_Files/Raspberry_Pi/Pico_SDK_v1.5.1/pico-sdk/lib/tinyusb/src/device/usbd.c.obj
                0x100071b4                usbd_edpt_claim
 .text.usbd_edpt_release
                0x100071dc       0x28 CMakeFiles/motor_control.dir/C_/Program_Files/Raspberry_Pi/Pico_SDK_v1.5.1/pico-sdk/lib/tinyusb/src/device/usbd.c.obj
                0x100071dc                usbd_edpt_release
 .text.usbd_edpt_xfer
                0x10007204       0x78 CMakeFiles/motor_control.dir/C_/Program_Files/Raspberry_Pi/Pico_SDK_v1.5.1/pico-sdk/lib/tinyusb/src/device/usbd.c.obj
                0x10007204                usbd_edpt_xfer
 .text.usbd_edpt_stall
                0x1000727c       0x48 CMakeFiles/motor_control.dir/C_/Program_Files/Raspberry_Pi/Pico_SDK_v1.5.1/pico-sdk/lib/tinyusb/src/device/usbd.c.obj
                0x1000727c                usbd_edpt_stall
 .text.usbd_edpt_clear_stall
                0x100072c4       0x48 CMakeFiles/motor_control.dir/C_/Program_Files/Raspberry_Pi/Pico_SDK_v1.5.1/pico-sdk/lib/tinyusb/src/device/usbd.c.obj
                0x100072c4                usbd_edpt_clear_stall
 .text.usbd_edpt_stalled
                0x1000730c       0x1c CMakeFiles/motor_control.dir/C_/Program_Files/Raspberry_Pi/Pico_SDK_v1.5.1/pico-sdk/lib/tinyusb/src/device/usbd.c.obj
                0x1000730c                usbd_edpt_stalled
 .text.process_control_request
                0x10007328      0x37c CMakeFiles/motor_control.dir/C_/Program_Files/Raspberry_Pi/Pico_SDK_v1.5.1/pico-sdk/lib/tinyusb/src/device/usbd.c.obj
 .text.tud_task_ext
                0x100076a4      0x1b8 CMakeFiles/motor_control.dir/C_/Program_Files/Raspberry_Pi/Pico_SDK_v1.5.1/pico-sdk/lib/tinyusb/src/device/usbd.c.obj
                0x100076a4                tud_task_ext
 .text._data_stage_xact
                0x1000785c       0x58 CMakeFiles/motor_control.dir/C_/Program_Files/Raspberry_Pi/Pico_SDK_v1.5.1/pico-sdk/lib/tinyusb/src/device/usbd_control.c.obj
 .text.tud_control_status
                0x100078b4       0x38 CMakeFiles/motor_control.dir/C_/Program_Files/Raspberry_Pi/Pico_SDK_v1.5.1/pico-sdk/lib/tinyusb/src/device/usbd_control.c.obj
                0x100078b4                tud_control_status
 .text.tud_control_xfer
                0x100078ec       0x74 CMakeFiles/motor_control.dir/C_/Program_Files/Raspberry_Pi/Pico_SDK_v1.5.1/pico-sdk/lib/tinyusb/src/device/usbd_control.c.obj
                0x100078ec                tud_control_xfer
 .text.usbd_control_reset
                0x10007960       0x14 CMakeFiles/motor_control.dir/C_/Program_Files/Raspberry_Pi/Pico_SDK_v1.5.1/pico-sdk/lib/tinyusb/src/device/usbd_control.c.obj
                0x10007960                usbd_control_reset
 .text.usbd_control_set_complete_callback
                0x10007974        0xc CMakeFiles/motor_control.dir/C_/Program_Files/Raspberry_Pi/Pico_SDK_v1.5.1/pico-sdk/lib/tinyusb/src/device/usbd_control.c.obj
                0x10007974                usbd_control_set_complete_callback
 .text.usbd_control_set_request
                0x10007980       0x1c CMakeFiles/motor_control.dir/C_/Program_Files/Raspberry_Pi/Pico_SDK_v1.5.1/pico-sdk/lib/tinyusb/src/device/usbd_control.c.obj
                0x10007980                usbd_control_set_request
 .text.usbd_control_xfer_cb
                0x1000799c       0xcc CMakeFiles/motor_control.dir/C_/Program_Files/Raspberry_Pi/Pico_SDK_v1.5.1/pico-sdk/lib/tinyusb/src/device/usbd_control.c.obj
                0x1000799c                usbd_control_xfer_cb
 .text._prep_out_transaction
                0x10007a68       0x4a CMakeFiles/motor_control.dir/C_/Program_Files/Raspberry_Pi/Pico_SDK_v1.5.1/pico-sdk/lib/tinyusb/src/class/cdc/cdc_device.c.obj
 *fill*         0x10007ab2        0x2 
 .text.tud_cdc_n_connected
                0x10007ab4       0x44 CMakeFiles/motor_control.dir/C_/Program_Files/Raspberry_Pi/Pico_SDK_v1.5.1/pico-sdk/lib/tinyusb/src/class/cdc/cdc_device.c.obj
                0x10007ab4                tud_cdc_n_connected
 .text.tud_cdc_n_available
                0x10007af8       0x18 CMakeFiles/motor_control.dir/C_/Program_Files/Raspberry_Pi/Pico_SDK_v1.5.1/pico-sdk/lib/tinyusb/src/class/cdc/cdc_device.c.obj
                0x10007af8                tud_cdc_n_available
 .text.tud_cdc_n_read
                0x10007b10       0x28 CMakeFiles/motor_control.dir/C_/Program_Files/Raspberry_Pi/Pico_SDK_v1.5.1/pico-sdk/lib/tinyusb/src/class/cdc/cdc_device.c.obj
                0x10007b10                tud_cdc_n_read
 .text.tud_cdc_n_write_flush
                0x10007b38       0xb8 CMakeFiles/motor_control.dir/C_/Program_Files/Raspberry_Pi/Pico_SDK_v1.5.1/pico-sdk/lib/tinyusb/src/class/cdc/cdc_device.c.obj
                0x10007b38                tud_cdc_n_write_flush
 .text.tud_cdc_n_write
                0x10007bf0       0x38 CMakeFiles/motor_control.dir/C_/Program_Files/Raspberry_Pi/Pico_SDK_v1.5.1/pico-sdk/lib/tinyusb/src/class/cdc/cdc_device.c.obj
                0x10007bf0                tud_cdc_n_write
 .text.tud_cdc_n_write_available
                0x10007c28       0x1c CMakeFiles/motor_control.dir/C_/Program_Files/Raspberry_Pi/Pico_SDK_v1.5.1/pico-sdk/lib/tinyusb/src/class/cdc/cdc_device.c.obj
                0x10007c28                tud_cdc_n_write_available
 .text.cdcd_init
                0x10007c44       0xbc CMakeFiles/motor_control.dir/C_/Program_Files/Raspberry_Pi/Pico_SDK_v1.5.1/pico-sdk/lib/tinyusb/src/class/cdc/cdc_device.c.obj
                0x10007c44                cdcd_init
 .text.cdcd_reset
                0x10007d00       0x44 CMakeFiles/motor_control.dir/C_/Program_Files/Raspberry_Pi/Pico_SDK_v1.5.1/pico-sdk/lib/tinyusb/src/class/cdc/cdc_device.c.obj
                0x10007d00                cdcd_reset
 .text.cdcd_open
                0x10007d44       0xcc CMakeFiles/motor_control.dir/C_/Program_Files/Raspberry_Pi/Pico_SDK_v1.5.1/pico-sdk/lib/tinyusb/src/class/cdc/cdc_device.c.obj
                0x10007d44                cdcd_open
 .text.cdcd_control_xfer_cb
                0x10007e10      0x134 CMakeFiles/motor_control.dir/C_/Program_Files/Raspberry_Pi/Pico_SDK_v1.5.1/pico-sdk/lib/tinyusb/src/class/cdc/cdc_device.c.obj
                0x10007e10                cdcd_control_xfer_cb
 .text.cdcd_xfer_cb
                0x10007f44      0x130 CMakeFiles/motor_control.dir/C_/Program_Files/Raspberry_Pi/Pico_SDK_v1.5.1/pico-sdk/lib/tinyusb/src/class/cdc/cdc_device.c.obj
                0x10007f44                cdcd_xfer_cb
 .text.tusb_init
                0x10008074        0xa CMakeFiles/motor_control.dir/C_/Program_Files/Raspberry_Pi/Pico_SDK_v1.5.1/pico-sdk/lib/tinyusb/src/tusb.c.obj
                0x10008074                tusb_init
 .text.tusb_inited
                0x1000807e        0xe CMakeFiles/motor_control.dir/C_/Program_Files/Raspberry_Pi/Pico_SDK_v1.5.1/pico-sdk/lib/tinyusb/src/tusb.c.obj
                0x1000807e                tusb_inited
 .text.tu_edpt_claim
                0x1000808c       0x50 CMakeFiles/motor_control.dir/C_/Program_Files/Raspberry_Pi/Pico_SDK_v1.5.1/pico-sdk/lib/tinyusb/src/tusb.c.obj
                0x1000808c                tu_edpt_claim
 .text.tu_edpt_release
                0x100080dc       0x3c CMakeFiles/motor_control.dir/C_/Program_Files/Raspberry_Pi/Pico_SDK_v1.5.1/pico-sdk/lib/tinyusb/src/tusb.c.obj
                0x100080dc                tu_edpt_release
 .text.tu_edpt_validate
                0x10008118       0x78 CMakeFiles/motor_control.dir/C_/Program_Files/Raspberry_Pi/Pico_SDK_v1.5.1/pico-sdk/lib/tinyusb/src/tusb.c.obj
                0x10008118                tu_edpt_validate
 .text.tu_edpt_bind_driver
                0x10008190       0x26 CMakeFiles/motor_control.dir/C_/Program_Files/Raspberry_Pi/Pico_SDK_v1.5.1/pico-sdk/lib/tinyusb/src/tusb.c.obj
                0x10008190                tu_edpt_bind_driver
 .text.advance_index
                0x100081b6       0x1a CMakeFiles/motor_control.dir/C_/Program_Files/Raspberry_Pi/Pico_SDK_v1.5.1/pico-sdk/lib/tinyusb/src/common/tusb_fifo.c.obj
 .text._tu_fifo_peek
                0x100081d0       0x56 CMakeFiles/motor_control.dir/C_/Program_Files/Raspberry_Pi/Pico_SDK_v1.5.1/pico-sdk/lib/tinyusb/src/common/tusb_fifo.c.obj
 .text._ff_pull_const_addr
                0x10008226       0x4c CMakeFiles/motor_control.dir/C_/Program_Files/Raspberry_Pi/Pico_SDK_v1.5.1/pico-sdk/lib/tinyusb/src/common/tusb_fifo.c.obj
 .text._ff_pull_n
                0x10008272      0x110 CMakeFiles/motor_control.dir/C_/Program_Files/Raspberry_Pi/Pico_SDK_v1.5.1/pico-sdk/lib/tinyusb/src/common/tusb_fifo.c.obj
 .text._tu_fifo_peek_n
                0x10008382       0x6a CMakeFiles/motor_control.dir/C_/Program_Files/Raspberry_Pi/Pico_SDK_v1.5.1/pico-sdk/lib/tinyusb/src/common/tusb_fifo.c.obj
 .text._tu_fifo_read_n
                0x100083ec       0x4e CMakeFiles/motor_control.dir/C_/Program_Files/Raspberry_Pi/Pico_SDK_v1.5.1/pico-sdk/lib/tinyusb/src/common/tusb_fifo.c.obj
 .text._ff_push_const_addr
                0x1000843a       0x40 CMakeFiles/motor_control.dir/C_/Program_Files/Raspberry_Pi/Pico_SDK_v1.5.1/pico-sdk/lib/tinyusb/src/common/tusb_fifo.c.obj
 .text._ff_push_n
                0x1000847a      0x10c CMakeFiles/motor_control.dir/C_/Program_Files/Raspberry_Pi/Pico_SDK_v1.5.1/pico-sdk/lib/tinyusb/src/common/tusb_fifo.c.obj
 .text._tu_fifo_write_n
                0x10008586       0xf0 CMakeFiles/motor_control.dir/C_/Program_Files/Raspberry_Pi/Pico_SDK_v1.5.1/pico-sdk/lib/tinyusb/src/common/tusb_fifo.c.obj
 .text.tu_fifo_config
                0x10008676       0x7c CMakeFiles/motor_control.dir/C_/Program_Files/Raspberry_Pi/Pico_SDK_v1.5.1/pico-sdk/lib/tinyusb/src/common/tusb_fifo.c.obj
                0x10008676                tu_fifo_config
 .text.tu_fifo_count
                0x100086f2       0x2a CMakeFiles/motor_control.dir/C_/Program_Files/Raspberry_Pi/Pico_SDK_v1.5.1/pico-sdk/lib/tinyusb/src/common/tusb_fifo.c.obj
                0x100086f2                tu_fifo_count
 .text.tu_fifo_empty
                0x1000871c       0x10 CMakeFiles/motor_control.dir/C_/Program_Files/Raspberry_Pi/Pico_SDK_v1.5.1/pico-sdk/lib/tinyusb/src/common/tusb_fifo.c.obj
                0x1000871c                tu_fifo_empty
 .text.tu_fifo_full
                0x1000872c       0x28 CMakeFiles/motor_control.dir/C_/Program_Files/Raspberry_Pi/Pico_SDK_v1.5.1/pico-sdk/lib/tinyusb/src/common/tusb_fifo.c.obj
                0x1000872c                tu_fifo_full
 .text.tu_fifo_remaining
                0x10008754       0x2c CMakeFiles/motor_control.dir/C_/Program_Files/Raspberry_Pi/Pico_SDK_v1.5.1/pico-sdk/lib/tinyusb/src/common/tusb_fifo.c.obj
                0x10008754                tu_fifo_remaining
 .text.tu_fifo_read
                0x10008780       0x42 CMakeFiles/motor_control.dir/C_/Program_Files/Raspberry_Pi/Pico_SDK_v1.5.1/pico-sdk/lib/tinyusb/src/common/tusb_fifo.c.obj
                0x10008780                tu_fifo_read
 .text.tu_fifo_read_n
                0x100087c2        0xa CMakeFiles/motor_control.dir/C_/Program_Files/Raspberry_Pi/Pico_SDK_v1.5.1/pico-sdk/lib/tinyusb/src/common/tusb_fifo.c.obj
                0x100087c2                tu_fifo_read_n
 .text.tu_fifo_write
                0x100087cc       0x64 CMakeFiles/motor_control.dir/C_/Program_Files/Raspberry_Pi/Pico_SDK_v1.5.1/pico-sdk/lib/tinyusb/src/common/tusb_fifo.c.obj
                0x100087cc                tu_fifo_write
 .text.tu_fifo_write_n
                0x10008830        0xa CMakeFiles/motor_control.dir/C_/Program_Files/Raspberry_Pi/Pico_SDK_v1.5.1/pico-sdk/lib/tinyusb/src/common/tusb_fifo.c.obj
                0x10008830                tu_fifo_write_n
 .text.tu_fifo_clear
                0x1000883a       0x3e CMakeFiles/motor_control.dir/C_/Program_Files/Raspberry_Pi/Pico_SDK_v1.5.1/pico-sdk/lib/tinyusb/src/common/tusb_fifo.c.obj
                0x1000883a                tu_fifo_clear
 .text.tu_fifo_set_overwritable
                0x10008878       0x46 CMakeFiles/motor_control.dir/C_/Program_Files/Raspberry_Pi/Pico_SDK_v1.5.1/pico-sdk/lib/tinyusb/src/common/tusb_fifo.c.obj
                0x10008878                tu_fifo_set_overwritable
 .text.core1_trampoline
                0x100088be        0x2 CMakeFiles/motor_control.dir/C_/Program_Files/Raspberry_Pi/Pico_SDK_v1.5.1/pico-sdk/src/rp2_common/pico_multicore/multicore.c.obj
 .text.core1_wrapper
                0x100088c0        0xc CMakeFiles/motor_control.dir/C_/Program_Files/Raspberry_Pi/Pico_SDK_v1.5.1/pico-sdk/src/rp2_common/pico_multicore/multicore.c.obj
                0x100088c0                core1_wrapper
 .text.multicore_fifo_push_blocking
                0x100088cc       0x14 CMakeFiles/motor_control.dir/C_/Program_Files/Raspberry_Pi/Pico_SDK_v1.5.1/pico-sdk/src/rp2_common/pico_multicore/multicore.c.obj
                0x100088cc                multicore_fifo_push_blocking
 .text.multicore_fifo_pop_blocking
                0x100088e0       0x16 CMakeFiles/motor_control.dir/C_/Program_Files/Raspberry_Pi/Pico_SDK_v1.5.1/pico-sdk/src/rp2_common/pico_multicore/multicore.c.obj
                0x100088e0                multicore_fifo_pop_blocking
 .text.multicore_launch_core1_raw
                0x100088f6       0x6e CMakeFiles/motor_control.dir/C_/Program_Files/Raspberry_Pi/Pico_SDK_v1.5.1/pico-sdk/src/rp2_common/pico_multicore/multicore.c.obj
                0x100088f6                multicore_launch_core1_raw
 .text.multicore_launch_core1_with_stack
                0x10008964       0x50 CMakeFiles/motor_control.dir/C_/Program_Files/Raspberry_Pi/Pico_SDK_v1.5.1/pico-sdk/src/rp2_common/pico_multicore/multicore.c.obj
                0x10008964                multicore_launch_core1_with_stack
 .text.multicore_launch_core1
                0x100089b4       0x24 CMakeFiles/motor_control.dir/C_/Program_Files/Raspberry_Pi/Pico_SDK_v1.5.1/pico-sdk/src/rp2_common/pico_multicore/multicore.c.obj
                0x100089b4                multicore_launch_core1
 .text.i2c_write_blocking_internal
                0x100089d8      0x140 CMakeFiles/motor_control.dir/C_/Program_Files/Raspberry_Pi/Pico_SDK_v1.5.1/pico-sdk/src/rp2_common/hardware_i2c/i2c.c.obj
 .text.i2c_read_blocking_internal
                0x10008b18       0xe6 CMakeFiles/motor_control.dir/C_/Program_Files/Raspberry_Pi/Pico_SDK_v1.5.1/pico-sdk/src/rp2_common/hardware_i2c/i2c.c.obj
 *fill*         0x10008bfe        0x2 
 .text.i2c_set_baudrate
                0x10008c00       0xf0 CMakeFiles/motor_control.dir/C_/Program_Files/Raspberry_Pi/Pico_SDK_v1.5.1/pico-sdk/src/rp2_common/hardware_i2c/i2c.c.obj
                0x10008c00                i2c_set_baudrate
 .text.i2c_init
                0x10008cf0       0x58 CMakeFiles/motor_control.dir/C_/Program_Files/Raspberry_Pi/Pico_SDK_v1.5.1/pico-sdk/src/rp2_common/hardware_i2c/i2c.c.obj
                0x10008cf0                i2c_init
 .text.i2c_write_blocking
                0x10008d48       0x18 CMakeFiles/motor_control.dir/C_/Program_Files/Raspberry_Pi/Pico_SDK_v1.5.1/pico-sdk/src/rp2_common/hardware_i2c/i2c.c.obj
                0x10008d48                i2c_write_blocking
 .text.i2c_read_blocking
                0x10008d60       0x18 CMakeFiles/motor_control.dir/C_/Program_Files/Raspberry_Pi/Pico_SDK_v1.5.1/pico-sdk/src/rp2_common/hardware_i2c/i2c.c.obj
                0x10008d60                i2c_read_blocking
 .text.malloc   0x10008d78       0x14 c:/progra~1/raspbe~1/picosd~1.1/gcc-ar~1/bin/../lib/gcc/arm-none-eabi/10.3.1/../../../../arm-none-eabi/lib/thumb/v6-m/nofp\libg.a(lib_a-malloc.o)
                0x10008d78                malloc
 .text.free     0x10008d8c       0x14 c:/progra~1/raspbe~1/picosd~1.1/gcc-ar~1/bin/../lib/gcc/arm-none-eabi/10.3.1/../../../../arm-none-eabi/lib/thumb/v6-m/nofp\libg.a(lib_a-malloc.o)
                0x10008d8c                free
 .text._malloc_r
                0x10008da0      0x584 c:/progra~1/raspbe~1/picosd~1.1/gcc-ar~1/bin/../lib/gcc/arm-none-eabi/10.3.1/../../../../arm-none-eabi/lib/thumb/v6-m/nofp\libg.a(lib_a-mallocr.o)
                0x10008da0                _malloc_r
 .text.__malloc_lock
                0x10009324       0x10 c:/progra~1/raspbe~1/picosd~1.1/gcc-ar~1/bin/../lib/gcc/arm-none-eabi/10.3.1/../../../../arm-none-eabi/lib/thumb/v6-m/nofp\libg.a(lib_a-mlock.o)
                0x10009324                __malloc_lock
 .text.__malloc_unlock
                0x10009334       0x10 c:/progra~1/raspbe~1/picosd~1.1/gcc-ar~1/bin/../lib/gcc/arm-none-eabi/10.3.1/../../../../arm-none-eabi/lib/thumb/v6-m/nofp\libg.a(lib_a-mlock.o)
                0x10009334                __malloc_unlock
 .text._sbrk_r  0x10009344       0x24 c:/progra~1/raspbe~1/picosd~1.1/gcc-ar~1/bin/../lib/gcc/arm-none-eabi/10.3.1/../../../../arm-none-eabi/lib/thumb/v6-m/nofp\libg.a(lib_a-sbrkr.o)
                0x10009344                _sbrk_r
 .text.strcpy   0x10009368       0x10 c:/progra~1/raspbe~1/picosd~1.1/gcc-ar~1/bin/../lib/gcc/arm-none-eabi/10.3.1/../../../../arm-none-eabi/lib/thumb/v6-m/nofp\libg.a(lib_a-strcpy.o)
                0x10009368                strcpy
 .text.strlen   0x10009378       0x5c c:/progra~1/raspbe~1/picosd~1.1/gcc-ar~1/bin/../lib/gcc/arm-none-eabi/10.3.1/../../../../arm-none-eabi/lib/thumb/v6-m/nofp\libg.a(lib_a-strlen-stub.o)
                0x10009378                strlen
 .text._malloc_trim_r
                0x100093d4       0x9c c:/progra~1/raspbe~1/picosd~1.1/gcc-ar~1/bin/../lib/gcc/arm-none-eabi/10.3.1/../../../../arm-none-eabi/lib/thumb/v6-m/nofp\libg.a(lib_a-freer.o)
                0x100093d4                _malloc_trim_r
 .text._free_r  0x10009470      0x1c4 c:/progra~1/raspbe~1/picosd~1.1/gcc-ar~1/bin/../lib/gcc/arm-none-eabi/10.3.1/../../../../arm-none-eabi/lib/thumb/v6-m/nofp\libg.a(lib_a-freer.o)
                0x10009470                _free_r
 .text.__retarget_lock_acquire_recursive
                0x10009634        0x4 c:/progra~1/raspbe~1/picosd~1.1/gcc-ar~1/bin/../lib/gcc/arm-none-eabi/10.3.1/../../../../arm-none-eabi/lib/thumb/v6-m/nofp\libg.a(lib_a-lock.o)
                0x10009634                __retarget_lock_acquire_recursive
 .text.__retarget_lock_release_recursive
                0x10009638        0x4 c:/progra~1/raspbe~1/picosd~1.1/gcc-ar~1/bin/../lib/gcc/arm-none-eabi/10.3.1/../../../../arm-none-eabi/lib/thumb/v6-m/nofp\libg.a(lib_a-lock.o)
                0x10009638                __retarget_lock_release_recursive
 *(.fini)
 .fini          0x1000963c        0x4 c:/progra~1/raspbe~1/picosd~1.1/gcc-ar~1/bin/../lib/gcc/arm-none-eabi/10.3.1/thumb/v6-m/nofp/crti.o
                0x1000963c                _fini
 .fini.__stub   0x10009640      0x110 linker stubs
 *crtbegin.o(.ctors)
 *crtbegin?.o(.ctors)
 *(EXCLUDE_FILE(*crtend.o *crtend?.o) .ctors)
 *(SORT_BY_NAME(.ctors.*))
 *(.ctors)
 *crtbegin.o(.dtors)
 *crtbegin?.o(.dtors)
 *(EXCLUDE_FILE(*crtend.o *crtend?.o) .dtors)
 *(SORT_BY_NAME(.dtors.*))
 *(.dtors)
 *(.eh_frame*)
 .eh_frame      0x10009750        0x0 c:/progra~1/raspbe~1/picosd~1.1/gcc-ar~1/bin/../lib/gcc/arm-none-eabi/10.3.1/thumb/v6-m/nofp/crtbegin.o
                0x10009750                . = ALIGN (0x4)

.glue_7         0x10009750        0x0
 .glue_7        0x10009750        0x0 linker stubs

.glue_7t        0x10009750        0x0
 .glue_7t       0x10009750        0x0 linker stubs

.vfp11_veneer   0x10009750        0x0
 .vfp11_veneer  0x10009750        0x0 linker stubs

.v4_bx          0x10009750        0x0
 .v4_bx         0x10009750        0x0 linker stubs

.iplt           0x10009750        0x0
 .iplt          0x10009750        0x0 c:/progra~1/raspbe~1/picosd~1.1/gcc-ar~1/bin/../lib/gcc/arm-none-eabi/10.3.1/thumb/v6-m/nofp/crtbegin.o

.rodata         0x10009750     0x1a58
 *(EXCLUDE_FILE(*libm.a: *libc.a:*lib_a-mem*.o *libgcc.a:) .rodata*)
 .rodata.main.str1.4
                0x10009750        0xd CMakeFiles/motor_control.dir/main.c.obj
 *fill*         0x1000975d        0x3 
 .rodata.uart_rx_handler.str1.4
                0x10009760       0x12 CMakeFiles/motor_control.dir/bluetooth.c.obj
 *fill*         0x10009772        0x2 
 .rodata.initPWM.str1.4
                0x10009774       0x6f CMakeFiles/motor_control.dir/motor_control.c.obj
 *fill*         0x100097e3        0x1 
 .rodata        0x100097e4       0x10 CMakeFiles/motor_control.dir/motor_control.c.obj
 .rodata.__func__.0
                0x100097f4        0x8 CMakeFiles/motor_control.dir/motor_control.c.obj
 .rodata.initI2C.str1.4
                0x100097fc       0x5a CMakeFiles/motor_control.dir/wheel_control.c.obj
                                 0x62 (size before relaxing)
 *fill*         0x10009856        0x2 
 .rodata.checkMagnetPresent.str1.4
                0x10009858       0x3d CMakeFiles/motor_control.dir/wheel_control.c.obj
 .rodata.RAWANGLE_H
                0x10009895        0x1 CMakeFiles/motor_control.dir/wheel_control.c.obj
                0x10009895                RAWANGLE_H
 .rodata.RAWANGLE_L
                0x10009896        0x1 CMakeFiles/motor_control.dir/wheel_control.c.obj
                0x10009896                RAWANGLE_L
 .rodata.STATUS
                0x10009897        0x1 CMakeFiles/motor_control.dir/wheel_control.c.obj
                0x10009897                STATUS
 .rodata.__bi_88.0
                0x10009898        0x8 CMakeFiles/motor_control.dir/wheel_control.c.obj
 .rodata.__bi_89.1
                0x100098a0        0x8 CMakeFiles/motor_control.dir/wheel_control.c.obj
 .rodata.__bi_90.2
                0x100098a8        0x8 CMakeFiles/motor_control.dir/wheel_control.c.obj
 .rodata.__bi_91.3
                0x100098b0        0x8 CMakeFiles/motor_control.dir/wheel_control.c.obj
 .rodata.__bi_92.4
                0x100098b8        0x8 CMakeFiles/motor_control.dir/wheel_control.c.obj
 .rodata.__bi_11.0
                0x100098c0        0x8 CMakeFiles/motor_control.dir/imu.c.obj
 .rodata.spin_lock_claim_unused.str1.4
                0x100098c8       0x1b CMakeFiles/motor_control.dir/C_/Program_Files/Raspberry_Pi/Pico_SDK_v1.5.1/pico-sdk/src/rp2_common/hardware_sync/sync.c.obj
 *fill*         0x100098e3        0x1 
 .rodata.make_branch.str1.4
                0x100098e4       0x89 CMakeFiles/motor_control.dir/C_/Program_Files/Raspberry_Pi/Pico_SDK_v1.5.1/pico-sdk/src/rp2_common/hardware_irq/irq.c.obj
 *fill*         0x1000996d        0x3 
 .rodata.insert_branch_and_link.str1.4
                0x10009970       0x10 CMakeFiles/motor_control.dir/C_/Program_Files/Raspberry_Pi/Pico_SDK_v1.5.1/pico-sdk/src/rp2_common/hardware_irq/irq.c.obj
 .rodata.irq_set_exclusive_handler.str1.4
                0x10009980       0x36 CMakeFiles/motor_control.dir/C_/Program_Files/Raspberry_Pi/Pico_SDK_v1.5.1/pico-sdk/src/rp2_common/hardware_irq/irq.c.obj
 *fill*         0x100099b6        0x2 
 .rodata.irq_add_shared_handler.str1.4
                0x100099b8       0xd9 CMakeFiles/motor_control.dir/C_/Program_Files/Raspberry_Pi/Pico_SDK_v1.5.1/pico-sdk/src/rp2_common/hardware_irq/irq.c.obj
 *fill*         0x10009a91        0x3 
 .rodata.irq_remove_handler.str1.4
                0x10009a94       0x3a CMakeFiles/motor_control.dir/C_/Program_Files/Raspberry_Pi/Pico_SDK_v1.5.1/pico-sdk/src/rp2_common/hardware_irq/irq.c.obj
 *fill*         0x10009ace        0x2 
 .rodata.irq_add_tail_to_free_list.str1.4
                0x10009ad0       0x3a CMakeFiles/motor_control.dir/C_/Program_Files/Raspberry_Pi/Pico_SDK_v1.5.1/pico-sdk/src/rp2_common/hardware_irq/irq.c.obj
 *fill*         0x10009b0a        0x2 
 .rodata.user_irq_claim_unused.str1.4
                0x10009b0c       0x1b CMakeFiles/motor_control.dir/C_/Program_Files/Raspberry_Pi/Pico_SDK_v1.5.1/pico-sdk/src/rp2_common/hardware_irq/irq.c.obj
 *fill*         0x10009b27        0x1 
 .rodata.__func__.0
                0x10009b28       0x1a CMakeFiles/motor_control.dir/C_/Program_Files/Raspberry_Pi/Pico_SDK_v1.5.1/pico-sdk/src/rp2_common/hardware_irq/irq.c.obj
 *fill*         0x10009b42        0x2 
 .rodata.__func__.1
                0x10009b44       0x17 CMakeFiles/motor_control.dir/C_/Program_Files/Raspberry_Pi/Pico_SDK_v1.5.1/pico-sdk/src/rp2_common/hardware_irq/irq.c.obj
 *fill*         0x10009b5b        0x1 
 .rodata.__func__.2
                0x10009b5c       0x13 CMakeFiles/motor_control.dir/C_/Program_Files/Raspberry_Pi/Pico_SDK_v1.5.1/pico-sdk/src/rp2_common/hardware_irq/irq.c.obj
 *fill*         0x10009b6f        0x1 
 .rodata.__func__.3
                0x10009b70        0xc CMakeFiles/motor_control.dir/C_/Program_Files/Raspberry_Pi/Pico_SDK_v1.5.1/pico-sdk/src/rp2_common/hardware_irq/irq.c.obj
 .rodata.__func__.4
                0x10009b7c        0xf CMakeFiles/motor_control.dir/C_/Program_Files/Raspberry_Pi/Pico_SDK_v1.5.1/pico-sdk/src/rp2_common/hardware_irq/irq.c.obj
 *fill*         0x10009b8b        0x1 
 .rodata.__func__.5
                0x10009b8c       0x17 CMakeFiles/motor_control.dir/C_/Program_Files/Raspberry_Pi/Pico_SDK_v1.5.1/pico-sdk/src/rp2_common/hardware_irq/irq.c.obj
 *fill*         0x10009ba3        0x1 
 .rodata.__func__.6
                0x10009ba4       0x1a CMakeFiles/motor_control.dir/C_/Program_Files/Raspberry_Pi/Pico_SDK_v1.5.1/pico-sdk/src/rp2_common/hardware_irq/irq.c.obj
 *fill*         0x10009bbe        0x2 
 .rodata.str1.4
                0x10009bc0      0x125 CMakeFiles/motor_control.dir/C_/Program_Files/Raspberry_Pi/Pico_SDK_v1.5.1/pico-sdk/src/common/pico_sync/mutex.c.obj
 *fill*         0x10009ce5        0x3 
 .rodata.__func__.1
                0x10009ce8        0xb CMakeFiles/motor_control.dir/C_/Program_Files/Raspberry_Pi/Pico_SDK_v1.5.1/pico-sdk/src/common/pico_sync/mutex.c.obj
 *fill*         0x10009cf3        0x1 
 .rodata.__func__.3
                0x10009cf4       0x18 CMakeFiles/motor_control.dir/C_/Program_Files/Raspberry_Pi/Pico_SDK_v1.5.1/pico-sdk/src/common/pico_sync/mutex.c.obj
 .rodata.__func__.4
                0x10009d0c       0x15 CMakeFiles/motor_control.dir/C_/Program_Files/Raspberry_Pi/Pico_SDK_v1.5.1/pico-sdk/src/common/pico_sync/mutex.c.obj
 *fill*         0x10009d21        0x3 
 .rodata.repeating_timer_callback.str1.4
                0x10009d24       0x67 CMakeFiles/motor_control.dir/C_/Program_Files/Raspberry_Pi/Pico_SDK_v1.5.1/pico-sdk/src/common/pico_time/time.c.obj
 *fill*         0x10009d8b        0x1 
 .rodata.timer_pool_entry_comparator.str1.4
                0x10009d8c       0x22 CMakeFiles/motor_control.dir/C_/Program_Files/Raspberry_Pi/Pico_SDK_v1.5.1/pico-sdk/src/common/pico_time/time.c.obj
 *fill*         0x10009dae        0x2 
 .rodata.ph_add_child_node.str1.4
                0x10009db0       0xb2 CMakeFiles/motor_control.dir/C_/Program_Files/Raspberry_Pi/Pico_SDK_v1.5.1/pico-sdk/src/common/pico_time/time.c.obj
 *fill*         0x10009e62        0x2 
 .rodata.add_alarm_under_lock.str1.4
                0x10009e64       0x28 CMakeFiles/motor_control.dir/C_/Program_Files/Raspberry_Pi/Pico_SDK_v1.5.1/pico-sdk/src/common/pico_time/time.c.obj
                                 0x2b (size before relaxing)
 .rodata.alarm_pool_alarm_callback.str1.4
                0x10009e8c       0x98 CMakeFiles/motor_control.dir/C_/Program_Files/Raspberry_Pi/Pico_SDK_v1.5.1/pico-sdk/src/common/pico_time/time.c.obj
                                0x118 (size before relaxing)
 .rodata.alarm_pool_get_default.str1.4
                0x10009f24       0x21 CMakeFiles/motor_control.dir/C_/Program_Files/Raspberry_Pi/Pico_SDK_v1.5.1/pico-sdk/src/common/pico_time/time.c.obj
 *fill*         0x10009f45        0x3 
 .rodata.alarm_pool_cancel_alarm.str1.4
                0x10009f48       0x27 CMakeFiles/motor_control.dir/C_/Program_Files/Raspberry_Pi/Pico_SDK_v1.5.1/pico-sdk/src/common/pico_time/time.c.obj
 *fill*         0x10009f6f        0x1 
 .rodata.sleep_until.str1.4
                0x10009f70       0x4d CMakeFiles/motor_control.dir/C_/Program_Files/Raspberry_Pi/Pico_SDK_v1.5.1/pico-sdk/src/common/pico_time/time.c.obj
 *fill*         0x10009fbd        0x3 
 .rodata.__func__.1
                0x10009fc0       0x18 CMakeFiles/motor_control.dir/C_/Program_Files/Raspberry_Pi/Pico_SDK_v1.5.1/pico-sdk/src/common/pico_time/time.c.obj
 .rodata.__func__.10
                0x10009fd8       0x15 CMakeFiles/motor_control.dir/C_/Program_Files/Raspberry_Pi/Pico_SDK_v1.5.1/pico-sdk/src/common/pico_time/time.c.obj
 *fill*         0x10009fed        0x3 
 .rodata.__func__.11
                0x10009ff0       0x1a CMakeFiles/motor_control.dir/C_/Program_Files/Raspberry_Pi/Pico_SDK_v1.5.1/pico-sdk/src/common/pico_time/time.c.obj
 *fill*         0x1000a00a        0x2 
 .rodata.__func__.12
                0x1000a00c        0xa CMakeFiles/motor_control.dir/C_/Program_Files/Raspberry_Pi/Pico_SDK_v1.5.1/pico-sdk/src/common/pico_time/time.c.obj
 *fill*         0x1000a016        0x2 
 .rodata.__func__.3
                0x1000a018       0x17 CMakeFiles/motor_control.dir/C_/Program_Files/Raspberry_Pi/Pico_SDK_v1.5.1/pico-sdk/src/common/pico_time/time.c.obj
 *fill*         0x1000a02f        0x1 
 .rodata.__func__.4
                0x1000a030       0x12 CMakeFiles/motor_control.dir/C_/Program_Files/Raspberry_Pi/Pico_SDK_v1.5.1/pico-sdk/src/common/pico_time/time.c.obj
 *fill*         0x1000a042        0x2 
 .rodata.__func__.5
                0x1000a044        0xd CMakeFiles/motor_control.dir/C_/Program_Files/Raspberry_Pi/Pico_SDK_v1.5.1/pico-sdk/src/common/pico_time/time.c.obj
 *fill*         0x1000a051        0x3 
 .rodata.__func__.6
                0x1000a054       0x12 CMakeFiles/motor_control.dir/C_/Program_Files/Raspberry_Pi/Pico_SDK_v1.5.1/pico-sdk/src/common/pico_time/time.c.obj
 *fill*         0x1000a066        0x2 
 .rodata.__func__.7
                0x1000a068        0xf CMakeFiles/motor_control.dir/C_/Program_Files/Raspberry_Pi/Pico_SDK_v1.5.1/pico-sdk/src/common/pico_time/time.c.obj
 *fill*         0x1000a077        0x1 
 .rodata.__func__.8
                0x1000a078        0xc CMakeFiles/motor_control.dir/C_/Program_Files/Raspberry_Pi/Pico_SDK_v1.5.1/pico-sdk/src/common/pico_time/time.c.obj
 .rodata.__func__.9
                0x1000a084       0x15 CMakeFiles/motor_control.dir/C_/Program_Files/Raspberry_Pi/Pico_SDK_v1.5.1/pico-sdk/src/common/pico_time/time.c.obj
 *fill*         0x1000a099        0x3 
 .rodata.hardware_alarm_claim.str1.4
                0x1000a09c       0x22 CMakeFiles/motor_control.dir/C_/Program_Files/Raspberry_Pi/Pico_SDK_v1.5.1/pico-sdk/src/rp2_common/hardware_timer/timer.c.obj
 .rodata.busy_wait_us.str1.4
                0x1000a0be       0x7d CMakeFiles/motor_control.dir/C_/Program_Files/Raspberry_Pi/Pico_SDK_v1.5.1/pico-sdk/src/rp2_common/hardware_timer/timer.c.obj
 *fill*         0x1000a0be        0x2 
 .rodata.hardware_alarm_set_target.str1.4
                0x1000a0c0       0x81 CMakeFiles/motor_control.dir/C_/Program_Files/Raspberry_Pi/Pico_SDK_v1.5.1/pico-sdk/src/rp2_common/hardware_timer/timer.c.obj
 *fill*         0x1000a141        0x3 
 .rodata.__func__.0
                0x1000a144       0x1a CMakeFiles/motor_control.dir/C_/Program_Files/Raspberry_Pi/Pico_SDK_v1.5.1/pico-sdk/src/rp2_common/hardware_timer/timer.c.obj
 *fill*         0x1000a15e        0x2 
 .rodata.__func__.1
                0x1000a160       0x15 CMakeFiles/motor_control.dir/C_/Program_Files/Raspberry_Pi/Pico_SDK_v1.5.1/pico-sdk/src/rp2_common/hardware_timer/timer.c.obj
 .rodata.ph_add_child_node.str1.4
                0x1000a175       0xb2 CMakeFiles/motor_control.dir/C_/Program_Files/Raspberry_Pi/Pico_SDK_v1.5.1/pico-sdk/src/common/pico_util/pheap.c.obj
 *fill*         0x1000a175        0x3 
 .rodata.ph_remove_any_head.str1.4
                0x1000a178       0xa8 CMakeFiles/motor_control.dir/C_/Program_Files/Raspberry_Pi/Pico_SDK_v1.5.1/pico-sdk/src/common/pico_util/pheap.c.obj
                                 0xbc (size before relaxing)
 .rodata.ph_remove_and_free_node.str1.4
                0x1000a220       0x1e CMakeFiles/motor_control.dir/C_/Program_Files/Raspberry_Pi/Pico_SDK_v1.5.1/pico-sdk/src/common/pico_util/pheap.c.obj
                                 0x26 (size before relaxing)
 *fill*         0x1000a23e        0x2 
 .rodata.__func__.0
                0x1000a240       0x18 CMakeFiles/motor_control.dir/C_/Program_Files/Raspberry_Pi/Pico_SDK_v1.5.1/pico-sdk/src/common/pico_util/pheap.c.obj
 .rodata.__func__.1