Archive member included to satisfy reference by file (symbol)

c:/progra~1/raspbe~1/picosd~1.1/gcc-ar~1/bin/../lib/gcc/arm-none-eabi/10.3.1/thumb/v6-m/nofp\libgcc.a(_dvmd_tls.o)
                              CMakeFiles/myrealmadridrobocup.dir/C_/Program_Files/Raspberry_Pi/Pico_SDK_v1.5.1/pico-sdk/src/rp2_common/pico_divider/divider.S.obj (__aeabi_idiv0)
c:/progra~1/raspbe~1/picosd~1.1/gcc-ar~1/bin/../lib/gcc/arm-none-eabi/10.3.1/../../../../arm-none-eabi/lib/thumb/v6-m/nofp\libg.a(lib_a-calloc.o)
                              CMakeFiles/myrealmadridrobocup.dir/C_/Program_Files/Raspberry_Pi/Pico_SDK_v1.5.1/pico-sdk/src/rp2_common/pico_malloc/pico_malloc.c.obj (calloc)
c:/progra~1/raspbe~1/picosd~1.1/gcc-ar~1/bin/../lib/gcc/arm-none-eabi/10.3.1/../../../../arm-none-eabi/lib/thumb/v6-m/nofp\libg.a(lib_a-callocr.o)
                              c:/progra~1/raspbe~1/picosd~1.1/gcc-ar~1/bin/../lib/gcc/arm-none-eabi/10.3.1/../../../../arm-none-eabi/lib/thumb/v6-m/nofp\libg.a(lib_a-calloc.o) (_calloc_r)
c:/progra~1/raspbe~1/picosd~1.1/gcc-ar~1/bin/../lib/gcc/arm-none-eabi/10.3.1/../../../../arm-none-eabi/lib/thumb/v6-m/nofp\libg.a(lib_a-errno.o)
                              c:/progra~1/raspbe~1/picosd~1.1/gcc-ar~1/bin/../lib/gcc/arm-none-eabi/10.3.1/../../../../arm-none-eabi/lib/thumb/v6-m/nofp\libg.a(lib_a-callocr.o) (__errno)
c:/progra~1/raspbe~1/picosd~1.1/gcc-ar~1/bin/../lib/gcc/arm-none-eabi/10.3.1/../../../../arm-none-eabi/lib/thumb/v6-m/nofp\libg.a(lib_a-impure.o)
                              c:/progra~1/raspbe~1/picosd~1.1/gcc-ar~1/bin/../lib/gcc/arm-none-eabi/10.3.1/../../../../arm-none-eabi/lib/thumb/v6-m/nofp\libg.a(lib_a-calloc.o) (_impure_ptr)
c:/progra~1/raspbe~1/picosd~1.1/gcc-ar~1/bin/../lib/gcc/arm-none-eabi/10.3.1/../../../../arm-none-eabi/lib/thumb/v6-m/nofp\libg.a(lib_a-init.o)
                              c:/progra~1/raspbe~1/picosd~1.1/gcc-ar~1/bin/../lib/gcc/arm-none-eabi/10.3.1/../../../../arm-none-eabi/lib/thumb/v6-m/nofp/crt0.o (__libc_init_array)
c:/progra~1/raspbe~1/picosd~1.1/gcc-ar~1/bin/../lib/gcc/arm-none-eabi/10.3.1/../../../../arm-none-eabi/lib/thumb/v6-m/nofp\libg.a(lib_a-malloc.o)
                              CMakeFiles/myrealmadridrobocup.dir/C_/Program_Files/Raspberry_Pi/Pico_SDK_v1.5.1/pico-sdk/src/rp2_common/pico_malloc/pico_malloc.c.obj (malloc)
c:/progra~1/raspbe~1/picosd~1.1/gcc-ar~1/bin/../lib/gcc/arm-none-eabi/10.3.1/../../../../arm-none-eabi/lib/thumb/v6-m/nofp\libg.a(lib_a-mallocr.o)
                              c:/progra~1/raspbe~1/picosd~1.1/gcc-ar~1/bin/../lib/gcc/arm-none-eabi/10.3.1/../../../../arm-none-eabi/lib/thumb/v6-m/nofp\libg.a(lib_a-callocr.o) (_malloc_r)
c:/progra~1/raspbe~1/picosd~1.1/gcc-ar~1/bin/../lib/gcc/arm-none-eabi/10.3.1/../../../../arm-none-eabi/lib/thumb/v6-m/nofp\libg.a(lib_a-mlock.o)
                              c:/progra~1/raspbe~1/picosd~1.1/gcc-ar~1/bin/../lib/gcc/arm-none-eabi/10.3.1/../../../../arm-none-eabi/lib/thumb/v6-m/nofp\libg.a(lib_a-mallocr.o) (__malloc_lock)
c:/progra~1/raspbe~1/picosd~1.1/gcc-ar~1/bin/../lib/gcc/arm-none-eabi/10.3.1/../../../../arm-none-eabi/lib/thumb/v6-m/nofp\libg.a(lib_a-realloc.o)
                              CMakeFiles/myrealmadridrobocup.dir/C_/Program_Files/Raspberry_Pi/Pico_SDK_v1.5.1/pico-sdk/src/rp2_common/pico_malloc/pico_malloc.c.obj (realloc)
c:/progra~1/raspbe~1/picosd~1.1/gcc-ar~1/bin/../lib/gcc/arm-none-eabi/10.3.1/../../../../arm-none-eabi/lib/thumb/v6-m/nofp\libg.a(lib_a-reallocr.o)
                              c:/progra~1/raspbe~1/picosd~1.1/gcc-ar~1/bin/../lib/gcc/arm-none-eabi/10.3.1/../../../../arm-none-eabi/lib/thumb/v6-m/nofp\libg.a(lib_a-realloc.o) (_realloc_r)
c:/progra~1/raspbe~1/picosd~1.1/gcc-ar~1/bin/../lib/gcc/arm-none-eabi/10.3.1/../../../../arm-none-eabi/lib/thumb/v6-m/nofp\libg.a(lib_a-sbrkr.o)
                              c:/progra~1/raspbe~1/picosd~1.1/gcc-ar~1/bin/../lib/gcc/arm-none-eabi/10.3.1/../../../../arm-none-eabi/lib/thumb/v6-m/nofp\libg.a(lib_a-mallocr.o) (_sbrk_r)
c:/progra~1/raspbe~1/picosd~1.1/gcc-ar~1/bin/../lib/gcc/arm-none-eabi/10.3.1/../../../../arm-none-eabi/lib/thumb/v6-m/nofp\libg.a(lib_a-strcpy.o)
                              CMakeFiles/myrealmadridrobocup.dir/bluetooth.c.obj (strcpy)
c:/progra~1/raspbe~1/picosd~1.1/gcc-ar~1/bin/../lib/gcc/arm-none-eabi/10.3.1/../../../../arm-none-eabi/lib/thumb/v6-m/nofp\libg.a(lib_a-strlen-stub.o)
                              CMakeFiles/myrealmadridrobocup.dir/C_/Program_Files/Raspberry_Pi/Pico_SDK_v1.5.1/pico-sdk/src/rp2_common/pico_stdio/stdio.c.obj (strlen)
c:/progra~1/raspbe~1/picosd~1.1/gcc-ar~1/bin/../lib/gcc/arm-none-eabi/10.3.1/../../../../arm-none-eabi/lib/thumb/v6-m/nofp\libg.a(lib_a-freer.o)
                              c:/progra~1/raspbe~1/picosd~1.1/gcc-ar~1/bin/../lib/gcc/arm-none-eabi/10.3.1/../../../../arm-none-eabi/lib/thumb/v6-m/nofp\libg.a(lib_a-malloc.o) (_free_r)
[...]
Memory Configuration

Name             Origin             Length             Attributes
FLASH            0x10000000         0x00200000         xr
RAM              0x20000000         0x00040000         xrw
SCRATCH_X        0x20040000         0x00001000         xrw
SCRATCH_Y        0x20041000         0x00001000         xrw
*default*        0x00000000         0xffffffff

Linker script and memory map

LOAD c:/progra~1/raspbe~1/picosd~1.1/gcc-ar~1/bin/../lib/gcc/arm-none-eabi/10.3.1/thumb/v6-m/nofp/crti.o
LOAD c:/progra~1/raspbe~1/picosd~1.1/gcc-ar~1/bin/../lib/gcc/arm-none-eabi/10.3.1/thumb/v6-m/nofp/crtbegin.o
LOAD c:/progra~1/raspbe~1/picosd~1.1/gcc-ar~1/bin/../lib/gcc/arm-none-eabi/10.3.1/../../../../arm-none-eabi/lib/thumb/v6-m/nofp/crt0.o

.flash_begin    0x10000000        0x0
                0x10000000                __flash_binary_start = .

.boot2          0x10000000      0x100
                0x10000000                __boot2_start__ = .
 *(.boot2)
 .boot2         0x10000000      0x100 C:\Users\manue\AppData\Local\Temp\cci2r0Wd.o
                0x10000100                __boot2_end__ = .
                0x00000001                ASSERT (((__boot2_end__ - __boot2_start__) == 0x100), ERROR: Pico second stage bootloader must be 256 bytes in size)

.text           0x10000100     0x94a0
                0x10000100                __logical_binary_start = .
 *(.vectors)
 .vectors       0x10000100       0xd4 CMakeFiles/myrealmadridrobocup.dir/C_/Program_Files/Raspberry_Pi/Pico_SDK_v1.5.1/pico-sdk/src/rp2_common/pico_standard_link/crt0.S.obj
                0x10000100                __VECTOR_TABLE
                0x10000100                __vectors
                0x100001c0                isr_invalid
                0x100001c0                __default_isrs_start
                0x100001c2                isr_nmi
                0x100001c4                isr_hardfault
                0x100001c6                isr_svcall
                0x100001c8                isr_pendsv
                0x100001ca                isr_systick
                0x100001cc                isr_irq23
                0x100001cc                isr_irq18
                0x100001cc                isr_irq11
                0x100001cc                isr_irq28
                0x100001cc                isr_irq19
                0x100001cc                isr_irq0
                0x100001cc                isr_irq6
                0x100001cc                isr_irq5
                0x100001cc                isr_irq12
                0x100001cc                isr_irq22
                0x100001cc                isr_irq31
                0x100001cc                isr_irq17
                0x100001cc                isr_irq27
                0x100001cc                isr_irq30
                0x100001cc                isr_irq2
                0x100001cc                isr_irq10
                0x100001cc                isr_irq8
                0x100001cc                isr_irq24
                0x100001cc                isr_irq1
                0x100001cc                isr_irq7
                0x100001cc                isr_irq21
                0x100001cc                isr_irq20
                0x100001cc                isr_irq15
                0x100001cc                isr_irq25
                0x100001cc                isr_irq13
                0x100001cc                __unhandled_user_irq
                0x100001cc                isr_irq4
                0x100001cc                isr_irq16
                0x100001cc                isr_irq29
                0x100001cc                isr_irq26
                0x100001cc                __default_isrs_end
                0x100001cc                isr_irq3
                0x100001cc                isr_irq14
                0x100001cc                isr_irq9
                0x100001d2                unhandled_user_irq_num_in_r0
 *(.binary_info_header)
 .binary_info_header
                0x100001d4       0x14 CMakeFiles/myrealmadridrobocup.dir/C_/Program_Files/Raspberry_Pi/Pico_SDK_v1.5.1/pico-sdk/src/rp2_common/pico_standard_link/crt0.S.obj
                0x100001e8                __binary_info_header_end = .
 *(.reset)
 .reset         0x100001e8       0xa0 CMakeFiles/myrealmadridrobocup.dir/C_/Program_Files/Raspberry_Pi/Pico_SDK_v1.5.1/pico-sdk/src/rp2_common/pico_standard_link/crt0.S.obj
                0x100001e8                _entry_point
 .reset         0x10000288       0x30 CMakeFiles/myrealmadridrobocup.dir/C_/Program_Files/Raspberry_Pi/Pico_SDK_v1.5.1/pico-sdk/src/rp2_common/pico_standard_link/binary_info.c.obj
 *(.init)
 .init          0x100002b8        0x4 c:/progra~1/raspbe~1/picosd~1.1/gcc-ar~1/bin/../lib/gcc/arm-none-eabi/10.3.1/thumb/v6-m/nofp/crti.o
                0x100002b8                _init
 *(EXCLUDE_FILE(*libm.a: *libc.a:*lib_a-mem*.o *libgcc.a:) .text*)
 .text          0x100002bc       0x48 c:/progra~1/raspbe~1/picosd~1.1/gcc-ar~1/bin/../lib/gcc/arm-none-eabi/10.3.1/thumb/v6-m/nofp/crtbegin.o
 .text.main2    0x10000304      0x284 CMakeFiles/myrealmadridrobocup.dir/main.c.obj
                0x10000304                main2
 .text.main     0x10000588      0x2dc CMakeFiles/myrealmadridrobocup.dir/main.c.obj
                0x10000588                main
 .text.uart_rx_handler
                0x10000864       0x9c CMakeFiles/myrealmadridrobocup.dir/bluetooth.c.obj
                0x10000864                uart_rx_handler
 .text.initUart
                0x10000900       0x74 CMakeFiles/myrealmadridrobocup.dir/bluetooth.c.obj
                0x10000900                initUart
 .text.planta   0x10000974      0x238 CMakeFiles/myrealmadridrobocup.dir/control.c.obj
                0x10000974                planta
 .text.control  0x10000bac      0x1b4 CMakeFiles/myrealmadridrobocup.dir/control.c.obj
                0x10000bac                control
 .text.initPWM  0x10000d60       0xb4 CMakeFiles/myrealmadridrobocup.dir/motor_control.c.obj
                0x10000d60                initPWM
 .text.initMotor
                0x10000e14       0x98 CMakeFiles/myrealmadridrobocup.dir/motor_control.c.obj
                0x10000e14                initMotor
 .text.moverMotor
                0x10000eac        0x2 CMakeFiles/myrealmadridrobocup.dir/motor_control.c.obj
                0x10000eac                moverMotor
 *fill*         0x10000eae        0x2 
 .text.setDutyxPID
                0x10000eb0       0x64 CMakeFiles/myrealmadridrobocup.dir/motor_control.c.obj
                0x10000eb0                setDutyxPID
 .text.initMotorControl
                0x10000f14       0x3c CMakeFiles/myrealmadridrobocup.dir/motor_control.c.obj
                0x10000f14                initMotorControl
 .text.adjustPWM
                0x10000f50       0xac CMakeFiles/myrealmadridrobocup.dir/motor_control.c.obj
                0x10000f50                adjustPWM
 .text.reserved_addr
                0x10000ffc       0x1a CMakeFiles/myrealmadridrobocup.dir/wheel_control.c.obj
                0x10000ffc                reserved_addr
 *fill*         0x10001016        0x2 
 .text.initI2C  0x10001018      0x170 CMakeFiles/myrealmadridrobocup.dir/wheel_control.c.obj
                0x10001018                initI2C
 .text.obtainAngle
                0x10001188      0x120 CMakeFiles/myrealmadridrobocup.dir/wheel_control.c.obj
                0x10001188                obtainAngle
 .text.switchI2c
                0x100012a8       0x28 CMakeFiles/myrealmadridrobocup.dir/wheel_control.c.obj
                0x100012a8                switchI2c
 .text.checkMagnetPresent
                0x100012d0       0xc8 CMakeFiles/myrealmadridrobocup.dir/wheel_control.c.obj
                0x100012d0                checkMagnetPresent
 .text.calcularControlPID
                0x10001398      0x16c CMakeFiles/myrealmadridrobocup.dir/wheel_control.c.obj
                0x10001398                calcularControlPID
 .text.setOffset
                0x10001504       0x24 CMakeFiles/myrealmadridrobocup.dir/imu.c.obj
                0x10001504                setOffset
 .text.mpu6050_reset
                0x10001528       0x60 CMakeFiles/myrealmadridrobocup.dir/imu.c.obj
                0x10001528                mpu6050_reset
 .text.mpu6050_read_raw
                0x10001588       0x40 CMakeFiles/myrealmadridrobocup.dir/imu.c.obj
                0x10001588                mpu6050_read_raw
 .text.gpio_set_function
                0x100015c8       0x30 CMakeFiles/myrealmadridrobocup.dir/C_/Program_Files/Raspberry_Pi/Pico_SDK_v1.5.1/pico-sdk/src/rp2_common/hardware_gpio/gpio.c.obj
                0x100015c8                gpio_set_function
 .text.gpio_set_pulls
                0x100015f8       0x34 CMakeFiles/myrealmadridrobocup.dir/C_/Program_Files/Raspberry_Pi/Pico_SDK_v1.5.1/pico-sdk/src/rp2_common/hardware_gpio/gpio.c.obj
                0x100015f8                gpio_set_pulls
 .text.running_on_fpga
                0x1000162c       0x14 CMakeFiles/myrealmadridrobocup.dir/C_/Program_Files/Raspberry_Pi/Pico_SDK_v1.5.1/pico-sdk/src/rp2_common/pico_platform/platform.c.obj
                0x1000162c                running_on_fpga
 .text.hw_claim_lock
                0x10001640       0x18 CMakeFiles/myrealmadridrobocup.dir/C_/Program_Files/Raspberry_Pi/Pico_SDK_v1.5.1/pico-sdk/src/rp2_common/hardware_claim/claim.c.obj
                0x10001640                hw_claim_lock
 .text.hw_claim_unlock
                0x10001658       0x14 CMakeFiles/myrealmadridrobocup.dir/C_/Program_Files/Raspberry_Pi/Pico_SDK_v1.5.1/pico-sdk/src/rp2_common/hardware_claim/claim.c.obj
                0x10001658                hw_claim_unlock
 .text.hw_claim_or_assert
                0x1000166c       0x32 CMakeFiles/myrealmadridrobocup.dir/C_/Program_Files/Raspberry_Pi/Pico_SDK_v1.5.1/pico-sdk/src/rp2_common/hardware_claim/claim.c.obj
                0x1000166c                hw_claim_or_assert
 .text.hw_claim_unused_from_range
                0x1000169e       0x50 CMakeFiles/myrealmadridrobocup.dir/C_/Program_Files/Raspberry_Pi/Pico_SDK_v1.5.1/pico-sdk/src/rp2_common/hardware_claim/claim.c.obj
                0x1000169e                hw_claim_unused_from_range
 *fill*         0x100016ee        0x2 
 .text.spin_locks_reset
                0x100016f0       0x20 CMakeFiles/myrealmadridrobocup.dir/C_/Program_Files/Raspberry_Pi/Pico_SDK_v1.5.1/pico-sdk/src/rp2_common/hardware_sync/sync.c.obj
                0x100016f0                spin_locks_reset
 .text.next_striped_spin_lock_num
                0x10001710       0x1c CMakeFiles/myrealmadridrobocup.dir/C_/Program_Files/Raspberry_Pi/Pico_SDK_v1.5.1/pico-sdk/src/rp2_common/hardware_sync/sync.c.obj
                0x10001710                next_striped_spin_lock_num
 .text.spin_lock_claim_unused
                0x1000172c       0x20 CMakeFiles/myrealmadridrobocup.dir/C_/Program_Files/Raspberry_Pi/Pico_SDK_v1.5.1/pico-sdk/src/rp2_common/hardware_sync/sync.c.obj
                0x1000172c                spin_lock_claim_unused
 .text.set_raw_irq_handler_and_unlock
                0x1000174c       0x28 CMakeFiles/myrealmadridrobocup.dir/C_/Program_Files/Raspberry_Pi/Pico_SDK_v1.5.1/pico-sdk/src/rp2_common/hardware_irq/irq.c.obj
 .text.make_branch
                0x10001774       0x48 CMakeFiles/myrealmadridrobocup.dir/C_/Program_Files/Raspberry_Pi/Pico_SDK_v1.5.1/pico-sdk/src/rp2_common/hardware_irq/irq.c.obj
 .text.insert_branch_and_link
                0x100017bc       0x40 CMakeFiles/myrealmadridrobocup.dir/C_/Program_Files/Raspberry_Pi/Pico_SDK_v1.5.1/pico-sdk/src/rp2_common/hardware_irq/irq.c.obj
 .text.irq_is_enabled
                0x100017fc       0x18 CMakeFiles/myrealmadridrobocup.dir/C_/Program_Files/Raspberry_Pi/Pico_SDK_v1.5.1/pico-sdk/src/rp2_common/hardware_irq/irq.c.obj
                0x100017fc                irq_is_enabled
 .text.irq_set_mask_enabled
                0x10001814       0x20 CMakeFiles/myrealmadridrobocup.dir/C_/Program_Files/Raspberry_Pi/Pico_SDK_v1.5.1/pico-sdk/src/rp2_common/hardware_irq/irq.c.obj
                0x10001814                irq_set_mask_enabled
 .text.irq_set_enabled
                0x10001834        0xe CMakeFiles/myrealmadridrobocup.dir/C_/Program_Files/Raspberry_Pi/Pico_SDK_v1.5.1/pico-sdk/src/rp2_common/hardware_irq/irq.c.obj
                0x10001834                irq_set_enabled
 *fill*         0x10001842        0x2 
 .text.irq_set_pending
                0x10001844       0x10 CMakeFiles/myrealmadridrobocup.dir/C_/Program_Files/Raspberry_Pi/Pico_SDK_v1.5.1/pico-sdk/src/rp2_common/hardware_irq/irq.c.obj
                0x10001844                irq_set_pending
 .text.irq_get_vtable_handler
                0x10001854       0x10 CMakeFiles/myrealmadridrobocup.dir/C_/Program_Files/Raspberry_Pi/Pico_SDK_v1.5.1/pico-sdk/src/rp2_common/hardware_irq/irq.c.obj
                0x10001854                irq_get_vtable_handler
 .text.irq_has_shared_handler
                0x10001864       0x24 CMakeFiles/myrealmadridrobocup.dir/C_/Program_Files/Raspberry_Pi/Pico_SDK_v1.5.1/pico-sdk/src/rp2_common/hardware_irq/irq.c.obj
                0x10001864                irq_has_shared_handler
 .text.irq_set_exclusive_handler
                0x10001888       0x54 CMakeFiles/myrealmadridrobocup.dir/C_/Program_Files/Raspberry_Pi/Pico_SDK_v1.5.1/pico-sdk/src/rp2_common/hardware_irq/irq.c.obj
                0x10001888                irq_set_exclusive_handler
 .text.irq_add_shared_handler
                0x100018dc      0x234 CMakeFiles/myrealmadridrobocup.dir/C_/Program_Files/Raspberry_Pi/Pico_SDK_v1.5.1/pico-sdk/src/rp2_common/hardware_irq/irq.c.obj
                0x100018dc                irq_add_shared_handler
 .text.irq_remove_handler
                0x10001b10      0x1ac CMakeFiles/myrealmadridrobocup.dir/C_/Program_Files/Raspberry_Pi/Pico_SDK_v1.5.1/pico-sdk/src/rp2_common/hardware_irq/irq.c.obj
                0x10001b10                irq_remove_handler
 .text.irq_add_tail_to_free_list
                0x10001cbc       0xf0 CMakeFiles/myrealmadridrobocup.dir/C_/Program_Files/Raspberry_Pi/Pico_SDK_v1.5.1/pico-sdk/src/rp2_common/hardware_irq/irq.c.obj
                0x10001cbc                irq_add_tail_to_free_list
 .text.irq_init_priorities
                0x10001dac       0x1c CMakeFiles/myrealmadridrobocup.dir/C_/Program_Files/Raspberry_Pi/Pico_SDK_v1.5.1/pico-sdk/src/rp2_common/hardware_irq/irq.c.obj
                0x10001dac                irq_init_priorities
 .text.user_irq_claim_unused
                0x10001dc8       0x28 CMakeFiles/myrealmadridrobocup.dir/C_/Program_Files/Raspberry_Pi/Pico_SDK_v1.5.1/pico-sdk/src/rp2_common/hardware_irq/irq.c.obj
                0x10001dc8                user_irq_claim_unused
 .text.sem_init
                0x10001df0       0x1e CMakeFiles/myrealmadridrobocup.dir/C_/Program_Files/Raspberry_Pi/Pico_SDK_v1.5.1/pico-sdk/src/common/pico_sync/sem.c.obj
                0x10001df0                sem_init
 *fill*         0x10001e0e        0x2 
 .text.lock_init
                0x10001e10       0x10 CMakeFiles/myrealmadridrobocup.dir/C_/Program_Files/Raspberry_Pi/Pico_SDK_v1.5.1/pico-sdk/src/common/pico_sync/lock_core.c.obj
                0x10001e10                lock_init
 .text.mutex_init
                0x10001e20       0x1a CMakeFiles/myrealmadridrobocup.dir/C_/Program_Files/Raspberry_Pi/Pico_SDK_v1.5.1/pico-sdk/src/common/pico_sync/mutex.c.obj
                0x10001e20                mutex_init
 .text.recursive_mutex_init
                0x10001e3a       0x1e CMakeFiles/myrealmadridrobocup.dir/C_/Program_Files/Raspberry_Pi/Pico_SDK_v1.5.1/pico-sdk/src/common/pico_sync/mutex.c.obj
                0x10001e3a                recursive_mutex_init
 .text.critical_section_init_with_lock_num
                0x10001e58       0x14 CMakeFiles/myrealmadridrobocup.dir/C_/Program_Files/Raspberry_Pi/Pico_SDK_v1.5.1/pico-sdk/src/common/pico_sync/critical_section.c.obj
                0x10001e58                critical_section_init_with_lock_num
 .text.critical_section_init
                0x10001e6c       0x14 CMakeFiles/myrealmadridrobocup.dir/C_/Program_Files/Raspberry_Pi/Pico_SDK_v1.5.1/pico-sdk/src/common/pico_sync/critical_section.c.obj
                0x10001e6c                critical_section_init
 .text.alarm_pool_post_alloc_init
                0x10001e80       0x40 CMakeFiles/myrealmadridrobocup.dir/C_/Program_Files/Raspberry_Pi/Pico_SDK_v1.5.1/pico-sdk/src/common/pico_time/time.c.obj
 .text.sleep_until_callback
                0x10001ec0       0x30 CMakeFiles/myrealmadridrobocup.dir/C_/Program_Files/Raspberry_Pi/Pico_SDK_v1.5.1/pico-sdk/src/common/pico_time/time.c.obj
 .text.timer_pool_entry_comparator
                0x10001ef0       0x7c CMakeFiles/myrealmadridrobocup.dir/C_/Program_Files/Raspberry_Pi/Pico_SDK_v1.5.1/pico-sdk/src/common/pico_time/time.c.obj
                0x10001ef0                timer_pool_entry_comparator
 .text.ph_add_child_node
                0x10001f6c       0xa4 CMakeFiles/myrealmadridrobocup.dir/C_/Program_Files/Raspberry_Pi/Pico_SDK_v1.5.1/pico-sdk/src/common/pico_time/time.c.obj
 .text.ph_merge_nodes
                0x10002010       0x3e CMakeFiles/myrealmadridrobocup.dir/C_/Program_Files/Raspberry_Pi/Pico_SDK_v1.5.1/pico-sdk/src/common/pico_time/time.c.obj
 *fill*         0x1000204e        0x2 
 .text.add_alarm_under_lock
                0x10002050      0x174 CMakeFiles/myrealmadridrobocup.dir/C_/Program_Files/Raspberry_Pi/Pico_SDK_v1.5.1/pico-sdk/src/common/pico_time/time.c.obj
 .text.alarm_pool_alarm_callback
                0x100021c4      0x33c CMakeFiles/myrealmadridrobocup.dir/C_/Program_Files/Raspberry_Pi/Pico_SDK_v1.5.1/pico-sdk/src/common/pico_time/time.c.obj
 .text.alarm_pool_init_default
                0x10002500       0x40 CMakeFiles/myrealmadridrobocup.dir/C_/Program_Files/Raspberry_Pi/Pico_SDK_v1.5.1/pico-sdk/src/common/pico_time/time.c.obj
                0x10002500                alarm_pool_init_default
 .text.alarm_pool_get_default
                0x10002540       0x2c CMakeFiles/myrealmadridrobocup.dir/C_/Program_Files/Raspberry_Pi/Pico_SDK_v1.5.1/pico-sdk/src/common/pico_time/time.c.obj
                0x10002540                alarm_pool_get_default
 .text.alarm_pool_add_alarm_at
                0x1000256c      0x168 CMakeFiles/myrealmadridrobocup.dir/C_/Program_Files/Raspberry_Pi/Pico_SDK_v1.5.1/pico-sdk/src/common/pico_time/time.c.obj
                0x1000256c                alarm_pool_add_alarm_at
 .text.alarm_pool_cancel_alarm
                0x100026d4       0xf8 CMakeFiles/myrealmadridrobocup.dir/C_/Program_Files/Raspberry_Pi/Pico_SDK_v1.5.1/pico-sdk/src/common/pico_time/time.c.obj
                0x100026d4                alarm_pool_cancel_alarm
 .text.alarm_pool_core_num
                0x100027cc        0x4 CMakeFiles/myrealmadridrobocup.dir/C_/Program_Files/Raspberry_Pi/Pico_SDK_v1.5.1/pico-sdk/src/common/pico_time/time.c.obj
                0x100027cc                alarm_pool_core_num
 .text.sleep_until
                0x100027d0       0xfc CMakeFiles/myrealmadridrobocup.dir/C_/Program_Files/Raspberry_Pi/Pico_SDK_v1.5.1/pico-sdk/src/common/pico_time/time.c.obj
                0x100027d0                sleep_until
 .text.sleep_us
                0x100028cc       0x58 CMakeFiles/myrealmadridrobocup.dir/C_/Program_Files/Raspberry_Pi/Pico_SDK_v1.5.1/pico-sdk/src/common/pico_time/time.c.obj
                0x100028cc                sleep_us
 .text.sleep_ms
                0x10002924       0x14 CMakeFiles/myrealmadridrobocup.dir/C_/Program_Files/Raspberry_Pi/Pico_SDK_v1.5.1/pico-sdk/src/common/pico_time/time.c.obj
                0x10002924                sleep_ms
 .text.best_effort_wfe_or_timeout
                0x10002938       0xac CMakeFiles/myrealmadridrobocup.dir/C_/Program_Files/Raspberry_Pi/Pico_SDK_v1.5.1/pico-sdk/src/common/pico_time/time.c.obj
                0x10002938                best_effort_wfe_or_timeout
 .text.hardware_alarm_irq_handler
                0x100029e4       0x90 CMakeFiles/myrealmadridrobocup.dir/C_/Program_Files/Raspberry_Pi/Pico_SDK_v1.5.1/pico-sdk/src/rp2_common/hardware_timer/timer.c.obj
 .text.hardware_alarm_claim
                0x10002a74       0x18 CMakeFiles/myrealmadridrobocup.dir/C_/Program_Files/Raspberry_Pi/Pico_SDK_v1.5.1/pico-sdk/src/rp2_common/hardware_timer/timer.c.obj
                0x10002a74                hardware_alarm_claim
 .text.time_us_64
                0x10002a8c       0x18 CMakeFiles/myrealmadridrobocup.dir/C_/Program_Files/Raspberry_Pi/Pico_SDK_v1.5.1/pico-sdk/src/rp2_common/hardware_timer/timer.c.obj
                0x10002a8c                time_us_64
 .text.busy_wait_until
                0x10002aa4       0x28 CMakeFiles/myrealmadridrobocup.dir/C_/Program_Files/Raspberry_Pi/Pico_SDK_v1.5.1/pico-sdk/src/rp2_common/hardware_timer/timer.c.obj
                0x10002aa4                busy_wait_until
 .text.busy_wait_us
                0x10002acc       0x48 CMakeFiles/myrealmadridrobocup.dir/C_/Program_Files/Raspberry_Pi/Pico_SDK_v1.5.1/pico-sdk/src/rp2_common/hardware_timer/timer.c.obj
                0x10002acc                busy_wait_us
 .text.hardware_alarm_set_callback
                0x10002b14       0x90 CMakeFiles/myrealmadridrobocup.dir/C_/Program_Files/Raspberry_Pi/Pico_SDK_v1.5.1/pico-sdk/src/rp2_common/hardware_timer/timer.c.obj
                0x10002b14                hardware_alarm_set_callback
 .text.hardware_alarm_set_target
                0x10002ba4       0xe8 CMakeFiles/myrealmadridrobocup.dir/C_/Program_Files/Raspberry_Pi/Pico_SDK_v1.5.1/pico-sdk/src/rp2_common/hardware_timer/timer.c.obj
                0x10002ba4                hardware_alarm_set_target
 .text.hardware_alarm_cancel
                0x10002c8c       0x40 CMakeFiles/myrealmadridrobocup.dir/C_/Program_Files/Raspberry_Pi/Pico_SDK_v1.5.1/pico-sdk/src/rp2_common/hardware_timer/timer.c.obj
                0x10002c8c                hardware_alarm_cancel
 .text.ph_add_child_node
                0x10002ccc       0xa4 CMakeFiles/myrealmadridrobocup.dir/C_/Program_Files/Raspberry_Pi/Pico_SDK_v1.5.1/pico-sdk/src/common/pico_util/pheap.c.obj
 .text.ph_merge_nodes
                0x10002d70       0x3e CMakeFiles/myrealmadridrobocup.dir/C_/Program_Files/Raspberry_Pi/Pico_SDK_v1.5.1/pico-sdk/src/common/pico_util/pheap.c.obj
 *fill*         0x10002dae        0x2 
 .text.ph_clear
                0x10002db0       0x70 CMakeFiles/myrealmadridrobocup.dir/C_/Program_Files/Raspberry_Pi/Pico_SDK_v1.5.1/pico-sdk/src/common/pico_util/pheap.c.obj
                0x10002db0                ph_clear
 .text.ph_post_alloc_init
                0x10002e20        0xe CMakeFiles/myrealmadridrobocup.dir/C_/Program_Files/Raspberry_Pi/Pico_SDK_v1.5.1/pico-sdk/src/common/pico_util/pheap.c.obj
                0x10002e20                ph_post_alloc_init
 *fill*         0x10002e2e        0x2 
 .text.ph_merge_two_pass
                0x10002e30       0xa8 CMakeFiles/myrealmadridrobocup.dir/C_/Program_Files/Raspberry_Pi/Pico_SDK_v1.5.1/pico-sdk/src/common/pico_util/pheap.c.obj
                0x10002e30                ph_merge_two_pass
 .text.ph_remove_any_head
                0x10002ed8      0x128 CMakeFiles/myrealmadridrobocup.dir/C_/Program_Files/Raspberry_Pi/Pico_SDK_v1.5.1/pico-sdk/src/common/pico_util/pheap.c.obj
 .text.ph_remove_head
                0x10003000       0x14 CMakeFiles/myrealmadridrobocup.dir/C_/Program_Files/Raspberry_Pi/Pico_SDK_v1.5.1/pico-sdk/src/common/pico_util/pheap.c.obj
                0x10003000                ph_remove_head
 .text.ph_remove_and_free_node
                0x10003014       0xf8 CMakeFiles/myrealmadridrobocup.dir/C_/Program_Files/Raspberry_Pi/Pico_SDK_v1.5.1/pico-sdk/src/common/pico_util/pheap.c.obj
                0x10003014                ph_remove_and_free_node
 .text.uart_disable_before_lcr_write
                0x1000310c       0x48 CMakeFiles/myrealmadridrobocup.dir/C_/Program_Files/Raspberry_Pi/Pico_SDK_v1.5.1/pico-sdk/src/rp2_common/hardware_uart/uart.c.obj
 .text.uart_write_lcr_bits_masked
                0x10003154       0x22 CMakeFiles/myrealmadridrobocup.dir/C_/Program_Files/Raspberry_Pi/Pico_SDK_v1.5.1/pico-sdk/src/rp2_common/hardware_uart/uart.c.obj
 *fill*         0x10003176        0x2 
 .text.uart_set_baudrate
                0x10003178       0x5c CMakeFiles/myrealmadridrobocup.dir/C_/Program_Files/Raspberry_Pi/Pico_SDK_v1.5.1/pico-sdk/src/rp2_common/hardware_uart/uart.c.obj
                0x10003178                uart_set_baudrate
 .text.uart_set_format
                0x100031d4       0x2c CMakeFiles/myrealmadridrobocup.dir/C_/Program_Files/Raspberry_Pi/Pico_SDK_v1.5.1/pico-sdk/src/rp2_common/hardware_uart/uart.c.obj
                0x100031d4                uart_set_format
 .text.uart_set_fifo_enabled
                0x10003200       0x10 CMakeFiles/myrealmadridrobocup.dir/C_/Program_Files/Raspberry_Pi/Pico_SDK_v1.5.1/pico-sdk/src/rp2_common/hardware_uart/uart.c.obj
                0x10003200                uart_set_fifo_enabled
 .text.uart_set_translate_crlf
                0x10003210       0x28 CMakeFiles/myrealmadridrobocup.dir/C_/Program_Files/Raspberry_Pi/Pico_SDK_v1.5.1/pico-sdk/src/rp2_common/hardware_uart/uart.c.obj
                0x10003210                uart_set_translate_crlf
 .text.uart_init
                0x10003238       0x80 CMakeFiles/myrealmadridrobocup.dir/C_/Program_Files/Raspberry_Pi/Pico_SDK_v1.5.1/pico-sdk/src/rp2_common/hardware_uart/uart.c.obj
                0x10003238                uart_init
 .text.clock_configure
                0x100032b8      0x108 CMakeFiles/myrealmadridrobocup.dir/C_/Program_Files/Raspberry_Pi/Pico_SDK_v1.5.1/pico-sdk/src/rp2_common/hardware_clocks/clocks.c.obj
                0x100032b8                clock_configure
 .text.clocks_init
                0x100033c0      0x100 CMakeFiles/myrealmadridrobocup.dir/C_/Program_Files/Raspberry_Pi/Pico_SDK_v1.5.1/pico-sdk/src/rp2_common/hardware_clocks/clocks.c.obj
                0x100033c0                clocks_init
 .text.clock_get_hz
                0x100034c0        0xc CMakeFiles/myrealmadridrobocup.dir/C_/Program_Files/Raspberry_Pi/Pico_SDK_v1.5.1/pico-sdk/src/rp2_common/hardware_clocks/clocks.c.obj
                0x100034c0                clock_get_hz
 .text.pll_init
                0x100034cc      0x120 CMakeFiles/myrealmadridrobocup.dir/C_/Program_Files/Raspberry_Pi/Pico_SDK_v1.5.1/pico-sdk/src/rp2_common/hardware_pll/pll.c.obj
                0x100034cc                pll_init
 .text.watchdog_start_tick
                0x100035ec       0x10 CMakeFiles/myrealmadridrobocup.dir/C_/Program_Files/Raspberry_Pi/Pico_SDK_v1.5.1/pico-sdk/src/rp2_common/hardware_watchdog/watchdog.c.obj
                0x100035ec                watchdog_start_tick
 .text.watchdog_update
                0x100035fc       0x14 CMakeFiles/myrealmadridrobocup.dir/C_/Program_Files/Raspberry_Pi/Pico_SDK_v1.5.1/pico-sdk/src/rp2_common/hardware_watchdog/watchdog.c.obj
                0x100035fc                watchdog_update
 .text._watchdog_enable
                0x10003610       0x78 CMakeFiles/myrealmadridrobocup.dir/C_/Program_Files/Raspberry_Pi/Pico_SDK_v1.5.1/pico-sdk/src/rp2_common/hardware_watchdog/watchdog.c.obj
                0x10003610                _watchdog_enable
 .text.watchdog_reboot
                0x10003688       0x48 CMakeFiles/myrealmadridrobocup.dir/C_/Program_Files/Raspberry_Pi/Pico_SDK_v1.5.1/pico-sdk/src/rp2_common/hardware_watchdog/watchdog.c.obj
                0x10003688                watchdog_reboot
 .text.xosc_init
                0x100036d0       0x28 CMakeFiles/myrealmadridrobocup.dir/C_/Program_Files/Raspberry_Pi/Pico_SDK_v1.5.1/pico-sdk/src/rp2_common/hardware_xosc/xosc.c.obj
                0x100036d0                xosc_init
 .text._exit    0x100036f8        0x4 CMakeFiles/myrealmadridrobocup.dir/C_/Program_Files/Raspberry_Pi/Pico_SDK_v1.5.1/pico-sdk/src/rp2_common/pico_runtime/runtime.c.obj
                0x100036f8                _exit
 .text._sbrk    0x100036fc       0x38 CMakeFiles/myrealmadridrobocup.dir/C_/Program_Files/Raspberry_Pi/Pico_SDK_v1.5.1/pico-sdk/src/rp2_common/pico_runtime/runtime.c.obj
                0x100036fc                _sbrk
 .text.exit     0x10003734        0x6 CMakeFiles/myrealmadridrobocup.dir/C_/Program_Files/Raspberry_Pi/Pico_SDK_v1.5.1/pico-sdk/src/rp2_common/pico_runtime/runtime.c.obj
                0x10003734                exit
 *fill*         0x1000373a        0x2 
 .text.__assert_func
                0x1000373c       0x3c CMakeFiles/myrealmadridrobocup.dir/C_/Program_Files/Raspberry_Pi/Pico_SDK_v1.5.1/pico-sdk/src/rp2_common/pico_runtime/runtime.c.obj
                0x1000373c                __assert_func
 .text.runtime_init
                0x10003778       0xf8 CMakeFiles/myrealmadridrobocup.dir/C_/Program_Files/Raspberry_Pi/Pico_SDK_v1.5.1/pico-sdk/src/rp2_common/pico_runtime/runtime.c.obj
                0x10003778                runtime_init
 .text.panic    0x10003870       0x30 CMakeFiles/myrealmadridrobocup.dir/C_/Program_Files/Raspberry_Pi/Pico_SDK_v1.5.1/pico-sdk/src/rp2_common/pico_runtime/runtime.c.obj
                0x10003870                panic
 .text._out_null
                0x100038a0        0x2 CMakeFiles/myrealmadridrobocup.dir/C_/Program_Files/Raspberry_Pi/Pico_SDK_v1.5.1/pico-sdk/src/rp2_common/pico_printf/printf.c.obj
 .text._out_fct
                0x100038a2        0xe CMakeFiles/myrealmadridrobocup.dir/C_/Program_Files/Raspberry_Pi/Pico_SDK_v1.5.1/pico-sdk/src/rp2_common/pico_printf/printf.c.obj
 .text._atoi    0x100038b0       0x24 CMakeFiles/myrealmadridrobocup.dir/C_/Program_Files/Raspberry_Pi/Pico_SDK_v1.5.1/pico-sdk/src/rp2_common/pico_printf/printf.c.obj
 .text._out_rev
                0x100038d4       0xae CMakeFiles/myrealmadridrobocup.dir/C_/Program_Files/Raspberry_Pi/Pico_SDK_v1.5.1/pico-sdk/src/rp2_common/pico_printf/printf.c.obj
 .text._ntoa_format
                0x10003982      0x112 CMakeFiles/myrealmadridrobocup.dir/C_/Program_Files/Raspberry_Pi/Pico_SDK_v1.5.1/pico-sdk/src/rp2_common/pico_printf/printf.c.obj
 .text._ntoa_long
                0x10003a94       0xbc CMakeFiles/myrealmadridrobocup.dir/C_/Program_Files/Raspberry_Pi/Pico_SDK_v1.5.1/pico-sdk/src/rp2_common/pico_printf/printf.c.obj
 .text._ntoa_long_long
                0x10003b50       0xe2 CMakeFiles/myrealmadridrobocup.dir/C_/Program_Files/Raspberry_Pi/Pico_SDK_v1.5.1/pico-sdk/src/rp2_common/pico_printf/printf.c.obj
 *fill*         0x10003c32        0x2 
 .text._etoa    0x10003c34      0x414 CMakeFiles/myrealmadridrobocup.dir/C_/Program_Files/Raspberry_Pi/Pico_SDK_v1.5.1/pico-sdk/src/rp2_common/pico_printf/printf.c.obj
 .text._ftoa    0x10004048      0x354 CMakeFiles/myrealmadridrobocup.dir/C_/Program_Files/Raspberry_Pi/Pico_SDK_v1.5.1/pico-sdk/src/rp2_common/pico_printf/printf.c.obj
 .text._vsnprintf
                0x1000439c      0x624 CMakeFiles/myrealmadridrobocup.dir/C_/Program_Files/Raspberry_Pi/Pico_SDK_v1.5.1/pico-sdk/src/rp2_common/pico_printf/printf.c.obj
 .text.vfctprintf
                0x100049c0       0x20 CMakeFiles/myrealmadridrobocup.dir/C_/Program_Files/Raspberry_Pi/Pico_SDK_v1.5.1/pico-sdk/src/rp2_common/pico_printf/printf.c.obj
                0x100049c0                vfctprintf
 .text          0x100049e0       0x10 CMakeFiles/myrealmadridrobocup.dir/C_/Program_Files/Raspberry_Pi/Pico_SDK_v1.5.1/pico-sdk/src/rp2_common/pico_bit_ops/bit_ops_aeabi.S.obj
 .text.rom_func_lookup
                0x100049f0       0x10 CMakeFiles/myrealmadridrobocup.dir/C_/Program_Files/Raspberry_Pi/Pico_SDK_v1.5.1/pico-sdk/src/rp2_common/pico_bootrom/bootrom.c.obj
                0x100049f0                rom_func_lookup
 .text.rom_data_lookup
                0x10004a00       0x10 CMakeFiles/myrealmadridrobocup.dir/C_/Program_Files/Raspberry_Pi/Pico_SDK_v1.5.1/pico-sdk/src/rp2_common/pico_bootrom/bootrom.c.obj
                0x10004a00                rom_data_lookup
 .text.rom_funcs_lookup
                0x10004a10       0x36 CMakeFiles/myrealmadridrobocup.dir/C_/Program_Files/Raspberry_Pi/Pico_SDK_v1.5.1/pico-sdk/src/rp2_common/pico_bootrom/bootrom.c.obj
                0x10004a10                rom_funcs_lookup
 *fill*         0x10004a46        0x2 
 .text.__wrap___aeabi_idiv
                0x10004a48       0x50 CMakeFiles/myrealmadridrobocup.dir/C_/Program_Files/Raspberry_Pi/Pico_SDK_v1.5.1/pico-sdk/src/rp2_common/pico_divider/divider.S.obj
                0x10004a48                __wrap___aeabi_idivmod
                0x10004a48                divmod_s32s32
                0x10004a48                div_s32s32
                0x10004a48                __wrap___aeabi_idiv
                0x10004a50                divmod_s32s32_unsafe
                0x10004a7c                divmod_s32s32_savestate
 .text.__wrap___aeabi_uidiv
                0x10004a98       0x4c CMakeFiles/myrealmadridrobocup.dir/C_/Program_Files/Raspberry_Pi/Pico_SDK_v1.5.1/pico-sdk/src/rp2_common/pico_divider/divider.S.obj
                0x10004a98                __wrap___aeabi_uidiv
                0x10004a98                __wrap___aeabi_uidivmod
                0x10004a98                div_u32u32
                0x10004a98                divmod_u32u32
                0x10004aa0                divmod_u32u32_unsafe
                0x10004ac8                divmod_u32u32_savestate
 .text.__wrap___aeabi_ldiv
                0x10004ae4      0x424 CMakeFiles/myrealmadridrobocup.dir/C_/Program_Files/Raspberry_Pi/Pico_SDK_v1.5.1/pico-sdk/src/rp2_common/pico_divider/divider.S.obj
                0x10004ae4                div_s64s64
                0x10004ae4                divmod_s64s64
                0x10004ae4                __wrap___aeabi_ldivmod
                0x10004b14                divmod_u64u64
                0x10004b14                div_u64u64
                0x10004b14                __wrap___aeabi_uldivmod
                0x10004b24                divmod_u64u64_savestate
                0x10004b44                divmod_s64s64_unsafe
                0x10004bcc                divmod_u64u64_unsafe
 .text.__wrap___aeabi_darithmetic
                0x10004f08       0x80 CMakeFiles/myrealmadridrobocup.dir/C_/Program_Files/Raspberry_Pi/Pico_SDK_v1.5.1/pico-sdk/src/rp2_common/pico_double/double_aeabi.S.obj
                0x10004f08                __wrap___aeabi_drsub
                0x10004f0e                __wrap___aeabi_dsub
                0x10004f20                __wrap___aeabi_dadd
                0x10004f32                __wrap___aeabi_ddiv
                0x10004f6e                __wrap___aeabi_dmul
 .text.__wrap___aeabi_cdcmple
                0x10004f88       0x6c CMakeFiles/myrealmadridrobocup.dir/C_/Program_Files/Raspberry_Pi/Pico_SDK_v1.5.1/pico-sdk/src/rp2_common/pico_double/double_aeabi.S.obj
                0x10004f88                __wrap___aeabi_cdrcmple
                0x10004f98                __wrap___aeabi_cdcmpeq
                0x10004f98                __wrap___aeabi_cdcmple
 .text.__wrap___aeabi_dcmplt
                0x10004ff4        0xc CMakeFiles/myrealmadridrobocup.dir/C_/Program_Files/Raspberry_Pi/Pico_SDK_v1.5.1/pico-sdk/src/rp2_common/pico_double/double_aeabi.S.obj
                0x10004ff4                __wrap___aeabi_dcmplt
 .text.__wrap___aeabi_dcmple
                0x10005000       0x10 CMakeFiles/myrealmadridrobocup.dir/C_/Program_Files/Raspberry_Pi/Pico_SDK_v1.5.1/pico-sdk/src/rp2_common/pico_double/double_aeabi.S.obj
                0x10005000                __wrap___aeabi_dcmple
 .text.__wrap___aeabi_dcmpge
                0x10005010       0x10 CMakeFiles/myrealmadridrobocup.dir/C_/Program_Files/Raspberry_Pi/Pico_SDK_v1.5.1/pico-sdk/src/rp2_common/pico_double/double_aeabi.S.obj
                0x10005010                __wrap___aeabi_dcmpge
 .text.__wrap___aeabi_dcmpgt
                0x10005020        0xa CMakeFiles/myrealmadridrobocup.dir/C_/Program_Files/Raspberry_Pi/Pico_SDK_v1.5.1/pico-sdk/src/rp2_common/pico_double/double_aeabi.S.obj
                0x10005020                __wrap___aeabi_dcmpgt
 .text.__wrap___aeabi_dcmpun
                0x1000502a       0x1c CMakeFiles/myrealmadridrobocup.dir/C_/Program_Files/Raspberry_Pi/Pico_SDK_v1.5.1/pico-sdk/src/rp2_common/pico_double/double_aeabi.S.obj
                0x1000502a                __wrap___aeabi_dcmpun
 *fill*         0x10005046        0x2 
 .text.__wrap___aeabi_i2d
                0x10005048       0x38 CMakeFiles/myrealmadridrobocup.dir/C_/Program_Files/Raspberry_Pi/Pico_SDK_v1.5.1/pico-sdk/src/rp2_common/pico_double/double_aeabi.S.obj
                0x10005048                __wrap___aeabi_ui2d
                0x10005050                __wrap___aeabi_i2d
 .text.__wrap___aeabi_d2iz
                0x10005080       0x48 CMakeFiles/myrealmadridrobocup.dir/C_/Program_Files/Raspberry_Pi/Pico_SDK_v1.5.1/pico-sdk/src/rp2_common/pico_double/double_aeabi.S.obj
                0x10005080                double2int_z
                0x10005080                __wrap___aeabi_d2iz
 .text.__wrap___aeabi_d2uiz
                0x100050c8       0x18 CMakeFiles/myrealmadridrobocup.dir/C_/Program_Files/Raspberry_Pi/Pico_SDK_v1.5.1/pico-sdk/src/rp2_common/pico_double/double_aeabi.S.obj
                0x100050c8                __wrap___aeabi_d2uiz
                0x100050c8                double2uint
 .text.__wrap___aeabi_d2f
                0x100050e0       0x18 CMakeFiles/myrealmadridrobocup.dir/C_/Program_Files/Raspberry_Pi/Pico_SDK_v1.5.1/pico-sdk/src/rp2_common/pico_double/double_aeabi.S.obj
                0x100050e0                __wrap___aeabi_d2f
 .text.__aeabi_double_init
                0x100050f8       0xc8 CMakeFiles/myrealmadridrobocup.dir/C_/Program_Files/Raspberry_Pi/Pico_SDK_v1.5.1/pico-sdk/src/rp2_common/pico_double/double_init_rom.c.obj
                0x100050f8                __aeabi_double_init
 .text.double_table_shim_on_use_helper
                0x100051c0       0x34 CMakeFiles/myrealmadridrobocup.dir/C_/Program_Files/Raspberry_Pi/Pico_SDK_v1.5.1/pico-sdk/src/rp2_common/pico_double/double_v1_rom_shim.S.obj
                0x100051c0                double_table_shim_on_use_helper
 .text.__wrap___aeabi_dsub
                0x100051f4       0x10 CMakeFiles/myrealmadridrobocup.dir/C_/Program_Files/Raspberry_Pi/Pico_SDK_v1.5.1/pico-sdk/src/rp2_common/pico_double/double_v1_rom_shim.S.obj
                0x100051f4                drsub_shim
                0x100051fa                dsub_shim
 .text.dadd_shim
                0x10005204      0x15c CMakeFiles/myrealmadridrobocup.dir/C_/Program_Files/Raspberry_Pi/Pico_SDK_v1.5.1/pico-sdk/src/rp2_common/pico_double/double_v1_rom_shim.S.obj
                0x10005204                dadd_shim
 .text.dmul_shim
                0x10005360      0x15c CMakeFiles/myrealmadridrobocup.dir/C_/Program_Files/Raspberry_Pi/Pico_SDK_v1.5.1/pico-sdk/src/rp2_common/pico_double/double_v1_rom_shim.S.obj
                0x10005360                dmul_shim
 .text.ddiv_shim
                0x100054bc      0x1b0 CMakeFiles/myrealmadridrobocup.dir/C_/Program_Files/Raspberry_Pi/Pico_SDK_v1.5.1/pico-sdk/src/rp2_common/pico_double/double_v1_rom_shim.S.obj
                0x100054bc                ddiv_shim
 .text.double2uint_shim
                0x1000566c        0xe CMakeFiles/myrealmadridrobocup.dir/C_/Program_Files/Raspberry_Pi/Pico_SDK_v1.5.1/pico-sdk/src/rp2_common/pico_double/double_v1_rom_shim.S.obj
                0x1000566c                double2uint_shim
                0x1000566e                double2ufix_shim
 *fill*         0x1000567a        0x2 
 .text.double2uint64_shim
                0x1000567c       0x70 CMakeFiles/myrealmadridrobocup.dir/C_/Program_Files/Raspberry_Pi/Pico_SDK_v1.5.1/pico-sdk/src/rp2_common/pico_double/double_v1_rom_shim.S.obj
                0x1000567c                double2uint64_shim
                0x1000567e                double2ufix64_shim
                0x1000569e                d2fix_a
 .text.double2float_shim
                0x100056ec       0x5c CMakeFiles/myrealmadridrobocup.dir/C_/Program_Files/Raspberry_Pi/Pico_SDK_v1.5.1/pico-sdk/src/rp2_common/pico_double/double_v1_rom_shim.S.obj
                0x100056ec                double2float_shim
 .text.dunpacks
                0x10005748       0x3c CMakeFiles/myrealmadridrobocup.dir/C_/Program_Files/Raspberry_Pi/Pico_SDK_v1.5.1/pico-sdk/src/rp2_common/pico_double/double_v1_rom_shim.S.obj
                0x10005748                dunpacks
 .text.__aeabi_lmul
                0x10005784       0x32 CMakeFiles/myrealmadridrobocup.dir/C_/Program_Files/Raspberry_Pi/Pico_SDK_v1.5.1/pico-sdk/src/rp2_common/pico_int64_ops/pico_int64_ops_aeabi.S.obj
                0x10005784                __wrap___aeabi_lmul
 *fill*         0x100057b6        0x2 
 .text.__wrap___aeabi_farithmetic
                0x100057b8       0x58 CMakeFiles/myrealmadridrobocup.dir/C_/Program_Files/Raspberry_Pi/Pico_SDK_v1.5.1/pico-sdk/src/rp2_common/pico_float/float_aeabi.S.obj
                0x100057b8                __wrap___aeabi_frsub
                0x100057be                __wrap___aeabi_fsub
                0x100057c8                __wrap___aeabi_fadd
                0x100057d2                __wrap___aeabi_fdiv
                0x100057fe                __wrap___aeabi_fmul
 .text.__wrap___aeabi_cfcmple
                0x10005810       0x50 CMakeFiles/myrealmadridrobocup.dir/C_/Program_Files/Raspberry_Pi/Pico_SDK_v1.5.1/pico-sdk/src/rp2_common/pico_float/float_aeabi.S.obj
                0x10005810                __wrap___aeabi_cfrcmple
                0x1000581c                __wrap___aeabi_cfcmple
                0x1000581c                __wrap___aeabi_cfcmpeq
 .text.__wrap___aeabi_fcmplt
                0x10005860        0xc CMakeFiles/myrealmadridrobocup.dir/C_/Program_Files/Raspberry_Pi/Pico_SDK_v1.5.1/pico-sdk/src/rp2_common/pico_float/float_aeabi.S.obj
                0x10005860                __wrap___aeabi_fcmplt
 .text.__wrap___aeabi_fcmpgt
                0x1000586c        0xa CMakeFiles/myrealmadridrobocup.dir/C_/Program_Files/Raspberry_Pi/Pico_SDK_v1.5.1/pico-sdk/src/rp2_common/pico_float/float_aeabi.S.obj
                0x1000586c                __wrap___aeabi_fcmpgt
 *fill*         0x10005876        0x2 
 .text.fix2float
                0x10005878       0x10 CMakeFiles/myrealmadridrobocup.dir/C_/Program_Files/Raspberry_Pi/Pico_SDK_v1.5.1/pico-sdk/src/rp2_common/pico_float/float_aeabi.S.obj
                0x10005878                fix2float
 .text.__wrap___aeabi_f2d
                0x10005888       0x14 CMakeFiles/myrealmadridrobocup.dir/C_/Program_Files/Raspberry_Pi/Pico_SDK_v1.5.1/pico-sdk/src/rp2_common/pico_float/float_aeabi.S.obj
                0x10005888                __wrap___aeabi_f2d
 .text.__wrap_cosf
                0x1000589c       0x28 CMakeFiles/myrealmadridrobocup.dir/C_/Program_Files/Raspberry_Pi/Pico_SDK_v1.5.1/pico-sdk/src/rp2_common/pico_float/float_aeabi.S.obj
                0x1000589c                __wrap_cosf
 .text.__wrap_sinf
                0x100058c4       0x28 CMakeFiles/myrealmadridrobocup.dir/C_/Program_Files/Raspberry_Pi/Pico_SDK_v1.5.1/pico-sdk/src/rp2_common/pico_float/float_aeabi.S.obj
                0x100058c4                __wrap_sinf
 .text.__aeabi_float_init
                0x100058ec       0xfc CMakeFiles/myrealmadridrobocup.dir/C_/Program_Files/Raspberry_Pi/Pico_SDK_v1.5.1/pico-sdk/src/rp2_common/pico_float/float_init_rom.c.obj
                0x100058ec                __aeabi_float_init
 .text.frem_0   0x100059e8       0x80 CMakeFiles/myrealmadridrobocup.dir/C_/Program_Files/Raspberry_Pi/Pico_SDK_v1.5.1/pico-sdk/src/rp2_common/pico_float/float_math.c.obj
 .text.__wrap_remquof
                0x10005a68       0xda CMakeFiles/myrealmadridrobocup.dir/C_/Program_Files/Raspberry_Pi/Pico_SDK_v1.5.1/pico-sdk/src/rp2_common/pico_float/float_math.c.obj
                0x10005a68                __wrap_remquof
 .text.__wrap_remainderf
                0x10005b42        0xa CMakeFiles/myrealmadridrobocup.dir/C_/Program_Files/Raspberry_Pi/Pico_SDK_v1.5.1/pico-sdk/src/rp2_common/pico_float/float_math.c.obj
                0x10005b42                __wrap_remainderf
 .text.float_table_shim_on_use_helper
                0x10005b4c       0x34 CMakeFiles/myrealmadridrobocup.dir/C_/Program_Files/Raspberry_Pi/Pico_SDK_v1.5.1/pico-sdk/src/rp2_common/pico_float/float_v1_rom_shim.S.obj
                0x10005b4c                float_table_shim_on_use_helper
 .text.float2double_shim
                0x10005b80       0x30 CMakeFiles/myrealmadridrobocup.dir/C_/Program_Files/Raspberry_Pi/Pico_SDK_v1.5.1/pico-sdk/src/rp2_common/pico_float/float_v1_rom_shim.S.obj
                0x10005b80                float2double_shim
 .text.__wrap_malloc
                0x10005bb0       0x3c CMakeFiles/myrealmadridrobocup.dir/C_/Program_Files/Raspberry_Pi/Pico_SDK_v1.5.1/pico-sdk/src/rp2_common/pico_malloc/pico_malloc.c.obj
                0x10005bb0                __wrap_malloc
 .text.__wrap_free
                0x10005bec       0x20 CMakeFiles/myrealmadridrobocup.dir/C_/Program_Files/Raspberry_Pi/Pico_SDK_v1.5.1/pico-sdk/src/rp2_common/pico_malloc/pico_malloc.c.obj
                0x10005bec                __wrap_free
 .text          0x10005c0c       0x10 CMakeFiles/myrealmadridrobocup.dir/C_/Program_Files/Raspberry_Pi/Pico_SDK_v1.5.1/pico-sdk/src/rp2_common/pico_mem_ops/mem_ops_aeabi.S.obj
                0x10005c0c                __aeabi_mem_init
 .text.memset   0x10005c1c        0xc CMakeFiles/myrealmadridrobocup.dir/C_/Program_Files/Raspberry_Pi/Pico_SDK_v1.5.1/pico-sdk/src/rp2_common/pico_mem_ops/mem_ops_aeabi.S.obj
                0x10005c1c                __wrap_memset
 .text.memcpy   0x10005c28        0xc CMakeFiles/myrealmadridrobocup.dir/C_/Program_Files/Raspberry_Pi/Pico_SDK_v1.5.1/pico-sdk/src/rp2_common/pico_mem_ops/mem_ops_aeabi.S.obj
                0x10005c28                __wrap_memcpy
                0x10005c28                __wrap___aeabi_memcpy
 .text.stdio_out_chars_no_crlf
                0x10005c34        0xe CMakeFiles/myrealmadridrobocup.dir/C_/Program_Files/Raspberry_Pi/Pico_SDK_v1.5.1/pico-sdk/src/rp2_common/pico_stdio/stdio.c.obj
 *fill*         0x10005c42        0x2 
 .text.stdio_out_chars_crlf
                0x10005c44       0x80 CMakeFiles/myrealmadridrobocup.dir/C_/Program_Files/Raspberry_Pi/Pico_SDK_v1.5.1/pico-sdk/src/rp2_common/pico_stdio/stdio.c.obj
 .text.stdio_stack_buffer_flush
                0x10005cc4       0x44 CMakeFiles/myrealmadridrobocup.dir/C_/Program_Files/Raspberry_Pi/Pico_SDK_v1.5.1/pico-sdk/src/rp2_common/pico_stdio/stdio.c.obj
 .text.stdio_buffered_printer
                0x10005d08       0x20 CMakeFiles/myrealmadridrobocup.dir/C_/Program_Files/Raspberry_Pi/Pico_SDK_v1.5.1/pico-sdk/src/rp2_common/pico_stdio/stdio.c.obj
 .text.stdout_serialize_begin
                0x10005d28       0x5c CMakeFiles/myrealmadridrobocup.dir/C_/Program_Files/Raspberry_Pi/Pico_SDK_v1.5.1/pico-sdk/src/rp2_common/pico_stdio/stdio.c.obj
                0x10005d28                stdout_serialize_begin
 .text.stdout_serialize_end
                0x10005d84       0x10 CMakeFiles/myrealmadridrobocup.dir/C_/Program_Files/Raspberry_Pi/Pico_SDK_v1.5.1/pico-sdk/src/rp2_common/pico_stdio/stdio.c.obj
                0x10005d84                stdout_serialize_end
 .text.stdio_put_string
                0x10005d94       0x98 CMakeFiles/myrealmadridrobocup.dir/C_/Program_Files/Raspberry_Pi/Pico_SDK_v1.5.1/pico-sdk/src/rp2_common/pico_stdio/stdio.c.obj
 .text.stdio_set_driver_enabled
                0x10005e2c       0x2c CMakeFiles/myrealmadridrobocup.dir/C_/Program_Files/Raspberry_Pi/Pico_SDK_v1.5.1/pico-sdk/src/rp2_common/pico_stdio/stdio.c.obj
                0x10005e2c                stdio_set_driver_enabled
 .text.stdio_flush
                0x10005e58       0x20 CMakeFiles/myrealmadridrobocup.dir/C_/Program_Files/Raspberry_Pi/Pico_SDK_v1.5.1/pico-sdk/src/rp2_common/pico_stdio/stdio.c.obj
                0x10005e58                stdio_flush
 .text.__wrap_puts
                0x10005e78       0x1e CMakeFiles/myrealmadridrobocup.dir/C_/Program_Files/Raspberry_Pi/Pico_SDK_v1.5.1/pico-sdk/src/rp2_common/pico_stdio/stdio.c.obj
                0x10005e78                __wrap_puts
 *fill*         0x10005e96        0x2 
 .text.__wrap_vprintf
                0x10005e98       0x40 CMakeFiles/myrealmadridrobocup.dir/C_/Program_Files/Raspberry_Pi/Pico_SDK_v1.5.1/pico-sdk/src/rp2_common/pico_stdio/stdio.c.obj
                0x10005e98                __wrap_vprintf
 .text.__wrap_printf
                0x10005ed8       0x18 CMakeFiles/myrealmadridrobocup.dir/C_/Program_Files/Raspberry_Pi/Pico_SDK_v1.5.1/pico-sdk/src/rp2_common/pico_stdio/stdio.c.obj
                0x10005ed8                __wrap_printf
 .text.stdio_init_all
                0x10005ef0        0xe CMakeFiles/myrealmadridrobocup.dir/C_/Program_Files/Raspberry_Pi/Pico_SDK_v1.5.1/pico-sdk/src/rp2_common/pico_stdio/stdio.c.obj
                0x10005ef0                stdio_init_all
 *fill*         0x10005efe        0x2 
 .text.stdio_uart_out_chars
                0x10005f00       0x74 CMakeFiles/myrealmadridrobocup.dir/C_/Program_Files/Raspberry_Pi/Pico_SDK_v1.5.1/pico-sdk/src/rp2_common/pico_stdio_uart/stdio_uart.c.obj
 .text.stdio_uart_in_chars
                0x10005f74       0x80 CMakeFiles/myrealmadridrobocup.dir/C_/Program_Files/Raspberry_Pi/Pico_SDK_v1.5.1/pico-sdk/src/rp2_common/pico_stdio_uart/stdio_uart.c.obj
                0x10005f74                stdio_uart_in_chars
 .text.on_uart_rx
                0x10005ff4       0x28 CMakeFiles/myrealmadridrobocup.dir/C_/Program_Files/Raspberry_Pi/Pico_SDK_v1.5.1/pico-sdk/src/rp2_common/pico_stdio_uart/stdio_uart.c.obj
 .text.stdio_uart_set_chars_available_callback
                0x1000601c       0x8c CMakeFiles/myrealmadridrobocup.dir/C_/Program_Files/Raspberry_Pi/Pico_SDK_v1.5.1/pico-sdk/src/rp2_common/pico_stdio_uart/stdio_uart.c.obj
 .text.stdio_uart_init_full
                0x100060a8       0x44 CMakeFiles/myrealmadridrobocup.dir/C_/Program_Files/Raspberry_Pi/Pico_SDK_v1.5.1/pico-sdk/src/rp2_common/pico_stdio_uart/stdio_uart.c.obj
                0x100060a8                stdio_uart_init_full
 .text.stdio_uart_init
                0x100060ec       0x28 CMakeFiles/myrealmadridrobocup.dir/C_/Program_Files/Raspberry_Pi/Pico_SDK_v1.5.1/pico-sdk/src/rp2_common/pico_stdio_uart/stdio_uart.c.obj
                0x100060ec                stdio_uart_init
 .text.resetd_init
                0x10006114        0x2 CMakeFiles/myrealmadridrobocup.dir/C_/Program_Files/Raspberry_Pi/Pico_SDK_v1.5.1/pico-sdk/src/rp2_common/pico_stdio_usb/reset_interface.c.obj
 *fill*         0x10006116        0x2 
 .text.resetd_reset
                0x10006118        0xc CMakeFiles/myrealmadridrobocup.dir/C_/Program_Files/Raspberry_Pi/Pico_SDK_v1.5.1/pico-sdk/src/rp2_common/pico_stdio_usb/reset_interface.c.obj
 .text.resetd_open
                0x10006124       0x34 CMakeFiles/myrealmadridrobocup.dir/C_/Program_Files/Raspberry_Pi/Pico_SDK_v1.5.1/pico-sdk/src/rp2_common/pico_stdio_usb/reset_interface.c.obj
 .text.resetd_xfer_cb
                0x10006158        0x4 CMakeFiles/myrealmadridrobocup.dir/C_/Program_Files/Raspberry_Pi/Pico_SDK_v1.5.1/pico-sdk/src/rp2_common/pico_stdio_usb/reset_interface.c.obj
 .text.reset_usb_boot
                0x1000615c       0x18 CMakeFiles/myrealmadridrobocup.dir/C_/Program_Files/Raspberry_Pi/Pico_SDK_v1.5.1/pico-sdk/src/rp2_common/pico_stdio_usb/reset_interface.c.obj
 .text.resetd_control_xfer_cb
                0x10006174       0x5c CMakeFiles/myrealmadridrobocup.dir/C_/Program_Files/Raspberry_Pi/Pico_SDK_v1.5.1/pico-sdk/src/rp2_common/pico_stdio_usb/reset_interface.c.obj
 .text.usbd_app_driver_get_cb
                0x100061d0        0xc CMakeFiles/myrealmadridrobocup.dir/C_/Program_Files/Raspberry_Pi/Pico_SDK_v1.5.1/pico-sdk/src/rp2_common/pico_stdio_usb/reset_interface.c.obj
                0x100061d0                usbd_app_driver_get_cb
 .text.tud_cdc_line_coding_cb
                0x100061dc       0x28 CMakeFiles/myrealmadridrobocup.dir/C_/Program_Files/Raspberry_Pi/Pico_SDK_v1.5.1/pico-sdk/src/rp2_common/pico_stdio_usb/reset_interface.c.obj
                0x100061dc                tud_cdc_line_coding_cb
 .text.stdio_usb_set_chars_available_callback
                0x10006204       0x14 CMakeFiles/myrealmadridrobocup.dir/C_/Program_Files/Raspberry_Pi/Pico_SDK_v1.5.1/pico-sdk/src/rp2_common/pico_stdio_usb/stdio_usb.c.obj
                0x10006204                stdio_usb_set_chars_available_callback
 .text.usb_irq  0x10006218       0x10 CMakeFiles/myrealmadridrobocup.dir/C_/Program_Files/Raspberry_Pi/Pico_SDK_v1.5.1/pico-sdk/src/rp2_common/pico_stdio_usb/stdio_usb.c.obj
 .text.timer_task
                0x10006228       0x5c CMakeFiles/myrealmadridrobocup.dir/C_/Program_Files/Raspberry_Pi/Pico_SDK_v1.5.1/pico-sdk/src/rp2_common/pico_stdio_usb/stdio_usb.c.obj
 .text.low_priority_worker_irq
                0x10006284       0xdc CMakeFiles/myrealmadridrobocup.dir/C_/Program_Files/Raspberry_Pi/Pico_SDK_v1.5.1/pico-sdk/src/rp2_common/pico_stdio_usb/stdio_usb.c.obj
 .text.tud_cdc_rx_cb
                0x10006360       0x20 CMakeFiles/myrealmadridrobocup.dir/C_/Program_Files/Raspberry_Pi/Pico_SDK_v1.5.1/pico-sdk/src/rp2_common/pico_stdio_usb/stdio_usb.c.obj
                0x10006360                tud_cdc_rx_cb
 .text.stdio_usb_init
                0x10006380      0x11c CMakeFiles/myrealmadridrobocup.dir/C_/Program_Files/Raspberry_Pi/Pico_SDK_v1.5.1/pico-sdk/src/rp2_common/pico_stdio_usb/stdio_usb.c.obj
                0x10006380                stdio_usb_init
 .text.stdio_usb_connected
                0x1000649c        0xa CMakeFiles/myrealmadridrobocup.dir/C_/Program_Files/Raspberry_Pi/Pico_SDK_v1.5.1/pico-sdk/src/rp2_common/pico_stdio_usb/stdio_usb.c.obj
                0x1000649c                stdio_usb_connected
 *fill*         0x100064a6        0x2 
 .text.stdio_usb_in_chars
                0x100064a8       0xc4 CMakeFiles/myrealmadridrobocup.dir/C_/Program_Files/Raspberry_Pi/Pico_SDK_v1.5.1/pico-sdk/src/rp2_common/pico_stdio_usb/stdio_usb.c.obj
                0x100064a8                stdio_usb_in_chars
 .text.stdio_usb_out_chars
                0x1000656c      0x114 CMakeFiles/myrealmadridrobocup.dir/C_/Program_Files/Raspberry_Pi/Pico_SDK_v1.5.1/pico-sdk/src/rp2_common/pico_stdio_usb/stdio_usb.c.obj
 .text.tud_descriptor_device_cb
                0x10006680        0x8 CMakeFiles/myrealmadridrobocup.dir/C_/Program_Files/Raspberry_Pi/Pico_SDK_v1.5.1/pico-sdk/src/rp2_common/pico_stdio_usb/stdio_usb_descriptors.c.obj
                0x10006680                tud_descriptor_device_cb
 .text.tud_descriptor_configuration_cb
                0x10006688        0x8 CMakeFiles/myrealmadridrobocup.dir/C_/Program_Files/Raspberry_Pi/Pico_SDK_v1.5.1/pico-sdk/src/rp2_common/pico_stdio_usb/stdio_usb_descriptors.c.obj
                0x10006688                tud_descriptor_configuration_cb
 .text.tud_descriptor_string_cb
                0x10006690       0x6c CMakeFiles/myrealmadridrobocup.dir/C_/Program_Files/Raspberry_Pi/Pico_SDK_v1.5.1/pico-sdk/src/rp2_common/pico_stdio_usb/stdio_usb_descriptors.c.obj
                0x10006690                tud_descriptor_string_cb
 .text._retrieve_unique_id_on_boot
                0x100066fc       0x10 CMakeFiles/myrealmadridrobocup.dir/C_/Program_Files/Raspberry_Pi/Pico_SDK_v1.5.1/pico-sdk/src/rp2_common/pico_unique_id/unique_id.c.obj
 .text.pico_get_unique_board_id_string
                0x1000670c       0x60 CMakeFiles/myrealmadridrobocup.dir/C_/Program_Files/Raspberry_Pi/Pico_SDK_v1.5.1/pico-sdk/src/rp2_common/pico_unique_id/unique_id.c.obj
                0x1000670c                pico_get_unique_board_id_string
 .text.flash_get_unique_id
                0x1000676c       0x46 CMakeFiles/myrealmadridrobocup.dir/C_/Program_Files/Raspberry_Pi/Pico_SDK_v1.5.1/pico-sdk/src/rp2_common/hardware_flash/flash.c.obj
                0x1000676c                flash_get_unique_id
 *fill*         0x100067b2        0x2 
 .text.hw_endpoint_get_by_addr
                0x100067b4       0x18 CMakeFiles/myrealmadridrobocup.dir/C_/Program_Files/Raspberry_Pi/Pico_SDK_v1.5.1/pico-sdk/lib/tinyusb/src/portable/raspberrypi/rp2040/dcd_rp2040.c.obj
 .text._hw_endpoint_alloc
                0x100067cc       0x70 CMakeFiles/myrealmadridrobocup.dir/C_/Program_Files/Raspberry_Pi/Pico_SDK_v1.5.1/pico-sdk/lib/tinyusb/src/portable/raspberrypi/rp2040/dcd_rp2040.c.obj
 .text.hw_endpoint_init
                0x1000683c       0x88 CMakeFiles/myrealmadridrobocup.dir/C_/Program_Files/Raspberry_Pi/Pico_SDK_v1.5.1/pico-sdk/lib/tinyusb/src/portable/raspberrypi/rp2040/dcd_rp2040.c.obj
 .text.hw_endpoint_xfer
                0x100068c4       0x14 CMakeFiles/myrealmadridrobocup.dir/C_/Program_Files/Raspberry_Pi/Pico_SDK_v1.5.1/pico-sdk/lib/tinyusb/src/portable/raspberrypi/rp2040/dcd_rp2040.c.obj
 .text.dcd_int_enable
                0x100068d8       0x2c CMakeFiles/myrealmadridrobocup.dir/C_/Program_Files/Raspberry_Pi/Pico_SDK_v1.5.1/pico-sdk/lib/tinyusb/src/portable/raspberrypi/rp2040/dcd_rp2040.c.obj
                0x100068d8                dcd_int_enable
 .text.dcd_set_address
                0x10006904       0x2c CMakeFiles/myrealmadridrobocup.dir/C_/Program_Files/Raspberry_Pi/Pico_SDK_v1.5.1/pico-sdk/lib/tinyusb/src/portable/raspberrypi/rp2040/dcd_rp2040.c.obj
                0x10006904                dcd_set_address
 .text.dcd_connect
                0x10006930       0x10 CMakeFiles/myrealmadridrobocup.dir/C_/Program_Files/Raspberry_Pi/Pico_SDK_v1.5.1/pico-sdk/lib/tinyusb/src/portable/raspberrypi/rp2040/dcd_rp2040.c.obj
                0x10006930                dcd_connect
 .text.dcd_init
                0x10006940       0x80 CMakeFiles/myrealmadridrobocup.dir/C_/Program_Files/Raspberry_Pi/Pico_SDK_v1.5.1/pico-sdk/lib/tinyusb/src/portable/raspberrypi/rp2040/dcd_rp2040.c.obj
                0x10006940                dcd_init
 .text.dcd_edpt0_status_complete
                0x100069c0       0x1c CMakeFiles/myrealmadridrobocup.dir/C_/Program_Files/Raspberry_Pi/Pico_SDK_v1.5.1/pico-sdk/lib/tinyusb/src/portable/raspberrypi/rp2040/dcd_rp2040.c.obj
                0x100069c0                dcd_edpt0_status_complete
 .text.dcd_edpt_open
                0x100069dc       0x40 CMakeFiles/myrealmadridrobocup.dir/C_/Program_Files/Raspberry_Pi/Pico_SDK_v1.5.1/pico-sdk/lib/tinyusb/src/portable/raspberrypi/rp2040/dcd_rp2040.c.obj
                0x100069dc                dcd_edpt_open
 .text.dcd_edpt_close_all
                0x10006a1c        0x8 CMakeFiles/myrealmadridrobocup.dir/C_/Program_Files/Raspberry_Pi/Pico_SDK_v1.5.1/pico-sdk/lib/tinyusb/src/portable/raspberrypi/rp2040/dcd_rp2040.c.obj
                0x10006a1c                dcd_edpt_close_all
 .text.dcd_edpt_xfer
                0x10006a24       0x34 CMakeFiles/myrealmadridrobocup.dir/C_/Program_Files/Raspberry_Pi/Pico_SDK_v1.5.1/pico-sdk/lib/tinyusb/src/portable/raspberrypi/rp2040/dcd_rp2040.c.obj
                0x10006a24                dcd_edpt_xfer
 .text.dcd_edpt_stall
                0x10006a58       0x2c CMakeFiles/myrealmadridrobocup.dir/C_/Program_Files/Raspberry_Pi/Pico_SDK_v1.5.1/pico-sdk/lib/tinyusb/src/portable/raspberrypi/rp2040/dcd_rp2040.c.obj
                0x10006a58                dcd_edpt_stall
 .text.dcd_edpt_clear_stall
                0x10006a84       0x20 CMakeFiles/myrealmadridrobocup.dir/C_/Program_Files/Raspberry_Pi/Pico_SDK_v1.5.1/pico-sdk/lib/tinyusb/src/portable/raspberrypi/rp2040/dcd_rp2040.c.obj
                0x10006a84                dcd_edpt_clear_stall
 .text.rp2040_usb_init
                0x10006aa4       0x4c CMakeFiles/myrealmadridrobocup.dir/C_/Program_Files/Raspberry_Pi/Pico_SDK_v1.5.1/pico-sdk/lib/tinyusb/src/portable/raspberrypi/rp2040/rp2040_usb.c.obj
                0x10006aa4                rp2040_usb_init
 .text.hw_endpoint_xfer_start
                0x10006af0       0x50 CMakeFiles/myrealmadridrobocup.dir/C_/Program_Files/Raspberry_Pi/Pico_SDK_v1.5.1/pico-sdk/lib/tinyusb/src/portable/raspberrypi/rp2040/rp2040_usb.c.obj
                0x10006af0                hw_endpoint_xfer_start
 .text.configuration_reset
                0x10006b40       0x84 CMakeFiles/myrealmadridrobocup.dir/C_/Program_Files/Raspberry_Pi/Pico_SDK_v1.5.1/pico-sdk/lib/tinyusb/src/device/usbd.c.obj
 .text.usbd_reset
                0x10006bc4        0xc CMakeFiles/myrealmadridrobocup.dir/C_/Program_Files/Raspberry_Pi/Pico_SDK_v1.5.1/pico-sdk/lib/tinyusb/src/device/usbd.c.obj
 .text.invoke_class_control
                0x10006bd0       0x1a CMakeFiles/myrealmadridrobocup.dir/C_/Program_Files/Raspberry_Pi/Pico_SDK_v1.5.1/pico-sdk/lib/tinyusb/src/device/usbd.c.obj
 *fill*         0x10006bea        0x2 
 .text.process_set_config
                0x10006bec      0x178 CMakeFiles/myrealmadridrobocup.dir/C_/Program_Files/Raspberry_Pi/Pico_SDK_v1.5.1/pico-sdk/lib/tinyusb/src/device/usbd.c.obj
 .text.process_get_descriptor
                0x10006d64       0xdc CMakeFiles/myrealmadridrobocup.dir/C_/Program_Files/Raspberry_Pi/Pico_SDK_v1.5.1/pico-sdk/lib/tinyusb/src/device/usbd.c.obj
 .text.tud_mounted
                0x10006e40       0x10 CMakeFiles/myrealmadridrobocup.dir/C_/Program_Files/Raspberry_Pi/Pico_SDK_v1.5.1/pico-sdk/lib/tinyusb/src/device/usbd.c.obj
                0x10006e40                tud_mounted
 .text.tud_suspended
                0x10006e50       0x10 CMakeFiles/myrealmadridrobocup.dir/C_/Program_Files/Raspberry_Pi/Pico_SDK_v1.5.1/pico-sdk/lib/tinyusb/src/device/usbd.c.obj
                0x10006e50                tud_suspended
 .text.tud_inited
                0x10006e60       0x14 CMakeFiles/myrealmadridrobocup.dir/C_/Program_Files/Raspberry_Pi/Pico_SDK_v1.5.1/pico-sdk/lib/tinyusb/src/device/usbd.c.obj
                0x10006e60                tud_inited
 .text.tud_init
                0x10006e74       0xcc CMakeFiles/myrealmadridrobocup.dir/C_/Program_Files/Raspberry_Pi/Pico_SDK_v1.5.1/pico-sdk/lib/tinyusb/src/device/usbd.c.obj
                0x10006e74                tud_init
 .text.usbd_defer_func
                0x10006f40       0x2a CMakeFiles/myrealmadridrobocup.dir/C_/Program_Files/Raspberry_Pi/Pico_SDK_v1.5.1/pico-sdk/lib/tinyusb/src/device/usbd.c.obj
                0x10006f40                usbd_defer_func
 *fill*         0x10006f6a        0x2 
 .text.usbd_edpt_open
                0x10006f6c       0x34 CMakeFiles/myrealmadridrobocup.dir/C_/Program_Files/Raspberry_Pi/Pico_SDK_v1.5.1/pico-sdk/lib/tinyusb/src/device/usbd.c.obj
                0x10006f6c                usbd_edpt_open
 .text.usbd_open_edpt_pair
                0x10006fa0       0x62 CMakeFiles/myrealmadridrobocup.dir/C_/Program_Files/Raspberry_Pi/Pico_SDK_v1.5.1/pico-sdk/lib/tinyusb/src/device/usbd.c.obj
                0x10006fa0                usbd_open_edpt_pair
 *fill*         0x10007002        0x2 
 .text.usbd_edpt_claim
                0x10007004       0x28 CMakeFiles/myrealmadridrobocup.dir/C_/Program_Files/Raspberry_Pi/Pico_SDK_v1.5.1/pico-sdk/lib/tinyusb/src/device/usbd.c.obj
                0x10007004                usbd_edpt_claim
 .text.usbd_edpt_release
                0x1000702c       0x28 CMakeFiles/myrealmadridrobocup.dir/C_/Program_Files/Raspberry_Pi/Pico_SDK_v1.5.1/pico-sdk/lib/tinyusb/src/device/usbd.c.obj
                0x1000702c                usbd_edpt_release
 .text.usbd_edpt_xfer
                0x10007054       0x78 CMakeFiles/myrealmadridrobocup.dir/C_/Program_Files/Raspberry_Pi/Pico_SDK_v1.5.1/pico-sdk/lib/tinyusb/src/device/usbd.c.obj
                0x10007054                usbd_edpt_xfer
 .text.usbd_edpt_stall
                0x100070cc       0x48 CMakeFiles/myrealmadridrobocup.dir/C_/Program_Files/Raspberry_Pi/Pico_SDK_v1.5.1/pico-sdk/lib/tinyusb/src/device/usbd.c.obj
                0x100070cc                usbd_edpt_stall
 .text.usbd_edpt_clear_stall
                0x10007114       0x48 CMakeFiles/myrealmadridrobocup.dir/C_/Program_Files/Raspberry_Pi/Pico_SDK_v1.5.1/pico-sdk/lib/tinyusb/src/device/usbd.c.obj
                0x10007114                usbd_edpt_clear_stall
 .text.usbd_edpt_stalled
                0x1000715c       0x1c CMakeFiles/myrealmadridrobocup.dir/C_/Program_Files/Raspberry_Pi/Pico_SDK_v1.5.1/pico-sdk/lib/tinyusb/src/device/usbd.c.obj
                0x1000715c                usbd_edpt_stalled
 .text.process_control_request
                0x10007178      0x37c CMakeFiles/myrealmadridrobocup.dir/C_/Program_Files/Raspberry_Pi/Pico_SDK_v1.5.1/pico-sdk/lib/tinyusb/src/device/usbd.c.obj
 .text.tud_task_ext
                0x100074f4      0x1b8 CMakeFiles/myrealmadridrobocup.dir/C_/Program_Files/Raspberry_Pi/Pico_SDK_v1.5.1/pico-sdk/lib/tinyusb/src/device/usbd.c.obj
                0x100074f4                tud_task_ext
 .text._data_stage_xact
                0x100076ac       0x58 CMakeFiles/myrealmadridrobocup.dir/C_/Program_Files/Raspberry_Pi/Pico_SDK_v1.5.1/pico-sdk/lib/tinyusb/src/device/usbd_control.c.obj
 .text.tud_control_status
                0x10007704       0x38 CMakeFiles/myrealmadridrobocup.dir/C_/Program_Files/Raspberry_Pi/Pico_SDK_v1.5.1/pico-sdk/lib/tinyusb/src/device/usbd_control.c.obj
                0x10007704                tud_control_status
 .text.tud_control_xfer
                0x1000773c       0x74 CMakeFiles/myrealmadridrobocup.dir/C_/Program_Files/Raspberry_Pi/Pico_SDK_v1.5.1/pico-sdk/lib/tinyusb/src/device/usbd_control.c.obj
                0x1000773c                tud_control_xfer
 .text.usbd_control_reset
                0x100077b0       0x14 CMakeFiles/myrealmadridrobocup.dir/C_/Program_Files/Raspberry_Pi/Pico_SDK_v1.5.1/pico-sdk/lib/tinyusb/src/device/usbd_control.c.obj
                0x100077b0                usbd_control_reset
 .text.usbd_control_set_complete_callback
                0x100077c4        0xc CMakeFiles/myrealmadridrobocup.dir/C_/Program_Files/Raspberry_Pi/Pico_SDK_v1.5.1/pico-sdk/lib/tinyusb/src/device/usbd_control.c.obj
                0x100077c4                usbd_control_set_complete_callback
 .text.usbd_control_set_request
                0x100077d0       0x1c CMakeFiles/myrealmadridrobocup.dir/C_/Program_Files/Raspberry_Pi/Pico_SDK_v1.5.1/pico-sdk/lib/tinyusb/src/device/usbd_control.c.obj
                0x100077d0                usbd_control_set_request
 .text.usbd_control_xfer_cb
                0x100077ec       0xcc CMakeFiles/myrealmadridrobocup.dir/C_/Program_Files/Raspberry_Pi/Pico_SDK_v1.5.1/pico-sdk/lib/tinyusb/src/device/usbd_control.c.obj
                0x100077ec                usbd_control_xfer_cb
 .text._prep_out_transaction
                0x100078b8       0x4a CMakeFiles/myrealmadridrobocup.dir/C_/Program_Files/Raspberry_Pi/Pico_SDK_v1.5.1/pico-sdk/lib/tinyusb/src/class/cdc/cdc_device.c.obj
 *fill*         0x10007902        0x2 
 .text.tud_cdc_n_connected
                0x10007904       0x44 CMakeFiles/myrealmadridrobocup.dir/C_/Program_Files/Raspberry_Pi/Pico_SDK_v1.5.1/pico-sdk/lib/tinyusb/src/class/cdc/cdc_device.c.obj
                0x10007904                tud_cdc_n_connected
 .text.tud_cdc_n_available
                0x10007948       0x18 CMakeFiles/myrealmadridrobocup.dir/C_/Program_Files/Raspberry_Pi/Pico_SDK_v1.5.1/pico-sdk/lib/tinyusb/src/class/cdc/cdc_device.c.obj
                0x10007948                tud_cdc_n_available
 .text.tud_cdc_n_read
                0x10007960       0x28 CMakeFiles/myrealmadridrobocup.dir/C_/Program_Files/Raspberry_Pi/Pico_SDK_v1.5.1/pico-sdk/lib/tinyusb/src/class/cdc/cdc_device.c.obj
                0x10007960                tud_cdc_n_read
 .text.tud_cdc_n_write_flush
                0x10007988       0xb8 CMakeFiles/myrealmadridrobocup.dir/C_/Program_Files/Raspberry_Pi/Pico_SDK_v1.5.1/pico-sdk/lib/tinyusb/src/class/cdc/cdc_device.c.obj
                0x10007988                tud_cdc_n_write_flush
 .text.tud_cdc_n_write
                0x10007a40       0x38 CMakeFiles/myrealmadridrobocup.dir/C_/Program_Files/Raspberry_Pi/Pico_SDK_v1.5.1/pico-sdk/lib/tinyusb/src/class/cdc/cdc_device.c.obj
                0x10007a40                tud_cdc_n_write
 .text.tud_cdc_n_write_available
                0x10007a78       0x1c CMakeFiles/myrealmadridrobocup.dir/C_/Program_Files/Raspberry_Pi/Pico_SDK_v1.5.1/pico-sdk/lib/tinyusb/src/class/cdc/cdc_device.c.obj
                0x10007a78                tud_cdc_n_write_available
 .text.cdcd_init
                0x10007a94       0xbc CMakeFiles/myrealmadridrobocup.dir/C_/Program_Files/Raspberry_Pi/Pico_SDK_v1.5.1/pico-sdk/lib/tinyusb/src/class/cdc/cdc_device.c.obj
                0x10007a94                cdcd_init
 .text.cdcd_reset
                0x10007b50       0x44 CMakeFiles/myrealmadridrobocup.dir/C_/Program_Files/Raspberry_Pi/Pico_SDK_v1.5.1/pico-sdk/lib/tinyusb/src/class/cdc/cdc_device.c.obj
                0x10007b50                cdcd_reset
 .text.cdcd_open
                0x10007b94       0xcc CMakeFiles/myrealmadridrobocup.dir/C_/Program_Files/Raspberry_Pi/Pico_SDK_v1.5.1/pico-sdk/lib/tinyusb/src/class/cdc/cdc_device.c.obj
                0x10007b94                cdcd_open
 .text.cdcd_control_xfer_cb
                0x10007c60      0x134 CMakeFiles/myrealmadridrobocup.dir/C_/Program_Files/Raspberry_Pi/Pico_SDK_v1.5.1/pico-sdk/lib/tinyusb/src/class/cdc/cdc_device.c.obj
                0x10007c60                cdcd_control_xfer_cb
 .text.cdcd_xfer_cb
                0x10007d94      0x130 CMakeFiles/myrealmadridrobocup.dir/C_/Program_Files/Raspberry_Pi/Pico_SDK_v1.5.1/pico-sdk/lib/tinyusb/src/class/cdc/cdc_device.c.obj
                0x10007d94                cdcd_xfer_cb
 .text.tusb_init
                0x10007ec4        0xa CMakeFiles/myrealmadridrobocup.dir/C_/Program_Files/Raspberry_Pi/Pico_SDK_v1.5.1/pico-sdk/lib/tinyusb/src/tusb.c.obj
                0x10007ec4                tusb_init
 .text.tusb_inited
                0x10007ece        0xe CMakeFiles/myrealmadridrobocup.dir/C_/Program_Files/Raspberry_Pi/Pico_SDK_v1.5.1/pico-sdk/lib/tinyusb/src/tusb.c.obj
                0x10007ece                tusb_inited
 .text.tu_edpt_claim
                0x10007edc       0x50 CMakeFiles/myrealmadridrobocup.dir/C_/Program_Files/Raspberry_Pi/Pico_SDK_v1.5.1/pico-sdk/lib/tinyusb/src/tusb.c.obj
                0x10007edc                tu_edpt_claim
 .text.tu_edpt_release
                0x10007f2c       0x3c CMakeFiles/myrealmadridrobocup.dir/C_/Program_Files/Raspberry_Pi/Pico_SDK_v1.5.1/pico-sdk/lib/tinyusb/src/tusb.c.obj
                0x10007f2c                tu_edpt_release
 .text.tu_edpt_validate
                0x10007f68       0x78 CMakeFiles/myrealmadridrobocup.dir/C_/Program_Files/Raspberry_Pi/Pico_SDK_v1.5.1/pico-sdk/lib/tinyusb/src/tusb.c.obj
                0x10007f68                tu_edpt_validate
 .text.tu_edpt_bind_driver
                0x10007fe0       0x26 CMakeFiles/myrealmadridrobocup.dir/C_/Program_Files/Raspberry_Pi/Pico_SDK_v1.5.1/pico-sdk/lib/tinyusb/src/tusb.c.obj
                0x10007fe0                tu_edpt_bind_driver
 .text.advance_index
                0x10008006       0x1a CMakeFiles/myrealmadridrobocup.dir/C_/Program_Files/Raspberry_Pi/Pico_SDK_v1.5.1/pico-sdk/lib/tinyusb/src/common/tusb_fifo.c.obj
 .text._tu_fifo_peek
                0x10008020       0x56 CMakeFiles/myrealmadridrobocup.dir/C_/Program_Files/Raspberry_Pi/Pico_SDK_v1.5.1/pico-sdk/lib/tinyusb/src/common/tusb_fifo.c.obj
 .text._ff_pull_const_addr
                0x10008076       0x4c CMakeFiles/myrealmadridrobocup.dir/C_/Program_Files/Raspberry_Pi/Pico_SDK_v1.5.1/pico-sdk/lib/tinyusb/src/common/tusb_fifo.c.obj
 .text._ff_pull_n
                0x100080c2      0x110 CMakeFiles/myrealmadridrobocup.dir/C_/Program_Files/Raspberry_Pi/Pico_SDK_v1.5.1/pico-sdk/lib/tinyusb/src/common/tusb_fifo.c.obj
 .text._tu_fifo_peek_n
                0x100081d2       0x6a CMakeFiles/myrealmadridrobocup.dir/C_/Program_Files/Raspberry_Pi/Pico_SDK_v1.5.1/pico-sdk/lib/tinyusb/src/common/tusb_fifo.c.obj
 .text._tu_fifo_read_n
                0x1000823c       0x4e CMakeFiles/myrealmadridrobocup.dir/C_/Program_Files/Raspberry_Pi/Pico_SDK_v1.5.1/pico-sdk/lib/tinyusb/src/common/tusb_fifo.c.obj
 .text._ff_push_const_addr
                0x1000828a       0x40 CMakeFiles/myrealmadridrobocup.dir/C_/Program_Files/Raspberry_Pi/Pico_SDK_v1.5.1/pico-sdk/lib/tinyusb/src/common/tusb_fifo.c.obj
 .text._ff_push_n
                0x100082ca      0x10c CMakeFiles/myrealmadridrobocup.dir/C_/Program_Files/Raspberry_Pi/Pico_SDK_v1.5.1/pico-sdk/lib/tinyusb/src/common/tusb_fifo.c.obj
 .text._tu_fifo_write_n
                0x100083d6       0xf0 CMakeFiles/myrealmadridrobocup.dir/C_/Program_Files/Raspberry_Pi/Pico_SDK_v1.5.1/pico-sdk/lib/tinyusb/src/common/tusb_fifo.c.obj
 .text.tu_fifo_config
                0x100084c6       0x7c CMakeFiles/myrealmadridrobocup.dir/C_/Program_Files/Raspberry_Pi/Pico_SDK_v1.5.1/pico-sdk/lib/tinyusb/src/common/tusb_fifo.c.obj
                0x100084c6                tu_fifo_config
 .text.tu_fifo_count
                0x10008542       0x2a CMakeFiles/myrealmadridrobocup.dir/C_/Program_Files/Raspberry_Pi/Pico_SDK_v1.5.1/pico-sdk/lib/tinyusb/src/common/tusb_fifo.c.obj
                0x10008542                tu_fifo_count
 .text.tu_fifo_empty
                0x1000856c       0x10 CMakeFiles/myrealmadridrobocup.dir/C_/Program_Files/Raspberry_Pi/Pico_SDK_v1.5.1/pico-sdk/lib/tinyusb/src/common/tusb_fifo.c.obj
                0x1000856c                tu_fifo_empty
 .text.tu_fifo_full
                0x1000857c       0x28 CMakeFiles/myrealmadridrobocup.dir/C_/Program_Files/Raspberry_Pi/Pico_SDK_v1.5.1/pico-sdk/lib/tinyusb/src/common/tusb_fifo.c.obj
                0x1000857c                tu_fifo_full
 .text.tu_fifo_remaining
                0x100085a4       0x2c CMakeFiles/myrealmadridrobocup.dir/C_/Program_Files/Raspberry_Pi/Pico_SDK_v1.5.1/pico-sdk/lib/tinyusb/src/common/tusb_fifo.c.obj
                0x100085a4                tu_fifo_remaining
 .text.tu_fifo_read
                0x100085d0       0x42 CMakeFiles/myrealmadridrobocup.dir/C_/Program_Files/Raspberry_Pi/Pico_SDK_v1.5.1/pico-sdk/lib/tinyusb/src/common/tusb_fifo.c.obj
                0x100085d0                tu_fifo_read
 .text.tu_fifo_read_n
                0x10008612        0xa CMakeFiles/myrealmadridrobocup.dir/C_/Program_Files/Raspberry_Pi/Pico_SDK_v1.5.1/pico-sdk/lib/tinyusb/src/common/tusb_fifo.c.obj
                0x10008612                tu_fifo_read_n
 .text.tu_fifo_write
                0x1000861c       0x64 CMakeFiles/myrealmadridrobocup.dir/C_/Program_Files/Raspberry_Pi/Pico_SDK_v1.5.1/pico-sdk/lib/tinyusb/src/common/tusb_fifo.c.obj
                0x1000861c                tu_fifo_write
 .text.tu_fifo_write_n
                0x10008680        0xa CMakeFiles/myrealmadridrobocup.dir/C_/Program_Files/Raspberry_Pi/Pico_SDK_v1.5.1/pico-sdk/lib/tinyusb/src/common/tusb_fifo.c.obj
                0x10008680                tu_fifo_write_n
 .text.tu_fifo_clear
                0x1000868a       0x3e CMakeFiles/myrealmadridrobocup.dir/C_/Program_Files/Raspberry_Pi/Pico_SDK_v1.5.1/pico-sdk/lib/tinyusb/src/common/tusb_fifo.c.obj
                0x1000868a                tu_fifo_clear
 .text.tu_fifo_set_overwritable
                0x100086c8       0x46 CMakeFiles/myrealmadridrobocup.dir/C_/Program_Files/Raspberry_Pi/Pico_SDK_v1.5.1/pico-sdk/lib/tinyusb/src/common/tusb_fifo.c.obj
                0x100086c8                tu_fifo_set_overwritable
 .text.core1_trampoline
                0x1000870e        0x2 CMakeFiles/myrealmadridrobocup.dir/C_/Program_Files/Raspberry_Pi/Pico_SDK_v1.5.1/pico-sdk/src/rp2_common/pico_multicore/multicore.c.obj
 .text.core1_wrapper
                0x10008710        0xc CMakeFiles/myrealmadridrobocup.dir/C_/Program_Files/Raspberry_Pi/Pico_SDK_v1.5.1/pico-sdk/src/rp2_common/pico_multicore/multicore.c.obj
                0x10008710                core1_wrapper
 .text.multicore_fifo_push_blocking
                0x1000871c       0x14 CMakeFiles/myrealmadridrobocup.dir/C_/Program_Files/Raspberry_Pi/Pico_SDK_v1.5.1/pico-sdk/src/rp2_common/pico_multicore/multicore.c.obj
                0x1000871c                multicore_fifo_push_blocking
 .text.multicore_fifo_pop_blocking
                0x10008730       0x16 CMakeFiles/myrealmadridrobocup.dir/C_/Program_Files/Raspberry_Pi/Pico_SDK_v1.5.1/pico-sdk/src/rp2_common/pico_multicore/multicore.c.obj
                0x10008730                multicore_fifo_pop_blocking
 .text.multicore_launch_core1_raw
                0x10008746       0x6e CMakeFiles/myrealmadridrobocup.dir/C_/Program_Files/Raspberry_Pi/Pico_SDK_v1.5.1/pico-sdk/src/rp2_common/pico_multicore/multicore.c.obj
                0x10008746                multicore_launch_core1_raw
 .text.multicore_launch_core1_with_stack
                0x100087b4       0x50 CMakeFiles/myrealmadridrobocup.dir/C_/Program_Files/Raspberry_Pi/Pico_SDK_v1.5.1/pico-sdk/src/rp2_common/pico_multicore/multicore.c.obj
                0x100087b4                multicore_launch_core1_with_stack
 .text.multicore_launch_core1
                0x10008804       0x24 CMakeFiles/myrealmadridrobocup.dir/C_/Program_Files/Raspberry_Pi/Pico_SDK_v1.5.1/pico-sdk/src/rp2_common/pico_multicore/multicore.c.obj
                0x10008804                multicore_launch_core1
 .text.i2c_write_blocking_internal
                0x10008828      0x140 CMakeFiles/myrealmadridrobocup.dir/C_/Program_Files/Raspberry_Pi/Pico_SDK_v1.5.1/pico-sdk/src/rp2_common/hardware_i2c/i2c.c.obj
 .text.i2c_read_blocking_internal
                0x10008968       0xe6 CMakeFiles/myrealmadridrobocup.dir/C_/Program_Files/Raspberry_Pi/Pico_SDK_v1.5.1/pico-sdk/src/rp2_common/hardware_i2c/i2c.c.obj
 *fill*         0x10008a4e        0x2 
 .text.i2c_set_baudrate
                0x10008a50       0xf0 CMakeFiles/myrealmadridrobocup.dir/C_/Program_Files/Raspberry_Pi/Pico_SDK_v1.5.1/pico-sdk/src/rp2_common/hardware_i2c/i2c.c.obj
                0x10008a50                i2c_set_baudrate
 .text.i2c_init
                0x10008b40       0x58 CMakeFiles/myrealmadridrobocup.dir/C_/Program_Files/Raspberry_Pi/Pico_SDK_v1.5.1/pico-sdk/src/rp2_common/hardware_i2c/i2c.c.obj
                0x10008b40                i2c_init
 .text.i2c_write_blocking
                0x10008b98       0x18 CMakeFiles/myrealmadridrobocup.dir/C_/Program_Files/Raspberry_Pi/Pico_SDK_v1.5.1/pico-sdk/src/rp2_common/hardware_i2c/i2c.c.obj
                0x10008b98                i2c_write_blocking
 .text.i2c_read_blocking
                0x10008bb0       0x18 CMakeFiles/myrealmadridrobocup.dir/C_/Program_Files/Raspberry_Pi/Pico_SDK_v1.5.1/pico-sdk/src/rp2_common/hardware_i2c/i2c.c.obj
                0x10008bb0                i2c_read_blocking
 .text.malloc   0x10008bc8       0x14 c:/progra~1/raspbe~1/picosd~1.1/gcc-ar~1/bin/../lib/gcc/arm-none-eabi/10.3.1/../../../../arm-none-eabi/lib/thumb/v6-m/nofp\libg.a(lib_a-malloc.o)
                0x10008bc8                malloc
 .text.free     0x10008bdc       0x14 c:/progra~1/raspbe~1/picosd~1.1/gcc-ar~1/bin/../lib/gcc/arm-none-eabi/10.3.1/../../../../arm-none-eabi/lib/thumb/v6-m/nofp\libg.a(lib_a-malloc.o)
                0x10008bdc                free
 .text._malloc_r
                0x10008bf0      0x584 c:/progra~1/raspbe~1/picosd~1.1/gcc-ar~1/bin/../lib/gcc/arm-none-eabi/10.3.1/../../../../arm-none-eabi/lib/thumb/v6-m/nofp\libg.a(lib_a-mallocr.o)
                0x10008bf0                _malloc_r
 .text.__malloc_lock
                0x10009174       0x10 c:/progra~1/raspbe~1/picosd~1.1/gcc-ar~1/bin/../lib/gcc/arm-none-eabi/10.3.1/../../../../arm-none-eabi/lib/thumb/v6-m/nofp\libg.a(lib_a-mlock.o)
                0x10009174                __malloc_lock
 .text.__malloc_unlock
                0x10009184       0x10 c:/progra~1/raspbe~1/picosd~1.1/gcc-ar~1/bin/../lib/gcc/arm-none-eabi/10.3.1/../../../../arm-none-eabi/lib/thumb/v6-m/nofp\libg.a(lib_a-mlock.o)
                0x10009184                __malloc_unlock
 .text._sbrk_r  0x10009194       0x24 c:/progra~1/raspbe~1/picosd~1.1/gcc-ar~1/bin/../lib/gcc/arm-none-eabi/10.3.1/../../../../arm-none-eabi/lib/thumb/v6-m/nofp\libg.a(lib_a-sbrkr.o)
                0x10009194                _sbrk_r
 .text.strcpy   0x100091b8       0x10 c:/progra~1/raspbe~1/picosd~1.1/gcc-ar~1/bin/../lib/gcc/arm-none-eabi/10.3.1/../../../../arm-none-eabi/lib/thumb/v6-m/nofp\libg.a(lib_a-strcpy.o)
                0x100091b8                strcpy
 .text.strlen   0x100091c8       0x5c c:/progra~1/raspbe~1/picosd~1.1/gcc-ar~1/bin/../lib/gcc/arm-none-eabi/10.3.1/../../../../arm-none-eabi/lib/thumb/v6-m/nofp\libg.a(lib_a-strlen-stub.o)
                0x100091c8                strlen
 .text._malloc_trim_r
                0x10009224       0x9c c:/progra~1/raspbe~1/picosd~1.1/gcc-ar~1/bin/../lib/gcc/arm-none-eabi/10.3.1/../../../../arm-none-eabi/lib/thumb/v6-m/nofp\libg.a(lib_a-freer.o)
                0x10009224                _malloc_trim_r
 .text._free_r  0x100092c0      0x1c4 c:/progra~1/raspbe~1/picosd~1.1/gcc-ar~1/bin/../lib/gcc/arm-none-eabi/10.3.1/../../../../arm-none-eabi/lib/thumb/v6-m/nofp\libg.a(lib_a-freer.o)
                0x100092c0                _free_r
 .text.__retarget_lock_acquire_recursive
                0x10009484        0x4 c:/progra~1/raspbe~1/picosd~1.1/gcc-ar~1/bin/../lib/gcc/arm-none-eabi/10.3.1/../../../../arm-none-eabi/lib/thumb/v6-m/nofp\libg.a(lib_a-lock.o)
                0x10009484                __retarget_lock_acquire_recursive
 .text.__retarget_lock_release_recursive
                0x10009488        0x4 c:/progra~1/raspbe~1/picosd~1.1/gcc-ar~1/bin/../lib/gcc/arm-none-eabi/10.3.1/../../../../arm-none-eabi/lib/thumb/v6-m/nofp\libg.a(lib_a-lock.o)
                0x10009488                __retarget_lock_release_recursive
 *(.fini)
 .fini          0x1000948c        0x4 c:/progra~1/raspbe~1/picosd~1.1/gcc-ar~1/bin/../lib/gcc/arm-none-eabi/10.3.1/thumb/v6-m/nofp/crti.o
                0x1000948c                _fini
 .fini.__stub   0x10009490      0x110 linker stubs
 *crtbegin.o(.ctors)
 *crtbegin?.o(.ctors)
 *(EXCLUDE_FILE(*crtend.o *crtend?.o) .ctors)
 *(SORT_BY_NAME(.ctors.*))
 *(.ctors)
 *crtbegin.o(.dtors)
 *crtbegin?.o(.dtors)
 *(EXCLUDE_FILE(*crtend.o *crtend?.o) .dtors)
 *(SORT_BY_NAME(.dtors.*))
 *(.dtors)
 *(.eh_frame*)
 .eh_frame      0x100095a0        0x0 c:/progra~1/raspbe~1/picosd~1.1/gcc-ar~1/bin/../lib/gcc/arm-none-eabi/10.3.1/thumb/v6-m/nofp/crtbegin.o
                0x100095a0                . = ALIGN (0x4)

.glue_7         0x100095a0        0x0
 .glue_7        0x100095a0        0x0 linker stubs

.glue_7t        0x100095a0        0x0
 .glue_7t       0x100095a0        0x0 linker stubs

.vfp11_veneer   0x100095a0        0x0
 .vfp11_veneer  0x100095a0        0x0 linker stubs

.v4_bx          0x100095a0        0x0
 .v4_bx         0x100095a0        0x0 linker stubs

.iplt           0x100095a0        0x0
 .iplt          0x100095a0        0x0 c:/progra~1/raspbe~1/picosd~1.1/gcc-ar~1/bin/../lib/gcc/arm-none-eabi/10.3.1/thumb/v6-m/nofp/crtbegin.o

.rodata         0x100095a0     0x1a94
 *(EXCLUDE_FILE(*libm.a: *libc.a:*lib_a-mem*.o *libgcc.a:) .rodata*)
 .rodata.main.str1.4
                0x100095a0       0x31 CMakeFiles/myrealmadridrobocup.dir/main.c.obj
 *fill*         0x100095d1        0x3 
 .rodata.uart_rx_handler.str1.4
                0x100095d4       0x12 CMakeFiles/myrealmadridrobocup.dir/bluetooth.c.obj
 *fill*         0x100095e6        0x2 
 .rodata.initPWM.str1.4
                0x100095e8       0x87 CMakeFiles/myrealmadridrobocup.dir/motor_control.c.obj
 *fill*         0x1000966f        0x1 
 .rodata        0x10009670       0x10 CMakeFiles/myrealmadridrobocup.dir/motor_control.c.obj
 .rodata.__func__.0
                0x10009680        0x8 CMakeFiles/myrealmadridrobocup.dir/motor_control.c.obj
 .rodata.initI2C.str1.4
                0x10009688       0x5a CMakeFiles/myrealmadridrobocup.dir/wheel_control.c.obj
                                 0x62 (size before relaxing)
 *fill*         0x100096e2        0x2 
 .rodata.checkMagnetPresent.str1.4
                0x100096e4       0x3d CMakeFiles/myrealmadridrobocup.dir/wheel_control.c.obj
 .rodata.RAWANGLE_H
                0x10009721        0x1 CMakeFiles/myrealmadridrobocup.dir/wheel_control.c.obj
                0x10009721                RAWANGLE_H
 .rodata.RAWANGLE_L
                0x10009722        0x1 CMakeFiles/myrealmadridrobocup.dir/wheel_control.c.obj
                0x10009722                RAWANGLE_L
 .rodata.STATUS
                0x10009723        0x1 CMakeFiles/myrealmadridrobocup.dir/wheel_control.c.obj
                0x10009723                STATUS
 .rodata.__bi_89.0
                0x10009724        0x8 CMakeFiles/myrealmadridrobocup.dir/wheel_control.c.obj
 .rodata.__bi_90.1
                0x1000972c        0x8 CMakeFiles/myrealmadridrobocup.dir/wheel_control.c.obj
 .rodata.__bi_91.2
                0x10009734        0x8 CMakeFiles/myrealmadridrobocup.dir/wheel_control.c.obj
 .rodata.__bi_92.3
                0x1000973c        0x8 CMakeFiles/myrealmadridrobocup.dir/wheel_control.c.obj
 .rodata.__bi_93.4
                0x10009744        0x8 CMakeFiles/myrealmadridrobocup.dir/wheel_control.c.obj
 .rodata.__bi_11.0
                0x1000974c        0x8 CMakeFiles/myrealmadridrobocup.dir/imu.c.obj
 .rodata.spin_lock_claim_unused.str1.4
                0x10009754       0x1b CMakeFiles/myrealmadridrobocup.dir/C_/Program_Files/Raspberry_Pi/Pico_SDK_v1.5.1/pico-sdk/src/rp2_common/hardware_sync/sync.c.obj
 *fill*         0x1000976f        0x1 
 .rodata.make_branch.str1.4
                0x10009770       0x89 CMakeFiles/myrealmadridrobocup.dir/C_/Program_Files/Raspberry_Pi/Pico_SDK_v1.5.1/pico-sdk/src/rp2_common/hardware_irq/irq.c.obj
 *fill*         0x100097f9        0x3 
 .rodata.insert_branch_and_link.str1.4
                0x100097fc       0x10 CMakeFiles/myrealmadridrobocup.dir/C_/Program_Files/Raspberry_Pi/Pico_SDK_v1.5.1/pico-sdk/src/rp2_common/hardware_irq/irq.c.obj
 .rodata.irq_set_exclusive_handler.str1.4
                0x1000980c       0x36 CMakeFiles/myrealmadridrobocup.dir/C_/Program_Files/Raspberry_Pi/Pico_SDK_v1.5.1/pico-sdk/src/rp2_common/hardware_irq/irq.c.obj
 *fill*         0x10009842        0x2 
 .rodata.irq_add_shared_handler.str1.4
                0x10009844       0xd9 CMakeFiles/myrealmadridrobocup.dir/C_/Program_Files/Raspberry_Pi/Pico_SDK_v1.5.1/pico-sdk/src/rp2_common/hardware_irq/irq.c.obj
 *fill*         0x1000991d        0x3 
 .rodata.irq_remove_handler.str1.4
                0x10009920       0x3a CMakeFiles/myrealmadridrobocup.dir/C_/Program_Files/Raspberry_Pi/Pico_SDK_v1.5.1/pico-sdk/src/rp2_common/hardware_irq/irq.c.obj
 *fill*         0x1000995a        0x2 
 .rodata.irq_add_tail_to_free_list.str1.4
                0x1000995c       0x3a CMakeFiles/myrealmadridrobocup.dir/C_/Program_Files/Raspberry_Pi/Pico_SDK_v1.5.1/pico-sdk/src/rp2_common/hardware_irq/irq.c.obj
 *fill*         0x10009996        0x2 
 .rodata.user_irq_claim_unused.str1.4
                0x10009998       0x1b CMakeFiles/myrealmadridrobocup.dir/C_/Program_Files/Raspberry_Pi/Pico_SDK_v1.5.1/pico-sdk/src/rp2_common/hardware_irq/irq.c.obj
 *fill*         0x100099b3        0x1 
 .rodata.__func__.0
                0x100099b4       0x1a CMakeFiles/myrealmadridrobocup.dir/C_/Program_Files/Raspberry_Pi/Pico_SDK_v1.5.1/pico-sdk/src/rp2_common/hardware_irq/irq.c.obj
 *fill*         0x100099ce        0x2 
 .rodata.__func__.1
                0x100099d0       0x17 CMakeFiles/myrealmadridrobocup.dir/C_/Program_Files/Raspberry_Pi/Pico_SDK_v1.5.1/pico-sdk/src/rp2_common/hardware_irq/irq.c.obj
 *fill*         0x100099e7        0x1 
 .rodata.__func__.2
                0x100099e8       0x13 CMakeFiles/myrealmadridrobocup.dir/C_/Program_Files/Raspberry_Pi/Pico_SDK_v1.5.1/pico-sdk/src/rp2_common/hardware_irq/irq.c.obj
 *fill*         0x100099fb        0x1 
 .rodata.__func__.3
                0x100099fc        0xc CMakeFiles/myrealmadridrobocup.dir/C_/Program_Files/Raspberry_Pi/Pico_SDK_v1.5.1/pico-sdk/src/rp2_common/hardware_irq/irq.c.obj
 .rodata.__func__.4
                0x10009a08        0xf CMakeFiles/myrealmadridrobocup.dir/C_/Program_Files/Raspberry_Pi/Pico_SDK_v1.5.1/pico-sdk/src/rp2_common/hardware_irq/irq.c.obj
 *fill*         0x10009a17        0x1 
 .rodata.__func__.5
                0x10009a18       0x17 CMakeFiles/myrealmadridrobocup.dir/C_/Program_Files/Raspberry_Pi/Pico_SDK_v1.5.1/pico-sdk/src/rp2_common/hardware_irq/irq.c.obj
 *fill*         0x10009a2f        0x1 
 .rodata.__func__.6
                0x10009a30       0x1a CMakeFiles/myrealmadridrobocup.dir/C_/Program_Files/Raspberry_Pi/Pico_SDK_v1.5.1/pico-sdk/src/rp2_common/hardware_irq/irq.c.obj
 *fill*         0x10009a4a        0x2 
 .rodata.str1.4
                0x10009a4c      0x125 CMakeFiles/myrealmadridrobocup.dir/C_/Program_Files/Raspberry_Pi/Pico_SDK_v1.5.1/pico-sdk/src/common/pico_sync/mutex.c.obj
 *fill*         0x10009b71        0x3 
 .rodata.__func__.1
                0x10009b74        0xb CMakeFiles/myrealmadridrobocup.dir/C_/Program_Files/Raspberry_Pi/Pico_SDK_v1.5.1/pico-sdk/src/common/pico_sync/mutex.c.obj
 *fill*         0x10009b7f        0x1 
 .rodata.__func__.3
                0x10009b80       0x18 CMakeFiles/myrealmadridrobocup.dir/C_/Program_Files/Raspberry_Pi/Pico_SDK_v1.5.1/pico-sdk/src/common/pico_sync/mutex.c.obj
 .rodata.__func__.4
                0x10009b98       0x15 CMakeFiles/myrealmadridrobocup.dir/C_/Program_Files/Raspberry_Pi/Pico_SDK_v1.5.1/pico-sdk/src/common/pico_sync/mutex.c.obj
 *fill*         0x10009bad        0x3 
 .rodata.repeating_timer_callback.str1.4
                0x10009bb0       0x67 CMakeFiles/myrealmadridrobocup.dir/C_/Program_Files/Raspberry_Pi/Pico_SDK_v1.5.1/pico-sdk/src/common/pico_time/time.c.obj
 *fill*         0x10009c17        0x1 
 .rodata.timer_pool_entry_comparator.str1.4
                0x10009c18       0x22 CMakeFiles/myrealmadridrobocup.dir/C_/Program_Files/Raspberry_Pi/Pico_SDK_v1.5.1/pico-sdk/src/common/pico_time/time.c.obj
 *fill*         0x10009c3a        0x2 
 .rodata.ph_add_child_node.str1.4
                0x10009c3c       0xb2 CMakeFiles/myrealmadridrobocup.dir/C_/Program_Files/Raspberry_Pi/Pico_SDK_v1.5.1/pico-sdk/src/common/pico_time/time.c.obj
 *fill*         0x10009cee        0x2 
 .rodata.add_alarm_under_lock.str1.4
                0x10009cf0       0x28 CMakeFiles/myrealmadridrobocup.dir/C_/Program_Files/Raspberry_Pi/Pico_SDK_v1.5.1/pico-sdk/src/common/pico_time/time.c.obj
                                 0x2b (size before relaxing)
 .rodata.alarm_pool_alarm_callback.str1.4
                0x10009d18       0x98 CMakeFiles/myrealmadridrobocup.dir/C_/Program_Files/Raspberry_Pi/Pico_SDK_v1.5.1/pico-sdk/src/common/pico_time/time.c.obj
                                0x118 (size before relaxing)
 .rodata.alarm_pool_get_default.str1.4
                0x10009db0       0x21 CMakeFiles/myrealmadridrobocup.dir/C_/Program_Files/Raspberry_Pi/Pico_SDK_v1.5.1/pico-sdk/src/common/pico_time/time.c.obj
 *fill*         0x10009dd1        0x3 
 .rodata.alarm_pool_cancel_alarm.str1.4
                0x10009dd4       0x27 CMakeFiles/myrealmadridrobocup.dir/C_/Program_Files/Raspberry_Pi/Pico_SDK_v1.5.1/pico-sdk/src/common/pico_time/time.c.obj
 *fill*         0x10009dfb        0x1 
 .rodata.sleep_until.str1.4
                0x10009dfc       0x4d CMakeFiles/myrealmadridrobocup.dir/C_/Program_Files/Raspberry_Pi/Pico_SDK_v1.5.1/pico-sdk/src/common/pico_time/time.c.obj
 *fill*         0x10009e49        0x3 
 .rodata.__func__.1
                0x10009e4c       0x18 CMakeFiles/myrealmadridrobocup.dir/C_/Program_Files/Raspberry_Pi/Pico_SDK_v1.5.1/pico-sdk/src/common/pico_time/time.c.obj
 .rodata.__func__.10
                0x10009e64       0x15 CMakeFiles/myrealmadridrobocup.dir/C_/Program_Files/Raspberry_Pi/Pico_SDK_v1.5.1/pico-sdk/src/common/pico_time/time.c.obj
 *fill*         0x10009e79        0x3 
 .rodata.__func__.11
                0x10009e7c       0x1a CMakeFiles/myrealmadridrobocup.dir/C_/Program_Files/Raspberry_Pi/Pico_SDK_v1.5.1/pico-sdk/src/common/pico_time/time.c.obj
 *fill*         0x10009e96        0x2 
 .rodata.__func__.12
                0x10009e98        0xa CMakeFiles/myrealmadridrobocup.dir/C_/Program_Files/Raspberry_Pi/Pico_SDK_v1.5.1/pico-sdk/src/common/pico_time/time.c.obj
 *fill*         0x10009ea2        0x2 
 .rodata.__func__.3
                0x10009ea4       0x17 CMakeFiles/myrealmadridrobocup.dir/C_/Program_Files/Raspberry_Pi/Pico_SDK_v1.5.1/pico-sdk/src/common/pico_time/time.c.obj
 *fill*         0x10009ebb        0x1 
 .rodata.__func__.4
                0x10009ebc       0x12 CMakeFiles/myrealmadridrobocup.dir/C_/Program_Files/Raspberry_Pi/Pico_SDK_v1.5.1/pico-sdk/src/common/pico_time/time.c.obj
 *fill*         0x10009ece        0x2 
 .rodata.__func__.5
                0x10009ed0        0xd CMakeFiles/myrealmadridrobocup.dir/C_/Program_Files/Raspberry_Pi/Pico_SDK_v1.5.1/pico-sdk/src/common/pico_time/time.c.obj
 *fill*         0x10009edd        0x3 
 .rodata.__func__.6
                0x10009ee0       0x12 CMakeFiles/myrealmadridrobocup.dir/C_/Program_Files/Raspberry_Pi/Pico_SDK_v1.5.1/pico-sdk/src/common/pico_time/time.c.obj
 *fill*         0x10009ef2        0x2 
 .rodata.__func__.7
                0x10009ef4        0xf CMakeFiles/myrealmadridrobocup.dir/C_/Program_Files/Raspberry_Pi/Pico_SDK_v1.5.1/pico-sdk/src/common/pico_time/time.c.obj
 *fill*         0x10009f03        0x1 
 .rodata.__func__.8
                0x10009f04        0xc CMakeFiles/myrealmadridrobocup.dir/C_/Program_Files/Raspberry_Pi/Pico_SDK_v1.5.1/pico-sdk/src/common/pico_time/time.c.obj
 .rodata.__func__.9
                0x10009f10       0x15 CMakeFiles/myrealmadridrobocup.dir/C_/Program_Files/Raspberry_Pi/Pico_SDK_v1.5.1/pico-sdk/src/common/pico_time/time.c.obj
 *fill*         0x10009f25        0x3 
 .rodata.hardware_alarm_claim.str1.4
                0x10009f28       0x22 CMakeFiles/myrealmadridrobocup.dir/C_/Program_Files/Raspberry_Pi/Pico_SDK_v1.5.1/pico-sdk/src/rp2_common/hardware_timer/timer.c.obj
 .rodata.busy_wait_us.str1.4
                0x10009f4a       0x7d CMakeFiles/myrealmadridrobocup.dir/C_/Program_Files/Raspberry_Pi/Pico_SDK_v1.5.1/pico-sdk/src/rp2_common/hardware_timer/timer.c.obj
 *fill*         0x10009f4a        0x2 
 .rodata.hardware_alarm_set_target.str1.4
                0x10009f4c       0x81 CMakeFiles/myrealmadridrobocup.dir/C_/Program_Files/Raspberry_Pi/Pico_SDK_v1.5.1/pico-sdk/src/rp2_common/hardware_timer/timer.c.obj
 *fill*         0x10009fcd        0x3 
 .rodata.__func__.0
                0x10009fd0       0x1a CMakeFiles/myrealmadridrobocup.dir/C_/Program_Files/Raspberry_Pi/Pico_SDK_v1.5.1/pico-sdk/src/rp2_common/hardware_timer/timer.c.obj
 *fill*         0x10009fea        0x2 
 .rodata.__func__.1
                0x10009fec       0x15 CMakeFiles/myrealmadridrobocup.dir/C_/Program_Files/Raspberry_Pi/Pico_SDK_v1.5.1/pico-sdk/src/rp2_common/hardware_timer/timer.c.obj